<html>
<body>
<pre>
<h1>µVision Build Log</h1>
<h2>Tool Versions:</h2>
IDE-Version: ¦ÌVision V5.31.0.0
Copyright (C) 2020 ARM Ltd and ARM Germany GmbH. All rights reserved.
License Information: Xue Han, University of Sydney, LIC=----
 
Tool Versions:
Toolchain:       MDK-Lite  Version: 5.31.0.0
Toolchain Path:  D:\Keli_v5\ARM\ARMCC\Bin
C Compiler:      Armcc.exe V5.06 update 6 (build 750)
Assembler:       Armasm.exe V5.06 update 6 (build 750)
Linker/Locator:  ArmLink.exe V5.06 update 6 (build 750)
Library Manager: ArmAr.exe V5.06 update 6 (build 750)
Hex Converter:   FromElf.exe V5.06 update 6 (build 750)
CPU DLL:         SARMCM3.DLL V5.31.0.0
Dialog DLL:      DARMCM1.DLL V1.19.3.0
Target DLL:      STLink\ST-LINKIII-KEIL_SWO.dll V3.0.7.0
Dialog DLL:      TARMCM1.DLL V1.14.2.0
 
<h2>Project:</h2>
D:\learn\5514 materials\labbefore\Lab4 BLEComm\Source Code\Lab4_BLEChat\Projects\Multi\Applications\SampleAppThT\MDK-ARM\STM32L053R8-Nucleo\SampleAppThT.uvprojx
Project File Date:  08/14/2023

<h2>Output:</h2>
*** Using Compiler 'V5.06 update 6 (build 750)', folder: 'D:\Keli_v5\ARM\ARMCC\Bin'
Build target 'SampleApp_CLIENT'
compiling sample_service.c...
compiling hci.c...
..\..\..\..\..\..\Middlewares\ST\STM32_BlueNRG\SimpleBlueNRG_HCI\hci\hci.c(167): warning:  #223-D: function "Hal_Write_Serial" declared implicitly
    Hal_Write_Serial(data1, data2, n_bytes1, n_bytes2);
..\..\..\..\..\..\Middlewares\ST\STM32_BlueNRG\SimpleBlueNRG_HCI\hci\hci.c: 1 warning, 0 errors
linking...
Program Size: Code=16048 RO-data=276 RW-data=120 ZI-data=1928  
FromELF: creating hex file...
"STM32L053R8_NUCLEO\SampleApp_CLIENT.axf" - 0 Error(s), 1 Warning(s).

<h2>Software Packages used:</h2>

Package Vendor: Keil
                http://www.keil.com/pack/Keil.STM32L0xx_DFP.2.0.1.pack
                Keil.STM32L0xx_DFP.2.0.1
                STMicroelectronics STM32L0 Series Device Support, Drivers and Examples

<h2>Collection of Component include folders:</h2>
  D:\Packs\Keil\STM32L0xx_DFP\2.0.1\Drivers\CMSIS\Device\ST\STM32L0xx\Include

<h2>Collection of Component Files used:</h2>
Build Time Elapsed:  00:00:01
</pre>
</body>
</html>
