Component: ARM Compiler 5.06 update 6 (build 750) Tool: armlink [4d35ed]

==============================================================================

Section Cross References

    startup_stm32l053xx.o(RESET) refers to startup_stm32l053xx.o(STACK) for __initial_sp
    startup_stm32l053xx.o(RESET) refers to startup_stm32l053xx.o(.text) for Reset_Handler
    startup_stm32l053xx.o(RESET) refers to stm32xx_it.o(i.NMI_Handler) for NMI_Handler
    startup_stm32l053xx.o(RESET) refers to stm32xx_it.o(i.HardFault_Handler) for HardFault_Handler
    startup_stm32l053xx.o(RESET) refers to stm32xx_it.o(i.SVC_Handler) for SVC_Handler
    startup_stm32l053xx.o(RESET) refers to stm32xx_it.o(i.PendSV_Handler) for PendSV_Handler
    startup_stm32l053xx.o(RESET) refers to stm32xx_it.o(i.SysTick_Handler) for SysTick_Handler
    startup_stm32l053xx.o(RESET) refers to stm32xx_it.o(i.EXTI0_1_IRQHandler) for EXTI0_1_IRQHandler
    startup_stm32l053xx.o(RESET) refers to stm32xx_it.o(i.EXTI4_15_IRQHandler) for EXTI4_15_IRQHandler
    startup_stm32l053xx.o(.text) refers to system_stm32l0xx.o(i.SystemInit) for SystemInit
    startup_stm32l053xx.o(.text) refers to entry.o(.ARM.Collect$$$$00000000) for __main
    main.o(i.User_Process) refers to sensor_service.o(i.setConnectable) for setConnectable
    main.o(i.User_Process) refers to stm32l0xx_nucleo.o(i.BSP_PB_GetState) for BSP_PB_GetState
    main.o(i.User_Process) refers to sensor_service.o(i.Acc_Update) for Acc_Update
    main.o(i.User_Process) refers to sensor_service.o(.data) for set_connectable
    main.o(i.main) refers to stm32l0xx_hal.o(i.HAL_Init) for HAL_Init
    main.o(i.main) refers to stm32l0xx_nucleo.o(i.BSP_PB_Init) for BSP_PB_Init
    main.o(i.main) refers to cube_hal_l0.o(i.SystemClock_Config) for SystemClock_Config
    main.o(i.main) refers to stm32_bluenrg_ble.o(i.BNRG_SPI_Init) for BNRG_SPI_Init
    main.o(i.main) refers to hci.o(i.HCI_Init) for HCI_Init
    main.o(i.main) refers to stm32_bluenrg_ble.o(i.BlueNRG_RST) for BlueNRG_RST
    main.o(i.main) refers to bluenrg_utils_small.o(i.getBlueNRGVersion) for getBlueNRGVersion
    main.o(i.main) refers to osal.o(i.Osal_MemCpy) for Osal_MemCpy
    main.o(i.main) refers to bluenrg_hal_aci.o(i.aci_hal_write_config_data) for aci_hal_write_config_data
    main.o(i.main) refers to bluenrg_gatt_aci.o(i.aci_gatt_init) for aci_gatt_init
    main.o(i.main) refers to bluenrg_gap_aci.o(i.aci_gap_init_IDB04A1) for aci_gap_init_IDB04A1
    main.o(i.main) refers to strlen.o(.text) for strlen
    main.o(i.main) refers to bluenrg_gatt_aci.o(i.aci_gatt_update_char_value) for aci_gatt_update_char_value
    main.o(i.main) refers to bluenrg_gap_aci.o(i.aci_gap_init_IDB05A1) for aci_gap_init_IDB05A1
    main.o(i.main) refers to bluenrg_gap_aci.o(i.aci_gap_set_auth_requirement) for aci_gap_set_auth_requirement
    main.o(i.main) refers to sensor_service.o(i.Add_Acc_Service) for Add_Acc_Service
    main.o(i.main) refers to sensor_service.o(i.Add_Environmental_Sensor_Service) for Add_Environmental_Sensor_Service
    main.o(i.main) refers to bluenrg_hal_aci.o(i.aci_hal_set_tx_power_level) for aci_hal_set_tx_power_level
    main.o(i.main) refers to hci.o(i.HCI_Process) for HCI_Process
    main.o(i.main) refers to main.o(i.User_Process) for User_Process
    main.o(i.main) refers to main.o(.data) for .data
    main.o(i.main) refers to sensor_service.o(.bss) for axes_data
    bluenrg_interface.o(i.HAL_GPIO_EXTI_Callback) refers to hci.o(i.HCI_Isr) for HCI_Isr
    sensor_service.o(i.Acc_Update) refers to bluenrg_gatt_aci.o(i.aci_gatt_update_char_value) for aci_gatt_update_char_value
    sensor_service.o(i.Acc_Update) refers to sensor_service.o(.data) for .data
    sensor_service.o(i.Add_Acc_Service) refers to bluenrg_gatt_aci.o(i.aci_gatt_add_serv) for aci_gatt_add_serv
    sensor_service.o(i.Add_Acc_Service) refers to bluenrg_gatt_aci.o(i.aci_gatt_add_char) for aci_gatt_add_char
    sensor_service.o(i.Add_Acc_Service) refers to sensor_service.o(.data) for .data
    sensor_service.o(i.Add_Environmental_Sensor_Service) refers to bluenrg_gatt_aci.o(i.aci_gatt_add_serv) for aci_gatt_add_serv
    sensor_service.o(i.Add_Environmental_Sensor_Service) refers to bluenrg_gatt_aci.o(i.aci_gatt_add_char) for aci_gatt_add_char
    sensor_service.o(i.Add_Environmental_Sensor_Service) refers to bluenrg_gatt_aci.o(i.aci_gatt_add_char_desc) for aci_gatt_add_char_desc
    sensor_service.o(i.Add_Environmental_Sensor_Service) refers to sensor_service.o(.data) for .data
    sensor_service.o(i.Free_Fall_Notify) refers to bluenrg_gatt_aci.o(i.aci_gatt_update_char_value) for aci_gatt_update_char_value
    sensor_service.o(i.Free_Fall_Notify) refers to sensor_service.o(.data) for .data
    sensor_service.o(i.GAP_ConnectionComplete_CB) refers to sensor_service.o(.data) for .data
    sensor_service.o(i.GAP_DisconnectionComplete_CB) refers to sensor_service.o(.data) for .data
[...]
    Removing stm32l0xx_hal.o(i.HAL_DBGMCU_DisableDBGSleepMode), (16 bytes).
    Removing stm32l0xx_hal.o(i.HAL_DBGMCU_DisableDBGStandbyMode), (16 bytes).
    Removing stm32l0xx_hal.o(i.HAL_DBGMCU_DisableDBGStopMode), (16 bytes).
    Removing stm32l0xx_hal.o(i.HAL_DBGMCU_EnableDBGSleepMode), (16 bytes).
    Removing stm32l0xx_hal.o(i.HAL_DBGMCU_EnableDBGStandbyMode), (16 bytes).
    Removing stm32l0xx_hal.o(i.HAL_DBGMCU_EnableDBGStopMode), (16 bytes).
    Removing stm32l0xx_hal.o(i.HAL_DeInit), (40 bytes).
    Removing stm32l0xx_hal.o(i.HAL_GetDEVID), (16 bytes).
    Removing stm32l0xx_hal.o(i.HAL_GetHalVersion), (6 bytes).
    Removing stm32l0xx_hal.o(i.HAL_GetREVID), (12 bytes).
    Removing stm32l0xx_hal.o(i.HAL_MspDeInit), (2 bytes).
    Removing stm32l0xx_hal.o(i.HAL_ResumeTick), (16 bytes).
    Removing stm32l0xx_hal.o(i.HAL_SYSCFG_Disable_Lock_VREFINT), (16 bytes).
    Removing stm32l0xx_hal.o(i.HAL_SYSCFG_Enable_Lock_VREFINT), (16 bytes).
    Removing stm32l0xx_hal.o(i.HAL_SYSCFG_GetBootMode), (16 bytes).
    Removing stm32l0xx_hal.o(i.HAL_SYSCFG_VREFINT_OutputSelect), (24 bytes).
    Removing stm32l0xx_hal.o(i.HAL_SuspendTick), (16 bytes).
    Removing stm32l0xx_hal_adc.o(.rev16_text), (4 bytes).
    Removing stm32l0xx_hal_adc.o(.revsh_text), (4 bytes).
    Removing stm32l0xx_hal_adc.o(i.ADC_ConversionStop), (82 bytes).
    Removing stm32l0xx_hal_adc.o(i.ADC_DMAConvCplt), (108 bytes).
    Removing stm32l0xx_hal_adc.o(i.ADC_DMAError), (26 bytes).
    Removing stm32l0xx_hal_adc.o(i.ADC_DMAHalfConvCplt), (10 bytes).
    Removing stm32l0xx_hal_adc.o(i.ADC_DelayMicroSecond), (36 bytes).
    Removing stm32l0xx_hal_adc.o(i.ADC_Disable), (96 bytes).
    Removing stm32l0xx_hal_adc.o(i.ADC_Enable), (100 bytes).
    Removing stm32l0xx_hal_adc.o(i.HAL_ADC_AnalogWDGConfig), (156 bytes).
    Removing stm32l0xx_hal_adc.o(i.HAL_ADC_ConfigChannel), (184 bytes).
    Removing stm32l0xx_hal_adc.o(i.HAL_ADC_ConvCpltCallback), (2 bytes).
    Removing stm32l0xx_hal_adc.o(i.HAL_ADC_ConvHalfCpltCallback), (2 bytes).
    Removing stm32l0xx_hal_adc.o(i.HAL_ADC_DeInit), (180 bytes).
    Removing stm32l0xx_hal_adc.o(i.HAL_ADC_ErrorCallback), (2 bytes).
    Removing stm32l0xx_hal_adc.o(i.HAL_ADC_GetError), (4 bytes).
    Removing stm32l0xx_hal_adc.o(i.HAL_ADC_GetState), (4 bytes).
    Removing stm32l0xx_hal_adc.o(i.HAL_ADC_GetValue), (6 bytes).
    Removing stm32l0xx_hal_adc.o(i.HAL_ADC_IRQHandler), (214 bytes).
    Removing stm32l0xx_hal_adc.o(i.HAL_ADC_Init), (452 bytes).
    Removing stm32l0xx_hal_adc.o(i.HAL_ADC_LevelOutOfWindowCallback), (2 bytes).
    Removing stm32l0xx_hal_adc.o(i.HAL_ADC_MspDeInit), (2 bytes).
    Removing stm32l0xx_hal_adc.o(i.HAL_ADC_MspInit), (2 bytes).
    Removing stm32l0xx_hal_adc.o(i.HAL_ADC_PollForConversion), (190 bytes).
    Removing stm32l0xx_hal_adc.o(i.HAL_ADC_PollForEvent), (116 bytes).
    Removing stm32l0xx_hal_adc.o(i.HAL_ADC_Start), (92 bytes).
    Removing stm32l0xx_hal_adc.o(i.HAL_ADC_Start_DMA), (160 bytes).
    Removing stm32l0xx_hal_adc.o(i.HAL_ADC_Start_IT), (124 bytes).
    Removing stm32l0xx_hal_adc.o(i.HAL_ADC_Stop), (62 bytes).
    Removing stm32l0xx_hal_adc.o(i.HAL_ADC_Stop_DMA), (112 bytes).
    Removing stm32l0xx_hal_adc.o(i.HAL_ADC_Stop_IT), (72 bytes).
    Removing stm32l0xx_hal_adc_ex.o(.rev16_text), (4 bytes).
    Removing stm32l0xx_hal_adc_ex.o(.revsh_text), (4 bytes).
    Removing stm32l0xx_hal_adc_ex.o(i.HAL_ADCEx_Calibration_GetValue), (12 bytes).
    Removing stm32l0xx_hal_adc_ex.o(i.HAL_ADCEx_Calibration_SetValue), (94 bytes).
    Removing stm32l0xx_hal_adc_ex.o(i.HAL_ADCEx_Calibration_Start), (170 bytes).
    Removing stm32l0xx_hal_adc_ex.o(i.HAL_ADCEx_DisableVREFINT), (16 bytes).
    Removing stm32l0xx_hal_adc_ex.o(i.HAL_ADCEx_DisableVREFINTTempSensor), (16 bytes).
    Removing stm32l0xx_hal_adc_ex.o(i.HAL_ADCEx_EnableVREFINT), (48 bytes).
    Removing stm32l0xx_hal_adc_ex.o(i.HAL_ADCEx_EnableVREFINTTempSensor), (48 bytes).
    Removing stm32l0xx_hal_cortex.o(.rev16_text), (4 bytes).
    Removing stm32l0xx_hal_cortex.o(.revsh_text), (4 bytes).
    Removing stm32l0xx_hal_cortex.o(i.HAL_MPU_ConfigRegion), (80 bytes).
    Removing stm32l0xx_hal_cortex.o(i.HAL_NVIC_ClearPendingIRQ), (20 bytes).
    Removing stm32l0xx_hal_cortex.o(i.HAL_NVIC_GetPendingIRQ), (28 bytes).
    Removing stm32l0xx_hal_cortex.o(i.HAL_NVIC_GetPriority), (52 bytes).
    Removing stm32l0xx_hal_cortex.o(i.HAL_NVIC_SetPendingIRQ), (20 bytes).
    Removing stm32l0xx_hal_cortex.o(i.HAL_NVIC_SystemReset), (28 bytes).
    Removing stm32l0xx_hal_cortex.o(i.HAL_SYSTICK_CLKSourceConfig), (24 bytes).
    Removing stm32l0xx_hal_cortex.o(i.HAL_SYSTICK_Callback), (2 bytes).
    Removing stm32l0xx_hal_cortex.o(i.HAL_SYSTICK_IRQHandler), (8 bytes).
    Removing stm32l0xx_hal_dma.o(.rev16_text), (4 bytes).
    Removing stm32l0xx_hal_dma.o(.revsh_text), (4 bytes).
    Removing stm32l0xx_hal_dma.o(i.DMA_SetConfig), (30 bytes).
    Removing stm32l0xx_hal_dma.o(i.HAL_DMA_Abort), (76 bytes).
    Removing stm32l0xx_hal_dma.o(i.HAL_DMA_Abort_IT), (152 bytes).
    Removing stm32l0xx_hal_dma.o(i.HAL_DMA_DeInit), (468 bytes).
    Removing stm32l0xx_hal_dma.o(i.HAL_DMA_GetError), (4 bytes).
    Removing stm32l0xx_hal_dma.o(i.HAL_DMA_GetState), (6 bytes).
    Removing stm32l0xx_hal_dma.o(i.HAL_DMA_IRQHandler), (640 bytes).
    Removing stm32l0xx_hal_dma.o(i.HAL_DMA_Init), (264 bytes).
    Removing stm32l0xx_hal_dma.o(i.HAL_DMA_PollForTransfer), (616 bytes).
    Removing stm32l0xx_hal_dma.o(i.HAL_DMA_Start), (50 bytes).
    Removing stm32l0xx_hal_dma.o(i.HAL_DMA_Start_IT), (78 bytes).
    Removing stm32l0xx_hal_flash.o(.rev16_text), (4 bytes).
    Removing stm32l0xx_hal_flash.o(.revsh_text), (4 bytes).
    Removing stm32l0xx_hal_flash.o(i.FLASH_SetErrorCode), (144 bytes).
    Removing stm32l0xx_hal_flash.o(i.FLASH_WaitForLastOperation), (112 bytes).
    Removing stm32l0xx_hal_flash.o(i.HAL_FLASH_EndOfOperationCallback), (2 bytes).
    Removing stm32l0xx_hal_flash.o(i.HAL_FLASH_GetError), (12 bytes).
    Removing stm32l0xx_hal_flash.o(i.HAL_FLASH_IRQHandler), (220 bytes).
    Removing stm32l0xx_hal_flash.o(i.HAL_FLASH_Lock), (20 bytes).
    Removing stm32l0xx_hal_flash.o(i.HAL_FLASH_OB_Launch), (32 bytes).
    Removing stm32l0xx_hal_flash.o(i.HAL_FLASH_OB_Lock), (20 bytes).
    Removing stm32l0xx_hal_flash.o(i.HAL_FLASH_OB_Unlock), (60 bytes).
    Removing stm32l0xx_hal_flash.o(i.HAL_FLASH_OperationErrorCallback), (2 bytes).
    Removing stm32l0xx_hal_flash.o(i.HAL_FLASH_Program), (60 bytes).
    Removing stm32l0xx_hal_flash.o(i.HAL_FLASH_Program_IT), (60 bytes).
    Removing stm32l0xx_hal_flash.o(i.HAL_FLASH_Unlock), (60 bytes).
    Removing stm32l0xx_hal_flash.o(.bss), (24 bytes).
    Removing stm32l0xx_hal_flash_ex.o(.rev16_text), (4 bytes).
    Removing stm32l0xx_hal_flash_ex.o(.revsh_text), (4 bytes).
    Removing stm32l0xx_hal_flash_ex.o(i.FLASH_OB_ProtectedSectorsConfig), (80 bytes).
    Removing stm32l0xx_hal_flash_ex.o(i.FLASH_PageErase), (44 bytes).
    Removing stm32l0xx_hal_flash_ex.o(i.HAL_FLASHEx_AdvOBGetConfig), (24 bytes).
    Removing stm32l0xx_hal_flash_ex.o(i.HAL_FLASHEx_AdvOBProgram), (24 bytes).
    Removing stm32l0xx_hal_flash_ex.o(i.HAL_FLASHEx_DATAEEPROM_DisableFixedTimeProgram), (16 bytes).
    Removing stm32l0xx_hal_flash_ex.o(i.HAL_FLASHEx_DATAEEPROM_EnableFixedTimeProgram), (16 bytes).
    Removing stm32l0xx_hal_flash_ex.o(i.HAL_FLASHEx_DATAEEPROM_Erase), (40 bytes).
    Removing stm32l0xx_hal_flash_ex.o(i.HAL_FLASHEx_DATAEEPROM_Lock), (20 bytes).
    Removing stm32l0xx_hal_flash_ex.o(i.HAL_FLASHEx_DATAEEPROM_Program), (84 bytes).
    Removing stm32l0xx_hal_flash_ex.o(i.HAL_FLASHEx_DATAEEPROM_Unlock), (36 bytes).
    Removing stm32l0xx_hal_flash_ex.o(i.HAL_FLASHEx_Erase), (120 bytes).
    Removing stm32l0xx_hal_flash_ex.o(i.HAL_FLASHEx_Erase_IT), (92 bytes).
    Removing stm32l0xx_hal_flash_ex.o(i.HAL_FLASHEx_OBGetConfig), (44 bytes).
    Removing stm32l0xx_hal_flash_ex.o(i.HAL_FLASHEx_OBProgram), (292 bytes).
    Removing stm32l0xx_hal_flash_ex.o(i.HAL_FLASHEx_OB_DeSelectPCROP), (52 bytes).
    Removing stm32l0xx_hal_flash_ex.o(i.HAL_FLASHEx_OB_SelectPCROP), (56 bytes).
    Removing stm32l0xx_hal_gpio.o(.rev16_text), (4 bytes).
    Removing stm32l0xx_hal_gpio.o(.revsh_text), (4 bytes).
    Removing stm32l0xx_hal_gpio.o(i.HAL_GPIO_DeInit), (228 bytes).
    Removing stm32l0xx_hal_gpio.o(i.HAL_GPIO_EXTI_Callback), (2 bytes).
    Removing stm32l0xx_hal_gpio.o(i.HAL_GPIO_LockPin), (36 bytes).
    Removing stm32l0xx_hal_gpio.o(i.HAL_GPIO_TogglePin), (8 bytes).
    Removing stm32l0xx_hal_pwr.o(.rev16_text), (4 bytes).
    Removing stm32l0xx_hal_pwr.o(.revsh_text), (4 bytes).
    Removing stm32l0xx_hal_pwr.o(i.HAL_PWR_ConfigPVD), (104 bytes).
    Removing stm32l0xx_hal_pwr.o(i.HAL_PWR_DeInit), (24 bytes).
    Removing stm32l0xx_hal_pwr.o(i.HAL_PWR_DisableBkUpAccess), (16 bytes).
    Removing stm32l0xx_hal_pwr.o(i.HAL_PWR_DisablePVD), (16 bytes).
    Removing stm32l0xx_hal_pwr.o(i.HAL_PWR_DisableSEVOnPend), (16 bytes).
    Removing stm32l0xx_hal_pwr.o(i.HAL_PWR_DisableSleepOnExit), (16 bytes).
    Removing stm32l0xx_hal_pwr.o(i.HAL_PWR_DisableWakeUpPin), (16 bytes).
    Removing stm32l0xx_hal_pwr.o(i.HAL_PWR_EnableBkUpAccess), (16 bytes).
    Removing stm32l0xx_hal_pwr.o(i.HAL_PWR_EnablePVD), (16 bytes).
    Removing stm32l0xx_hal_pwr.o(i.HAL_PWR_EnableSEVOnPend), (16 bytes).
    Removing stm32l0xx_hal_pwr.o(i.HAL_PWR_EnableSleepOnExit), (16 bytes).
    Removing stm32l0xx_hal_pwr.o(i.HAL_PWR_EnableWakeUpPin), (16 bytes).
    Removing stm32l0xx_hal_pwr.o(i.HAL_PWR_EnterSLEEPMode), (48 bytes).
    Removing stm32l0xx_hal_pwr.o(i.HAL_PWR_EnterSTANDBYMode), (32 bytes).
    Removing stm32l0xx_hal_pwr.o(i.HAL_PWR_EnterSTOPMode), (52 bytes).
    Removing stm32l0xx_hal_pwr.o(i.HAL_PWR_PVDCallback), (2 bytes).
    Removing stm32l0xx_hal_pwr.o(i.HAL_PWR_PVD_IRQHandler), (28 bytes).
    Removing stm32l0xx_hal_pwr_ex.o(.rev16_text), (4 bytes).
    Removing stm32l0xx_hal_pwr_ex.o(.revsh_text), (4 bytes).
    Removing stm32l0xx_hal_pwr_ex.o(i.HAL_PWREx_DisableFastWakeUp), (16 bytes).
    Removing stm32l0xx_hal_pwr_ex.o(i.HAL_PWREx_DisableLowPowerRunMode), (76 bytes).
    Removing stm32l0xx_hal_pwr_ex.o(i.HAL_PWREx_DisableUltraLowPower), (16 bytes).
    Removing stm32l0xx_hal_pwr_ex.o(i.HAL_PWREx_EnableFastWakeUp), (16 bytes).
    Removing stm32l0xx_hal_pwr_ex.o(i.HAL_PWREx_EnableLowPowerRunMode), (24 bytes).
    Removing stm32l0xx_hal_pwr_ex.o(i.HAL_PWREx_EnableUltraLowPower), (16 bytes).
    Removing stm32l0xx_hal_pwr_ex.o(i.HAL_PWREx_GetVoltageRange), (16 bytes).
    Removing stm32l0xx_hal_rcc.o(.rev16_text), (4 bytes).
    Removing stm32l0xx_hal_rcc.o(.revsh_text), (4 bytes).
    Removing stm32l0xx_hal_rcc.o(i.HAL_RCC_CSSCallback), (2 bytes).
    Removing stm32l0xx_hal_rcc.o(i.HAL_RCC_DeInit), (108 bytes).
    Removing stm32l0xx_hal_rcc.o(i.HAL_RCC_EnableCSS), (20 bytes).
    Removing stm32l0xx_hal_rcc.o(i.HAL_RCC_GetClockConfig), (64 bytes).
    Removing stm32l0xx_hal_rcc.o(i.HAL_RCC_GetHCLKFreq), (12 bytes).
    Removing stm32l0xx_hal_rcc.o(i.HAL_RCC_GetOscConfig), (192 bytes).
    Removing stm32l0xx_hal_rcc.o(i.HAL_RCC_GetPCLK1Freq), (32 bytes).
    Removing stm32l0xx_hal_rcc.o(i.HAL_RCC_GetPCLK2Freq), (32 bytes).
    Removing stm32l0xx_hal_rcc.o(i.HAL_RCC_MCOConfig), (96 bytes).
    Removing stm32l0xx_hal_rcc.o(i.HAL_RCC_NMI_IRQHandler), (24 bytes).
    Removing stm32l0xx_hal_rcc_ex.o(.rev16_text), (4 bytes).
    Removing stm32l0xx_hal_rcc_ex.o(.revsh_text), (4 bytes).
    Removing stm32l0xx_hal_rcc_ex.o(i.HAL_RCCEx_CRSConfig), (72 bytes).
    Removing stm32l0xx_hal_rcc_ex.o(i.HAL_RCCEx_CRSGetSynchronizationInfo), (40 bytes).
    Removing stm32l0xx_hal_rcc_ex.o(i.HAL_RCCEx_CRSSoftwareSynchronizationGenerate), (16 bytes).
    Removing stm32l0xx_hal_rcc_ex.o(i.HAL_RCCEx_CRSWaitSynchronization), (120 bytes).
    Removing stm32l0xx_hal_rcc_ex.o(i.HAL_RCCEx_CRS_ErrorCallback), (2 bytes).
    Removing stm32l0xx_hal_rcc_ex.o(i.HAL_RCCEx_CRS_ExpectedSyncCallback), (2 bytes).
    Removing stm32l0xx_hal_rcc_ex.o(i.HAL_RCCEx_CRS_IRQHandler), (112 bytes).
    Removing stm32l0xx_hal_rcc_ex.o(i.HAL_RCCEx_CRS_SyncOkCallback), (2 bytes).
    Removing stm32l0xx_hal_rcc_ex.o(i.HAL_RCCEx_CRS_SyncWarnCallback), (2 bytes).
    Removing stm32l0xx_hal_rcc_ex.o(i.HAL_RCCEx_DisableHSI48_VREFINT), (16 bytes).
    Removing stm32l0xx_hal_rcc_ex.o(i.HAL_RCCEx_DisableLSECSS), (32 bytes).
    Removing stm32l0xx_hal_rcc_ex.o(i.HAL_RCCEx_EnableHSI48_VREFINT), (16 bytes).
    Removing stm32l0xx_hal_rcc_ex.o(i.HAL_RCCEx_EnableLSECSS), (20 bytes).
    Removing stm32l0xx_hal_rcc_ex.o(i.HAL_RCCEx_EnableLSECSS_IT), (52 bytes).
    Removing stm32l0xx_hal_rcc_ex.o(i.HAL_RCCEx_GetPeriphCLKConfig), (112 bytes).
    Removing stm32l0xx_hal_rcc_ex.o(i.HAL_RCCEx_GetPeriphCLKFreq), (420 bytes).
    Removing stm32l0xx_hal_rcc_ex.o(i.HAL_RCCEx_LSECSS_Callback), (2 bytes).
    Removing stm32l0xx_hal_rcc_ex.o(i.HAL_RCCEx_LSECSS_IRQHandler), (24 bytes).
    Removing stm32l0xx_hal_rcc_ex.o(i.HAL_RCCEx_PeriphCLKConfig), (408 bytes).
    Removing stm32l0xx_hal_spi.o(.rev16_text), (4 bytes).
    Removing stm32l0xx_hal_spi.o(.revsh_text), (4 bytes).
    Removing stm32l0xx_hal_spi.o(i.HAL_SPI_DMAPause), (46 bytes).
    Removing stm32l0xx_hal_spi.o(i.HAL_SPI_DMAResume), (44 bytes).
    Removing stm32l0xx_hal_spi.o(i.HAL_SPI_DMAStop), (54 bytes).
    Removing stm32l0xx_hal_spi.o(i.HAL_SPI_DeInit), (48 bytes).
    Removing stm32l0xx_hal_spi.o(i.HAL_SPI_ErrorCallback), (2 bytes).
    Removing stm32l0xx_hal_spi.o(i.HAL_SPI_GetError), (4 bytes).
    Removing stm32l0xx_hal_spi.o(i.HAL_SPI_GetState), (6 bytes).
    Removing stm32l0xx_hal_spi.o(i.HAL_SPI_IRQHandler), (194 bytes).
    Removing stm32l0xx_hal_spi.o(i.HAL_SPI_MspDeInit), (2 bytes).
    Removing stm32l0xx_hal_spi.o(i.HAL_SPI_MspInit), (2 bytes).
    Removing stm32l0xx_hal_spi.o(i.HAL_SPI_Receive), (468 bytes).
    Removing stm32l0xx_hal_spi.o(i.HAL_SPI_Receive_DMA), (228 bytes).
    Removing stm32l0xx_hal_spi.o(i.HAL_SPI_Receive_IT), (172 bytes).
    Removing stm32l0xx_hal_spi.o(i.HAL_SPI_RxCpltCallback), (2 bytes).
    Removing stm32l0xx_hal_spi.o(i.HAL_SPI_RxHalfCpltCallback), (2 bytes).
    Removing stm32l0xx_hal_spi.o(i.HAL_SPI_Transmit), (336 bytes).
    Removing stm32l0xx_hal_spi.o(i.HAL_SPI_TransmitReceive_DMA), (256 bytes).
    Removing stm32l0xx_hal_spi.o(i.HAL_SPI_TransmitReceive_IT), (164 bytes).
    Removing stm32l0xx_hal_spi.o(i.HAL_SPI_Transmit_DMA), (208 bytes).
    Removing stm32l0xx_hal_spi.o(i.HAL_SPI_Transmit_IT), (160 bytes).
    Removing stm32l0xx_hal_spi.o(i.HAL_SPI_TxCpltCallback), (2 bytes).
    Removing stm32l0xx_hal_spi.o(i.HAL_SPI_TxHalfCpltCallback), (2 bytes).
    Removing stm32l0xx_hal_spi.o(i.HAL_SPI_TxRxCpltCallback), (2 bytes).
    Removing stm32l0xx_hal_spi.o(i.HAL_SPI_TxRxHalfCpltCallback), (2 bytes).
    Removing stm32l0xx_hal_spi.o(i.SPI_2LinesRxISR), (48 bytes).
    Removing stm32l0xx_hal_spi.o(i.SPI_DMAError), (30 bytes).
    Removing stm32l0xx_hal_spi.o(i.SPI_DMAHalfReceiveCplt), (10 bytes).
    Removing stm32l0xx_hal_spi.o(i.SPI_DMAHalfTransmitCplt), (10 bytes).
    Removing stm32l0xx_hal_spi.o(i.SPI_DMAHalfTransmitReceiveCplt), (10 bytes).
    Removing stm32l0xx_hal_spi.o(i.SPI_DMAReceiveCplt), (188 bytes).
    Removing stm32l0xx_hal_spi.o(i.SPI_DMATransmitCplt), (112 bytes).
    Removing stm32l0xx_hal_spi.o(i.SPI_DMATransmitReceiveCplt), (194 bytes).
    Removing stm32l0xx_hal_spi.o(i.SPI_RxCloseIRQHandler), (208 bytes).
    Removing stm32l0xx_hal_spi.o(i.SPI_RxISR), (78 bytes).
    Removing stm32l0xx_hal_spi.o(i.SPI_TxCloseIRQHandler), (132 bytes).
    Removing stm32l0xx_hal_spi.o(i.SPI_TxISR), (72 bytes).
    Removing hci.o(.rev16_text), (4 bytes).
    Removing hci.o(.revsh_text), (4 bytes).
    Removing hci.o(i.hci_timeout_callback), (12 bytes).
    Removing hci_le.o(.rev16_text), (4 bytes).
    Removing hci_le.o(.revsh_text), (4 bytes).
    Removing hci_le.o(i.hci_disconnect), (70 bytes).
    Removing hci_le.o(i.hci_le_add_device_to_white_list), (76 bytes).
    Removing hci_le.o(i.hci_le_clear_white_list), (54 bytes).
    Removing hci_le.o(i.hci_le_create_connection), (160 bytes).
    Removing hci_le.o(i.hci_le_create_connection_cancel), (54 bytes).
    Removing hci_le.o(i.hci_le_encrypt), (116 bytes).
    Removing hci_le.o(i.hci_le_ltk_request_neg_reply), (80 bytes).
    Removing hci_le.o(i.hci_le_ltk_request_reply), (92 bytes).
    Removing hci_le.o(i.hci_le_rand), (90 bytes).
    Removing hci_le.o(i.hci_le_read_advertising_channel_tx_power), (86 bytes).
    Removing hci_le.o(i.hci_le_read_buffer_size), (100 bytes).
    Removing hci_le.o(i.hci_le_read_channel_map), (96 bytes).
    Removing hci_le.o(i.hci_le_read_local_supported_features), (84 bytes).
    Removing hci_le.o(i.hci_le_read_supported_states), (84 bytes).
    Removing hci_le.o(i.hci_le_read_white_list_size), (78 bytes).
    Removing hci_le.o(i.hci_le_receiver_test), (64 bytes).
    Removing hci_le.o(i.hci_le_remove_device_from_white_list), (76 bytes).
    Removing hci_le.o(i.hci_le_set_advertise_enable), (86 bytes).
    Removing hci_le.o(i.hci_le_set_advertising_data), (96 bytes).
    Removing hci_le.o(i.hci_le_set_advertising_parameters), (122 bytes).
    Removing hci_le.o(i.hci_le_set_random_address), (86 bytes).
    Removing hci_le.o(i.hci_le_set_scan_enable), (92 bytes).
    Removing hci_le.o(i.hci_le_set_scan_parameters), (102 bytes).
    Removing hci_le.o(i.hci_le_test_end), (84 bytes).
    Removing hci_le.o(i.hci_le_transmitter_test), (70 bytes).
    Removing hci_le.o(i.hci_read_bd_addr), (90 bytes).
    Removing hci_le.o(i.hci_read_rssi), (104 bytes).
    Removing hci_le.o(i.hci_read_transmit_power_level), (108 bytes).
    Removing hci_le.o(i.hci_reset), (52 bytes).
    Removing bluenrg_gap_aci.o(.rev16_text), (4 bytes).
    Removing bluenrg_gap_aci.o(.revsh_text), (4 bytes).
    Removing bluenrg_gap_aci.o(i.aci_gap_allow_rebond_IDB04A1), (54 bytes).
    Removing bluenrg_gap_aci.o(i.aci_gap_allow_rebond_IDB05A1), (66 bytes).
    Removing bluenrg_gap_aci.o(i.aci_gap_authorization_response), (68 bytes).
    Removing bluenrg_gap_aci.o(i.aci_gap_clear_security_database), (54 bytes).
    Removing bluenrg_gap_aci.o(i.aci_gap_configure_whitelist), (54 bytes).
    Removing bluenrg_gap_aci.o(i.aci_gap_create_connection), (114 bytes).
    Removing bluenrg_gap_aci.o(i.aci_gap_delete_ad_type), (64 bytes).
    Removing bluenrg_gap_aci.o(i.aci_gap_get_bonded_devices), (100 bytes).
    Removing bluenrg_gap_aci.o(i.aci_gap_get_security_level), (104 bytes).
    Removing bluenrg_gap_aci.o(i.aci_gap_is_device_bonded), (76 bytes).
    Removing bluenrg_gap_aci.o(i.aci_gap_pass_key_response), (80 bytes).
    Removing bluenrg_gap_aci.o(i.aci_gap_resolve_private_address_IDB04A1), (74 bytes).
    Removing bluenrg_gap_aci.o(i.aci_gap_resolve_private_address_IDB05A1), (92 bytes).
    Removing bluenrg_gap_aci.o(i.aci_gap_send_pairing_request), (72 bytes).
    Removing bluenrg_gap_aci.o(i.aci_gap_set_author_requirement), (68 bytes).
    Removing bluenrg_gap_aci.o(i.aci_gap_set_broadcast_mode), (136 bytes).
    Removing bluenrg_gap_aci.o(i.aci_gap_set_direct_connectable_IDB04A1), (84 bytes).
    Removing bluenrg_gap_aci.o(i.aci_gap_set_direct_connectable_IDB05A1), (100 bytes).
    Removing bluenrg_gap_aci.o(i.aci_gap_set_io_capability), (64 bytes).
    Removing bluenrg_gap_aci.o(i.aci_gap_set_limited_discoverable), (188 bytes).
    Removing bluenrg_gap_aci.o(i.aci_gap_set_non_connectable_IDB04A1), (64 bytes).
    Removing bluenrg_gap_aci.o(i.aci_gap_set_non_connectable_IDB05A1), (68 bytes).
    Removing bluenrg_gap_aci.o(i.aci_gap_set_non_discoverable), (54 bytes).
    Removing bluenrg_gap_aci.o(i.aci_gap_set_undirected_connectable), (68 bytes).
    Removing bluenrg_gap_aci.o(i.aci_gap_slave_security_request), (74 bytes).
    Removing bluenrg_gap_aci.o(i.aci_gap_start_auto_conn_establish_proc_IDB04A1), (248 bytes).
    Removing bluenrg_gap_aci.o(i.aci_gap_start_auto_conn_establish_proc_IDB05A1), (236 bytes).
    Removing bluenrg_gap_aci.o(i.aci_gap_start_connection_update), (84 bytes).
    Removing bluenrg_gap_aci.o(i.aci_gap_start_general_conn_establish_proc_IDB04A1), (100 bytes).
    Removing bluenrg_gap_aci.o(i.aci_gap_start_general_conn_establish_proc_IDB05A1), (86 bytes).
    Removing bluenrg_gap_aci.o(i.aci_gap_start_general_discovery_proc), (74 bytes).
    Removing bluenrg_gap_aci.o(i.aci_gap_start_limited_discovery_proc), (74 bytes).
    Removing bluenrg_gap_aci.o(i.aci_gap_start_name_discovery_proc), (114 bytes).
    Removing bluenrg_gap_aci.o(i.aci_gap_start_observation_procedure), (78 bytes).
    Removing bluenrg_gap_aci.o(i.aci_gap_start_selective_conn_establish_proc), (116 bytes).
    Removing bluenrg_gap_aci.o(i.aci_gap_terminate), (72 bytes).
    Removing bluenrg_gap_aci.o(i.aci_gap_terminate_gap_procedure), (62 bytes).
    Removing bluenrg_gap_aci.o(i.aci_gap_update_adv_data), (86 bytes).
    Removing bluenrg_gatt_aci.o(.rev16_text), (4 bytes).
    Removing bluenrg_gatt_aci.o(.revsh_text), (4 bytes).
    Removing bluenrg_gatt_aci.o(i.aci_att_execute_write_req), (70 bytes).
    Removing bluenrg_gatt_aci.o(i.aci_att_find_by_type_value_req), (114 bytes).
    Removing bluenrg_gatt_aci.o(i.aci_att_find_information_req), (72 bytes).
    Removing bluenrg_gatt_aci.o(i.aci_att_prepare_write_req), (100 bytes).
    Removing bluenrg_gatt_aci.o(i.aci_att_read_by_group_type_req), (98 bytes).
    Removing bluenrg_gatt_aci.o(i.aci_att_read_by_type_req), (98 bytes).
    Removing bluenrg_gatt_aci.o(i.aci_gatt_confirm_indication), (68 bytes).
    Removing bluenrg_gatt_aci.o(i.aci_gatt_del_char), (70 bytes).
    Removing bluenrg_gatt_aci.o(i.aci_gatt_del_include_service), (70 bytes).
    Removing bluenrg_gatt_aci.o(i.aci_gatt_del_service), (68 bytes).
    Removing bluenrg_gatt_aci.o(i.aci_gatt_disc_all_charac_descriptors), (76 bytes).
    Removing bluenrg_gatt_aci.o(i.aci_gatt_disc_all_charac_of_serv), (76 bytes).
    Removing bluenrg_gatt_aci.o(i.aci_gatt_disc_all_prim_services), (72 bytes).
    Removing bluenrg_gatt_aci.o(i.aci_gatt_disc_charac_by_uuid), (144 bytes).
    Removing bluenrg_gatt_aci.o(i.aci_gatt_disc_prim_service_by_uuid), (98 bytes).
    Removing bluenrg_gatt_aci.o(i.aci_gatt_exchange_configuration), (72 bytes).
    Removing bluenrg_gatt_aci.o(i.aci_gatt_find_included_services), (76 bytes).
    Removing bluenrg_gatt_aci.o(i.aci_gatt_include_service), (170 bytes).
    Removing bluenrg_gatt_aci.o(i.aci_gatt_read_charac_desc), (74 bytes).
    Removing bluenrg_gatt_aci.o(i.aci_gatt_read_charac_val), (74 bytes).
    Removing bluenrg_gatt_aci.o(i.aci_gatt_read_handle_value), (116 bytes).
    Removing bluenrg_gatt_aci.o(i.aci_gatt_read_handle_value_offset_IDB05A1), (112 bytes).
    Removing bluenrg_gatt_aci.o(i.aci_gatt_read_long_charac_desc), (76 bytes).
    Removing bluenrg_gatt_aci.o(i.aci_gatt_read_long_charac_val), (76 bytes).
    Removing bluenrg_gatt_aci.o(i.aci_gatt_read_multiple_charac_val), (98 bytes).
    Removing bluenrg_gatt_aci.o(i.aci_gatt_read_using_charac_uuid), (98 bytes).
    Removing bluenrg_gatt_aci.o(i.aci_gatt_set_desc_value), (154 bytes).
    Removing bluenrg_gatt_aci.o(i.aci_gatt_set_event_mask), (68 bytes).
    Removing bluenrg_gatt_aci.o(i.aci_gatt_set_security_permission), (72 bytes).
    Removing bluenrg_gatt_aci.o(i.aci_gatt_signed_write_without_resp), (96 bytes).
    Removing bluenrg_gatt_aci.o(i.aci_gatt_update_char_value_ext_IDB05A1), (114 bytes).
    Removing bluenrg_gatt_aci.o(i.aci_gatt_write_charac_descriptor), (128 bytes).
    Removing bluenrg_gatt_aci.o(i.aci_gatt_write_charac_reliable), (104 bytes).
    Removing bluenrg_gatt_aci.o(i.aci_gatt_write_charac_value), (128 bytes).
    Removing bluenrg_gatt_aci.o(i.aci_gatt_write_long_charac_desc), (104 bytes).
    Removing bluenrg_gatt_aci.o(i.aci_gatt_write_long_charac_val), (104 bytes).
    Removing bluenrg_gatt_aci.o(i.aci_gatt_write_response), (132 bytes).
    Removing bluenrg_gatt_aci.o(i.aci_gatt_write_without_response), (96 bytes).
    Removing bluenrg_hal_aci.o(.rev16_text), (4 bytes).
    Removing bluenrg_hal_aci.o(.revsh_text), (4 bytes).
    Removing bluenrg_hal_aci.o(i.aci_hal_device_standby), (54 bytes).
    Removing bluenrg_hal_aci.o(i.aci_hal_get_anchor_period), (82 bytes).
    Removing bluenrg_hal_aci.o(i.aci_hal_get_fw_build_number), (72 bytes).
    Removing bluenrg_hal_aci.o(i.aci_hal_get_link_status), (98 bytes).
    Removing bluenrg_hal_aci.o(i.aci_hal_le_tx_test_packet_number), (72 bytes).
    Removing bluenrg_hal_aci.o(i.aci_hal_read_config_data), (102 bytes).
    Removing bluenrg_hal_aci.o(i.aci_hal_tone_start), (64 bytes).
    Removing bluenrg_hal_aci.o(i.aci_hal_tone_stop), (54 bytes).
    Removing bluenrg_l2cap_aci.o(.rev16_text), (4 bytes).
    Removing bluenrg_l2cap_aci.o(.revsh_text), (4 bytes).
    Removing bluenrg_l2cap_aci.o(i.aci_l2cap_connection_parameter_update_request), (80 bytes).
    Removing bluenrg_l2cap_aci.o(i.aci_l2cap_connection_parameter_update_response_IDB04A1), (82 bytes).
    Removing bluenrg_l2cap_aci.o(i.aci_l2cap_connection_parameter_update_response_IDB05A1), (92 bytes).
    Removing bluenrg_utils_small.o(.rev16_text), (4 bytes).
    Removing bluenrg_utils_small.o(.revsh_text), (4 bytes).
    Removing bluenrg_itf.o(.rev16_text), (4 bytes).
    Removing bluenrg_itf.o(.revsh_text), (4 bytes).
    Removing gp_timer.o(.rev16_text), (4 bytes).
    Removing gp_timer.o(.revsh_text), (4 bytes).
    Removing gp_timer.o(i.Timer_Remaining), (16 bytes).
    Removing gp_timer.o(i.Timer_Reset), (10 bytes).
    Removing gp_timer.o(i.Timer_Restart), (12 bytes).
    Removing ble_list.o(.rev16_text), (4 bytes).
    Removing ble_list.o(.revsh_text), (4 bytes).
    Removing ble_list.o(i.list_get_next_node), (16 bytes).
    Removing ble_list.o(i.list_get_prev_node), (16 bytes).
    Removing ble_list.o(i.list_insert_node_after), (24 bytes).
    Removing ble_list.o(i.list_insert_node_before), (24 bytes).

427 unused section(s) (total 27704 bytes) removed from the image.

==============================================================================

Image Symbol Table

    Local Symbols

    Symbol Name                              Value     Ov Type        Size  Object(Section)

    ../clib/microlib/division.c              0x00000000   Number         0  uldiv.o ABSOLUTE
    ../clib/microlib/division.c              0x00000000   Number         0  uidiv.o ABSOLUTE
    ../clib/microlib/init/entry.s            0x00000000   Number         0  entry11a.o ABSOLUTE
    ../clib/microlib/init/entry.s            0x00000000   Number         0  entry8a.o ABSOLUTE
    ../clib/microlib/init/entry.s            0x00000000   Number         0  entry2.o ABSOLUTE
    ../clib/microlib/init/entry.s            0x00000000   Number         0  entry.o ABSOLUTE
    ../clib/microlib/init/entry.s            0x00000000   Number         0  entry7a.o ABSOLUTE
    ../clib/microlib/init/entry.s            0x00000000   Number         0  entry10a.o ABSOLUTE
    ../clib/microlib/init/entry.s            0x00000000   Number         0  entry11b.o ABSOLUTE
    ../clib/microlib/init/entry.s            0x00000000   Number         0  entry7b.o ABSOLUTE
    ../clib/microlib/init/entry.s            0x00000000   Number         0  entry5.o ABSOLUTE
    ../clib/microlib/init/entry.s            0x00000000   Number         0  entry10b.o ABSOLUTE
    ../clib/microlib/init/entry.s            0x00000000   Number         0  entry9b.o ABSOLUTE
    ../clib/microlib/init/entry.s            0x00000000   Number         0  entry9a.o ABSOLUTE
    ../clib/microlib/init/entry.s            0x00000000   Number         0  entry8b.o ABSOLUTE
    ../clib/microlib/longlong.c              0x00000000   Number         0  llushr.o ABSOLUTE
    ../clib/microlib/longlong.c              0x00000000   Number         0  llshl.o ABSOLUTE
    ../clib/microlib/stdlib/rand.c           0x00000000   Number         0  rand.o ABSOLUTE
    ../clib/microlib/string/memcpy.c         0x00000000   Number         0  memcpy.o ABSOLUTE
    ../clib/microlib/string/memcpy.c         0x00000000   Number         0  memcpyc.o ABSOLUTE
    ../clib/microlib/string/memset.c         0x00000000   Number         0  memset.o ABSOLUTE
    ../clib/microlib/string/memset.c         0x00000000   Number         0  memseta.o ABSOLUTE
    ../clib/microlib/string/strlen.c         0x00000000   Number         0  strlen.o ABSOLUTE
    ../clib/microlib/unhosted.c              0x00000000   Number         0  uwrite4.o ABSOLUTE
    ../clib/microlib/unhosted.c              0x00000000   Number         0  uread4.o ABSOLUTE
    ..\..\..\..\..\..\Drivers\BSP\STM32L0xx_Nucleo\stm32l0xx_nucleo.c 0x00000000   Number         0  stm32l0xx_nucleo.o ABSOLUTE
    ..\..\..\..\..\..\Drivers\BSP\X-NUCLEO-IDB0xA1\stm32_bluenrg_ble.c 0x00000000   Number         0  stm32_bluenrg_ble.o ABSOLUTE
    ..\..\..\..\..\..\Drivers\STM32L0xx_HAL_Driver\Src\stm32l0xx_hal.c 0x00000000   Number         0  stm32l0xx_hal.o ABSOLUTE
    ..\..\..\..\..\..\Drivers\STM32L0xx_HAL_Driver\Src\stm32l0xx_hal_adc.c 0x00000000   Number         0  stm32l0xx_hal_adc.o ABSOLUTE
    ..\..\..\..\..\..\Drivers\STM32L0xx_HAL_Driver\Src\stm32l0xx_hal_adc_ex.c 0x00000000   Number         0  stm32l0xx_hal_adc_ex.o ABSOLUTE
    ..\..\..\..\..\..\Drivers\STM32L0xx_HAL_Driver\Src\stm32l0xx_hal_cortex.c 0x00000000   Number         0  stm32l0xx_hal_cortex.o ABSOLUTE
    ..\..\..\..\..\..\Drivers\STM32L0xx_HAL_Driver\Src\stm32l0xx_hal_dma.c 0x00000000   Number         0  stm32l0xx_hal_dma.o ABSOLUTE
    ..\..\..\..\..\..\Drivers\STM32L0xx_HAL_Driver\Src\stm32l0xx_hal_flash.c 0x00000000   Number         0  stm32l0xx_hal_flash.o ABSOLUTE
    ..\..\..\..\..\..\Drivers\STM32L0xx_HAL_Driver\Src\stm32l0xx_hal_flash_ex.c 0x00000000   Number         0  stm32l0xx_hal_flash_ex.o ABSOLUTE
    ..\..\..\..\..\..\Drivers\STM32L0xx_HAL_Driver\Src\stm32l0xx_hal_gpio.c 0x00000000   Number         0  stm32l0xx_hal_gpio.o ABSOLUTE
    ..\..\..\..\..\..\Drivers\STM32L0xx_HAL_Driver\Src\stm32l0xx_hal_pwr.c 0x00000000   Number         0  stm32l0xx_hal_pwr.o ABSOLUTE
    ..\..\..\..\..\..\Drivers\STM32L0xx_HAL_Driver\Src\stm32l0xx_hal_pwr_ex.c 0x00000000   Number         0  stm32l0xx_hal_pwr_ex.o ABSOLUTE
    ..\..\..\..\..\..\Drivers\STM32L0xx_HAL_Driver\Src\stm32l0xx_hal_rcc.c 0x00000000   Number         0  stm32l0xx_hal_rcc.o ABSOLUTE
    ..\..\..\..\..\..\Drivers\STM32L0xx_HAL_Driver\Src\stm32l0xx_hal_rcc_ex.c 0x00000000   Number         0  stm32l0xx_hal_rcc_ex.o ABSOLUTE
    ..\..\..\..\..\..\Drivers\STM32L0xx_HAL_Driver\Src\stm32l0xx_hal_spi.c 0x00000000   Number         0  stm32l0xx_hal_spi.o ABSOLUTE
    ..\..\..\..\..\..\Middlewares\ST\STM32_BlueNRG\Interface\bluenrg_itf.c 0x00000000   Number         0  bluenrg_itf.o ABSOLUTE
    ..\..\..\..\..\..\Middlewares\ST\STM32_BlueNRG\SimpleBlueNRG_HCI\hci\controller\bluenrg_gap_aci.c 0x00000000   Number         0  bluenrg_gap_aci.o ABSOLUTE
    ..\..\..\..\..\..\Middlewares\ST\STM32_BlueNRG\SimpleBlueNRG_HCI\hci\controller\bluenrg_gatt_aci.c 0x00000000   Number         0  bluenrg_gatt_aci.o ABSOLUTE
    ..\..\..\..\..\..\Middlewares\ST\STM32_BlueNRG\SimpleBlueNRG_HCI\hci\controller\bluenrg_hal_aci.c 0x00000000   Number         0  bluenrg_hal_aci.o ABSOLUTE
    ..\..\..\..\..\..\Middlewares\ST\STM32_BlueNRG\SimpleBlueNRG_HCI\hci\controller\bluenrg_l2cap_aci.c 0x00000000   Number         0  bluenrg_l2cap_aci.o ABSOLUTE
    ..\..\..\..\..\..\Middlewares\ST\STM32_BlueNRG\SimpleBlueNRG_HCI\hci\controller\bluenrg_utils_small.c 0x00000000   Number         0  bluenrg_utils_small.o ABSOLUTE
    ..\..\..\..\..\..\Middlewares\ST\STM32_BlueNRG\SimpleBlueNRG_HCI\hci\hci.c 0x00000000   Number         0  hci.o ABSOLUTE
    ..\..\..\..\..\..\Middlewares\ST\STM32_BlueNRG\SimpleBlueNRG_HCI\hci\hci_le.c 0x00000000   Number         0  hci_le.o ABSOLUTE
    ..\..\..\..\..\..\Middlewares\ST\STM32_BlueNRG\SimpleBlueNRG_HCI\utils\ble_list.c 0x00000000   Number         0  ble_list.o ABSOLUTE
    ..\..\..\..\..\..\Middlewares\ST\STM32_BlueNRG\SimpleBlueNRG_HCI\utils\gp_timer.c 0x00000000   Number         0  gp_timer.o ABSOLUTE
    ..\..\..\..\..\..\Middlewares\ST\STM32_BlueNRG\SimpleBlueNRG_HCI\utils\osal.c 0x00000000   Number         0  osal.o ABSOLUTE
    ..\..\Src\bluenrg_interface.c            0x00000000   Number         0  bluenrg_interface.o ABSOLUTE
    ..\..\Src\cube_hal_l0.c                  0x00000000   Number         0  cube_hal_l0.o ABSOLUTE
    ..\..\Src\main.c                         0x00000000   Number         0  main.o ABSOLUTE
    ..\..\Src\sensor_service.c               0x00000000   Number         0  sensor_service.o ABSOLUTE
    ..\..\Src\stm32l0xx_hal_msp.c            0x00000000   Number         0  stm32l0xx_hal_msp.o ABSOLUTE
    ..\..\Src\stm32xx_it.c                   0x00000000   Number         0  stm32xx_it.o ABSOLUTE
    ..\..\Src\system_stm32l0xx.c             0x00000000   Number         0  system_stm32l0xx.o ABSOLUTE
    ..\\..\\..\\..\\..\\..\\Drivers\\BSP\\STM32L0xx_Nucleo\\stm32l0xx_nucleo.c 0x00000000   Number         0  stm32l0xx_nucleo.o ABSOLUTE
    ..\\..\\..\\..\\..\\..\\Drivers\\BSP\\X-NUCLEO-IDB0xA1\\stm32_bluenrg_ble.c 0x00000000   Number         0  stm32_bluenrg_ble.o ABSOLUTE
    ..\\..\\..\\..\\..\\..\\Drivers\\STM32L0xx_HAL_Driver\\Src\\stm32l0xx_hal.c 0x00000000   Number         0  stm32l0xx_hal.o ABSOLUTE
    ..\\..\\..\\..\\..\\..\\Drivers\\STM32L0xx_HAL_Driver\\Src\\stm32l0xx_hal_adc.c 0x00000000   Number         0  stm32l0xx_hal_adc.o ABSOLUTE
    ..\\..\\..\\..\\..\\..\\Drivers\\STM32L0xx_HAL_Driver\\Src\\stm32l0xx_hal_adc_ex.c 0x00000000   Number         0  stm32l0xx_hal_adc_ex.o ABSOLUTE
    ..\\..\\..\\..\\..\\..\\Drivers\\STM32L0xx_HAL_Driver\\Src\\stm32l0xx_hal_cortex.c 0x00000000   Number         0  stm32l0xx_hal_cortex.o ABSOLUTE
    ..\\..\\..\\..\\..\\..\\Drivers\\STM32L0xx_HAL_Driver\\Src\\stm32l0xx_hal_dma.c 0x00000000   Number         0  stm32l0xx_hal_dma.o ABSOLUTE
    ..\\..\\..\\..\\..\\..\\Drivers\\STM32L0xx_HAL_Driver\\Src\\stm32l0xx_hal_flash.c 0x00000000   Number         0  stm32l0xx_hal_flash.o ABSOLUTE
    ..\\..\\..\\..\\..\\..\\Drivers\\STM32L0xx_HAL_Driver\\Src\\stm32l0xx_hal_flash_ex.c 0x00000000   Number         0  stm32l0xx_hal_flash_ex.o ABSOLUTE
    ..\\..\\..\\..\\..\\..\\Drivers\\STM32L0xx_HAL_Driver\\Src\\stm32l0xx_hal_gpio.c 0x00000000   Number         0  stm32l0xx_hal_gpio.o ABSOLUTE
    ..\\..\\..\\..\\..\\..\\Drivers\\STM32L0xx_HAL_Driver\\Src\\stm32l0xx_hal_pwr.c 0x00000000   Number         0  stm32l0xx_hal_pwr.o ABSOLUTE
    ..\\..\\..\\..\\..\\..\\Drivers\\STM32L0xx_HAL_Driver\\Src\\stm32l0xx_hal_pwr_ex.c 0x00000000   Number         0  stm32l0xx_hal_pwr_ex.o ABSOLUTE
    ..\\..\\..\\..\\..\\..\\Drivers\\STM32L0xx_HAL_Driver\\Src\\stm32l0xx_hal_rcc.c 0x00000000   Number         0  stm32l0xx_hal_rcc.o ABSOLUTE
    ..\\..\\..\\..\\..\\..\\Drivers\\STM32L0xx_HAL_Driver\\Src\\stm32l0xx_hal_rcc_ex.c 0x00000000   Number         0  stm32l0xx_hal_rcc_ex.o ABSOLUTE
    ..\\..\\..\\..\\..\\..\\Drivers\\STM32L0xx_HAL_Driver\\Src\\stm32l0xx_hal_spi.c 0x00000000   Number         0  stm32l0xx_hal_spi.o ABSOLUTE
    ..\\..\\..\\..\\..\\..\\Middlewares\\ST\\STM32_BlueNRG\\Interface\\bluenrg_itf.c 0x00000000   Number         0  bluenrg_itf.o ABSOLUTE
    ..\\..\\..\\..\\..\\..\\Middlewares\\ST\\STM32_BlueNRG\\SimpleBlueNRG_HCI\\hci\\controller\\bluenrg_gap_aci.c 0x00000000   Number         0  bluenrg_gap_aci.o ABSOLUTE
    ..\\..\\..\\..\\..\\..\\Middlewares\\ST\\STM32_BlueNRG\\SimpleBlueNRG_HCI\\hci\\controller\\bluenrg_gatt_aci.c 0x00000000   Number         0  bluenrg_gatt_aci.o ABSOLUTE
    ..\\..\\..\\..\\..\\..\\Middlewares\\ST\\STM32_BlueNRG\\SimpleBlueNRG_HCI\\hci\\controller\\bluenrg_hal_aci.c 0x00000000   Number         0  bluenrg_hal_aci.o ABSOLUTE
    ..\\..\\..\\..\\..\\..\\Middlewares\\ST\\STM32_BlueNRG\\SimpleBlueNRG_HCI\\hci\\controller\\bluenrg_l2cap_aci.c 0x00000000   Number         0  bluenrg_l2cap_aci.o ABSOLUTE
    ..\\..\\..\\..\\..\\..\\Middlewares\\ST\\STM32_BlueNRG\\SimpleBlueNRG_HCI\\hci\\controller\\bluenrg_utils_small.c 0x00000000   Number         0  bluenrg_utils_small.o ABSOLUTE
    ..\\..\\..\\..\\..\\..\\Middlewares\\ST\\STM32_BlueNRG\\SimpleBlueNRG_HCI\\hci\\hci.c 0x00000000   Number         0  hci.o ABSOLUTE
    ..\\..\\..\\..\\..\\..\\Middlewares\\ST\\STM32_BlueNRG\\SimpleBlueNRG_HCI\\hci\\hci_le.c 0x00000000   Number         0  hci_le.o ABSOLUTE
    ..\\..\\..\\..\\..\\..\\Middlewares\\ST\\STM32_BlueNRG\\SimpleBlueNRG_HCI\\utils\\ble_list.c 0x00000000   Number         0  ble_list.o ABSOLUTE
    ..\\..\\..\\..\\..\\..\\Middlewares\\ST\\STM32_BlueNRG\\SimpleBlueNRG_HCI\\utils\\gp_timer.c 0x00000000   Number         0  gp_timer.o ABSOLUTE
    ..\\..\\Src\\bluenrg_interface.c         0x00000000   Number         0  bluenrg_interface.o ABSOLUTE
    ..\\..\\Src\\cube_hal_l0.c               0x00000000   Number         0  cube_hal_l0.o ABSOLUTE
    ..\\..\\Src\\main.c                      0x00000000   Number         0  main.o ABSOLUTE
    ..\\..\\Src\\sensor_service.c            0x00000000   Number         0  sensor_service.o ABSOLUTE
    ..\\..\\Src\\stm32l0xx_hal_msp.c         0x00000000   Number         0  stm32l0xx_hal_msp.o ABSOLUTE
    ..\\..\\Src\\stm32xx_it.c                0x00000000   Number         0  stm32xx_it.o ABSOLUTE
    ..\\..\\Src\\system_stm32l0xx.c          0x00000000   Number         0  system_stm32l0xx.o ABSOLUTE
    dc.s                                     0x00000000   Number         0  dc.o ABSOLUTE
    handlers.s                               0x00000000   Number         0  handlers.o ABSOLUTE
    init.s                                   0x00000000   Number         0  init.o ABSOLUTE
    startup_stm32l053xx.s                    0x00000000   Number         0  startup_stm32l053xx.o ABSOLUTE
    RESET                                    0x08000000   Section      192  startup_stm32l053xx.o(RESET)
    .ARM.Collect$$$$00000000                 0x080000c0   Section        0  entry.o(.ARM.Collect$$$$00000000)
    .ARM.Collect$$$$00000001                 0x080000c0   Section        4  entry2.o(.ARM.Collect$$$$00000001)
    .ARM.Collect$$$$00000004                 0x080000c4   Section        4  entry5.o(.ARM.Collect$$$$00000004)
    .ARM.Collect$$$$00000008                 0x080000c8   Section        0  entry7b.o(.ARM.Collect$$$$00000008)
    .ARM.Collect$$$$0000000A                 0x080000c8   Section        0  entry8b.o(.ARM.Collect$$$$0000000A)
    .ARM.Collect$$$$0000000B                 0x080000c8   Section        8  entry9a.o(.ARM.Collect$$$$0000000B)
    .ARM.Collect$$$$0000000D                 0x080000d0   Section        0  entry10a.o(.ARM.Collect$$$$0000000D)
    .ARM.Collect$$$$0000000F                 0x080000d0   Section        0  entry11a.o(.ARM.Collect$$$$0000000F)
    .ARM.Collect$$$$00002712                 0x080000d0   Section        4  entry2.o(.ARM.Collect$$$$00002712)
    __lit__00000000                          0x080000d0   Data           4  entry2.o(.ARM.Collect$$$$00002712)
    .text                                    0x080000d4   Section       28  startup_stm32l053xx.o(.text)
    .text                                    0x080000f0   Section        0  uidiv.o(.text)
    .text                                    0x0800011c   Section        0  uldiv.o(.text)
    .text                                    0x0800017c   Section        0  rand.o(.text)
    .text                                    0x080001a0   Section        0  memcpy.o(.text)
    .text                                    0x080001c8   Section        0  memseta.o(.text)
    .text                                    0x080001ec   Section        0  strlen.o(.text)
    .text                                    0x080001fa   Section        0  uwrite4.o(.text)
    .text                                    0x0800020c   Section        0  llshl.o(.text)
    .text                                    0x0800022c   Section        0  llushr.o(.text)
    .text                                    0x08000250   Section       36  init.o(.text)
    i.Acc_Update                             0x08000274   Section        0  sensor_service.o(i.Acc_Update)
    i.Add_Acc_Service                        0x080002b8   Section        0  sensor_service.o(i.Add_Acc_Service)
    i.Add_Environmental_Sensor_Service       0x080003e8   Section        0  sensor_service.o(i.Add_Environmental_Sensor_Service)
    i.BNRG_SPI_Init                          0x0800065c   Section        0  stm32_bluenrg_ble.o(i.BNRG_SPI_Init)
    i.BSP_PB_GetState                        0x08000698   Section        0  stm32l0xx_nucleo.o(i.BSP_PB_GetState)
    i.BSP_PB_Init                            0x080006b4   Section        0  stm32l0xx_nucleo.o(i.BSP_PB_Init)
    i.BlueNRG_DataPresent                    0x08000728   Section        0  stm32_bluenrg_ble.o(i.BlueNRG_DataPresent)
    i.BlueNRG_RST                            0x0800073c   Section        0  stm32_bluenrg_ble.o(i.BlueNRG_RST)
    i.BlueNRG_SPI_Read_All                   0x08000768   Section        0  stm32_bluenrg_ble.o(i.BlueNRG_SPI_Read_All)
    i.BlueNRG_SPI_Write                      0x08000800   Section        0  stm32_bluenrg_ble.o(i.BlueNRG_SPI_Write)
    i.Clear_SPI_EXTI_Flag                    0x080008a8   Section        0  stm32_bluenrg_ble.o(i.Clear_SPI_EXTI_Flag)
    i.Disable_SPI_IRQ                        0x080008b4   Section        0  stm32_bluenrg_ble.o(i.Disable_SPI_IRQ)
    i.EXTI0_1_IRQHandler                     0x080008be   Section        0  stm32xx_it.o(i.EXTI0_1_IRQHandler)
    i.EXTI4_15_IRQHandler                    0x080008c8   Section        0  stm32xx_it.o(i.EXTI4_15_IRQHandler)
    i.Enable_SPI_IRQ                         0x080008e0   Section        0  stm32_bluenrg_ble.o(i.Enable_SPI_IRQ)
    i.GAP_ConnectionComplete_CB              0x080008ec   Section        0  sensor_service.o(i.GAP_ConnectionComplete_CB)
    i.GAP_DisconnectionComplete_CB           0x08000904   Section        0  sensor_service.o(i.GAP_DisconnectionComplete_CB)
    i.HAL_Delay                              0x08000918   Section        0  stm32l0xx_hal.o(i.HAL_Delay)
    i.HAL_GPIO_EXTI_Callback                 0x0800092e   Section        0  bluenrg_interface.o(i.HAL_GPIO_EXTI_Callback)
    i.HAL_GPIO_EXTI_IRQHandler               0x08000938   Section        0  stm32l0xx_hal_gpio.o(i.HAL_GPIO_EXTI_IRQHandler)
    i.HAL_GPIO_Init                          0x08000950   Section        0  stm32l0xx_hal_gpio.o(i.HAL_GPIO_Init)
    i.HAL_GPIO_ReadPin                       0x08000ac8   Section        0  stm32l0xx_hal_gpio.o(i.HAL_GPIO_ReadPin)
    i.HAL_GPIO_WritePin                      0x08000ad2   Section        0  stm32l0xx_hal_gpio.o(i.HAL_GPIO_WritePin)
    i.HAL_GetTick                            0x08000ae0   Section        0  stm32l0xx_hal.o(i.HAL_GetTick)
    i.HAL_IncTick                            0x08000aec   Section        0  stm32l0xx_hal.o(i.HAL_IncTick)
    i.HAL_Init                               0x08000afc   Section        0  stm32l0xx_hal.o(i.HAL_Init)
    i.HAL_InitTick                           0x08000b1c   Section        0  stm32l0xx_hal.o(i.HAL_InitTick)
    i.HAL_MspInit                            0x08000b44   Section        0  stm32l0xx_hal.o(i.HAL_MspInit)
    i.HAL_NVIC_DisableIRQ                    0x08000b48   Section        0  stm32l0xx_hal_cortex.o(i.HAL_NVIC_DisableIRQ)
    i.HAL_NVIC_EnableIRQ                     0x08000b5c   Section        0  stm32l0xx_hal_cortex.o(i.HAL_NVIC_EnableIRQ)
    i.HAL_NVIC_SetPriority                   0x08000b70   Section        0  stm32l0xx_hal_cortex.o(i.HAL_NVIC_SetPriority)
    i.HAL_RCC_ClockConfig                    0x08000b78   Section        0  stm32l0xx_hal_rcc.o(i.HAL_RCC_ClockConfig)
    i.HAL_RCC_GetSysClockFreq                0x08000ce0   Section        0  stm32l0xx_hal_rcc.o(i.HAL_RCC_GetSysClockFreq)
    i.HAL_RCC_OscConfig                      0x08000d58   Section        0  stm32l0xx_hal_rcc.o(i.HAL_RCC_OscConfig)
    i.HAL_SPI_Init                           0x080011aa   Section        0  stm32l0xx_hal_spi.o(i.HAL_SPI_Init)
    i.HAL_SPI_MspInit                        0x08001230   Section        0  stm32l0xx_hal_msp.o(i.HAL_SPI_MspInit)
    i.HAL_SPI_TransmitReceive                0x08001354   Section        0  stm32l0xx_hal_spi.o(i.HAL_SPI_TransmitReceive)
    i.HAL_SYSTICK_Config                     0x0800160c   Section        0  stm32l0xx_hal_cortex.o(i.HAL_SYSTICK_Config)
    i.HCI_Event_CB                           0x0800163c   Section        0  sensor_service.o(i.HCI_Event_CB)
    i.HCI_Init                               0x08001694   Section        0  hci.o(i.HCI_Init)
    i.HCI_Isr                                0x080016c8   Section        0  hci.o(i.HCI_Isr)
    i.HCI_Process                            0x0800172c   Section        0  hci.o(i.HCI_Process)
    i.HCI_Queue_Empty                        0x08001774   Section        0  hci.o(i.HCI_Queue_Empty)
    i.HCI_verify                             0x08001784   Section        0  hci.o(i.HCI_verify)
    i.Hal_Write_Serial                       0x080017a6   Section        0  stm32_bluenrg_ble.o(i.Hal_Write_Serial)
    i.HardFault_Handler                      0x080017d4   Section        0  stm32xx_it.o(i.HardFault_Handler)
    i.Humidity_Update                        0x080017d8   Section        0  sensor_service.o(i.Humidity_Update)
    i.NMI_Handler                            0x080017fc   Section        0  stm32xx_it.o(i.NMI_Handler)
    i.NVIC_SetPriority                       0x08001800   Section        0  stm32l0xx_hal_cortex.o(i.NVIC_SetPriority)
    NVIC_SetPriority                         0x08001801   Thumb Code    60  stm32l0xx_hal_cortex.o(i.NVIC_SetPriority)
    i.Osal_MemCpy                            0x08001844   Section        0  osal.o(i.Osal_MemCpy)
    i.Osal_MemSet                            0x0800184c   Section        0  osal.o(i.Osal_MemSet)
    i.PendSV_Handler                         0x08001854   Section        0  stm32xx_it.o(i.PendSV_Handler)
    i.Press_Update                           0x08001858   Section        0  sensor_service.o(i.Press_Update)
    i.RCC_SetFlashLatencyFromMSIRange        0x0800187c   Section        0  stm32l0xx_hal_rcc.o(i.RCC_SetFlashLatencyFromMSIRange)
    RCC_SetFlashLatencyFromMSIRange          0x0800187d   Thumb Code    94  stm32l0xx_hal_rcc.o(i.RCC_SetFlashLatencyFromMSIRange)
    i.Read_Request_CB                        0x080018ec   Section        0  sensor_service.o(i.Read_Request_CB)
    i.SPI_WaitOnFlagUntilTimeout             0x080019a4   Section        0  stm32l0xx_hal_spi.o(i.SPI_WaitOnFlagUntilTimeout)
    SPI_WaitOnFlagUntilTimeout               0x080019a5   Thumb Code   178  stm32l0xx_hal_spi.o(i.SPI_WaitOnFlagUntilTimeout)
    i.SVC_Handler                            0x08001a56   Section        0  stm32xx_it.o(i.SVC_Handler)
    i.SysTick_Handler                        0x08001a58   Section        0  stm32xx_it.o(i.SysTick_Handler)
    i.SystemClock_Config                     0x08001a6c   Section        0  cube_hal_l0.o(i.SystemClock_Config)
    i.SystemInit                             0x08001ad0   Section        0  system_stm32l0xx.o(i.SystemInit)
    i.Temp_Update                            0x08001b24   Section        0  sensor_service.o(i.Temp_Update)
    i.Timer_Expired                          0x08001b48   Section        0  gp_timer.o(i.Timer_Expired)
    i.Timer_Set                              0x08001b64   Section        0  gp_timer.o(i.Timer_Set)
    i.User_Process                           0x08001b74   Section        0  main.o(i.User_Process)
    i.__ARM_common_ll_mulss                  0x08001bc8   Section        0  sensor_service.o(i.__ARM_common_ll_mulss)
    i.__scatterload_copy                     0x08001bf8   Section       14  handlers.o(i.__scatterload_copy)
    i.__scatterload_null                     0x08001c06   Section        2  handlers.o(i.__scatterload_null)
    i.__scatterload_zeroinit                 0x08001c08   Section       14  handlers.o(i.__scatterload_zeroinit)
    i.aci_gap_init_IDB04A1                   0x08001c16   Section        0  bluenrg_gap_aci.o(i.aci_gap_init_IDB04A1)
    i.aci_gap_init_IDB05A1                   0x08001c92   Section        0  bluenrg_gap_aci.o(i.aci_gap_init_IDB05A1)
    i.aci_gap_set_auth_requirement           0x08001d10   Section        0  bluenrg_gap_aci.o(i.aci_gap_set_auth_requirement)
    i.aci_gap_set_discoverable               0x08001d84   Section        0  bluenrg_gap_aci.o(i.aci_gap_set_discoverable)
    i.aci_gatt_add_char                      0x08001e48   Section        0  bluenrg_gatt_aci.o(i.aci_gatt_add_char)
    i.aci_gatt_add_char_desc                 0x08001efe   Section        0  bluenrg_gatt_aci.o(i.aci_gatt_add_char_desc)
    i.aci_gatt_add_serv                      0x08001fe6   Section        0  bluenrg_gatt_aci.o(i.aci_gatt_add_serv)
    i.aci_gatt_allow_read                    0x08002066   Section        0  bluenrg_gatt_aci.o(i.aci_gatt_allow_read)
    i.aci_gatt_init                          0x080020aa   Section        0  bluenrg_gatt_aci.o(i.aci_gatt_init)
    i.aci_gatt_update_char_value             0x080020e2   Section        0  bluenrg_gatt_aci.o(i.aci_gatt_update_char_value)
    i.aci_hal_set_tx_power_level             0x08002162   Section        0  bluenrg_hal_aci.o(i.aci_hal_set_tx_power_level)
    i.aci_hal_write_config_data              0x080021a6   Section        0  bluenrg_hal_aci.o(i.aci_hal_write_config_data)
    i.getBlueNRGVersion                      0x08002204   Section        0  bluenrg_utils_small.o(i.getBlueNRGVersion)
    i.hci_le_read_local_version              0x08002256   Section        0  hci_le.o(i.hci_le_read_local_version)
    i.hci_le_set_scan_resp_data              0x080022d8   Section        0  hci_le.o(i.hci_le_set_scan_resp_data)
    i.hci_send_cmd                           0x0800233a   Section        0  hci.o(i.hci_send_cmd)
    i.hci_send_req                           0x0800236c   Section        0  hci.o(i.hci_send_req)
    i.hci_write                              0x080024e8   Section        0  hci.o(i.hci_write)
    i.list_get_size                          0x080024f0   Section        0  ble_list.o(i.list_get_size)
    i.list_init_head                         0x0800250c   Section        0  ble_list.o(i.list_init_head)
    i.list_insert_head                       0x08002512   Section        0  ble_list.o(i.list_insert_head)
    i.list_insert_tail                       0x0800252a   Section        0  ble_list.o(i.list_insert_tail)
    i.list_is_empty                          0x08002542   Section        0  ble_list.o(i.list_is_empty)
    i.list_remove_head                       0x0800255a   Section        0  ble_list.o(i.list_remove_head)
    i.list_remove_node                       0x0800257e   Section        0  ble_list.o(i.list_remove_node)
    i.list_remove_tail                       0x08002594   Section        0  ble_list.o(i.list_remove_tail)
    i.main                                   0x080025b8   Section        0  main.o(i.main)
    i.move_list                              0x080026a8   Section        0  hci.o(i.move_list)
    move_list                                0x080026a9   Thumb Code    36  hci.o(i.move_list)
    i.setConnectable                         0x080026cc   Section        0  sensor_service.o(i.setConnectable)
    .constdata                               0x0800270c   Section        6  stm32l0xx_nucleo.o(.constdata)
    .constdata                               0x08002712   Section       25  system_stm32l0xx.o(.constdata)
    .data                                    0x20000000   Section        1  main.o(.data)
    .data                                    0x20000004   Section       24  sensor_service.o(.data)
    .data                                    0x2000001c   Section        8  stm32xx_it.o(.data)
    .data                                    0x20000024   Section       20  stm32l0xx_nucleo.o(.data)
    sConfig                                  0x20000030   Data           8  stm32l0xx_nucleo.o(.data)
    .data                                    0x20000038   Section        4  system_stm32l0xx.o(.data)
    .data                                    0x2000003c   Section        4  stm32l0xx_hal.o(.data)
    .data                                    0x20000040   Section       20  hci.o(.data)
    hci_timeout                              0x20000040   Data           1  hci.o(.data)
    .data                                    0x20000054   Section        4  rand.o(.data)
    _rand_state                              0x20000054   Data           4  rand.o(.data)
    .bss                                     0x20000058   Section       12  sensor_service.o(.bss)
    .bss                                     0x20000064   Section       88  stm32_bluenrg_ble.o(.bss)
    .bss                                     0x200000bc   Section      700  hci.o(.bss)
    hciReadPacketBuffer                      0x200000bc   Data         700  hci.o(.bss)
    STACK                                    0x20000378   Section     1024  startup_stm32l053xx.o(STACK)

    Global Symbols

    Symbol Name                              Value     Ov Type        Size  Object(Section)

    BuildAttributes$$THM_ISAv3M$S$PE$A:L22$X:L11$S22$IEEE1$IW$USESV6$~STKCKD$USESV7$~SHL$OSPACE$EBA8$MICROLIB$REQ8$PRES8$EABIv2 0x00000000   Number         0  anon$$obj.o ABSOLUTE
    __ARM_use_no_argv                        0x00000000   Number         0  main.o ABSOLUTE
    __cpp_initialize__aeabi_                  - Undefined Weak Reference
    __cxa_finalize                            - Undefined Weak Reference
    __decompress                              - Undefined Weak Reference
    _clock_init                               - Undefined Weak Reference
    _microlib_exit                            - Undefined Weak Reference
    __Vectors_Size                           0x000000c0   Number         0  startup_stm32l053xx.o ABSOLUTE
    __Vectors                                0x08000000   Data           4  startup_stm32l053xx.o(RESET)
    __Vectors_End                            0x080000c0   Data           0  startup_stm32l053xx.o(RESET)
    __main                                   0x080000c1   Thumb Code     0  entry.o(.ARM.Collect$$$$00000000)
    _main_stk                                0x080000c1   Thumb Code     0  entry2.o(.ARM.Collect$$$$00000001)
    _main_scatterload                        0x080000c5   Thumb Code     0  entry5.o(.ARM.Collect$$$$00000004)
    __main_after_scatterload                 0x080000c9   Thumb Code     0  entry5.o(.ARM.Collect$$$$00000004)
    _main_clock                              0x080000c9   Thumb Code     0  entry7b.o(.ARM.Collect$$$$00000008)
    _main_cpp_init                           0x080000c9   Thumb Code     0  entry8b.o(.ARM.Collect$$$$0000000A)
    _main_init                               0x080000c9   Thumb Code     0  entry9a.o(.ARM.Collect$$$$0000000B)
    __rt_final_cpp                           0x080000d1   Thumb Code     0  entry10a.o(.ARM.Collect$$$$0000000D)
    __rt_final_exit                          0x080000d1   Thumb Code     0  entry11a.o(.ARM.Collect$$$$0000000F)
    Reset_Handler                            0x080000d5   Thumb Code     8  startup_stm32l053xx.o(.text)
    ADC1_COMP_IRQHandler                     0x080000e7   Thumb Code     0  startup_stm32l053xx.o(.text)
    DMA1_Channel1_IRQHandler                 0x080000e7   Thumb Code     0  startup_stm32l053xx.o(.text)
    DMA1_Channel2_3_IRQHandler               0x080000e7   Thumb Code     0  startup_stm32l053xx.o(.text)
    DMA1_Channel4_5_6_7_IRQHandler           0x080000e7   Thumb Code     0  startup_stm32l053xx.o(.text)
    EXTI2_3_IRQHandler                       0x080000e7   Thumb Code     0  startup_stm32l053xx.o(.text)
    FLASH_IRQHandler                         0x080000e7   Thumb Code     0  startup_stm32l053xx.o(.text)
    I2C1_IRQHandler                          0x080000e7   Thumb Code     0  startup_stm32l053xx.o(.text)
    I2C2_IRQHandler                          0x080000e7   Thumb Code     0  startup_stm32l053xx.o(.text)
    LCD_IRQHandler                           0x080000e7   Thumb Code     0  startup_stm32l053xx.o(.text)
    LPTIM1_IRQHandler                        0x080000e7   Thumb Code     0  startup_stm32l053xx.o(.text)
    PVD_IRQHandler                           0x080000e7   Thumb Code     0  startup_stm32l053xx.o(.text)
    RCC_CRS_IRQHandler                       0x080000e7   Thumb Code     0  startup_stm32l053xx.o(.text)
    RNG_LPUART1_IRQHandler                   0x080000e7   Thumb Code     0  startup_stm32l053xx.o(.text)
    RTC_IRQHandler                           0x080000e7   Thumb Code     0  startup_stm32l053xx.o(.text)
    SPI1_IRQHandler                          0x080000e7   Thumb Code     0  startup_stm32l053xx.o(.text)
    SPI2_IRQHandler                          0x080000e7   Thumb Code     0  startup_stm32l053xx.o(.text)
    TIM21_IRQHandler                         0x080000e7   Thumb Code     0  startup_stm32l053xx.o(.text)
    TIM22_IRQHandler                         0x080000e7   Thumb Code     0  startup_stm32l053xx.o(.text)
    TIM2_IRQHandler                          0x080000e7   Thumb Code     0  startup_stm32l053xx.o(.text)
    TIM6_DAC_IRQHandler                      0x080000e7   Thumb Code     0  startup_stm32l053xx.o(.text)
    TSC_IRQHandler                           0x080000e7   Thumb Code     0  startup_stm32l053xx.o(.text)
    USART1_IRQHandler                        0x080000e7   Thumb Code     0  startup_stm32l053xx.o(.text)
    USART2_IRQHandler                        0x080000e7   Thumb Code     0  startup_stm32l053xx.o(.text)
    USB_IRQHandler                           0x080000e7   Thumb Code     0  startup_stm32l053xx.o(.text)
    WWDG_IRQHandler                          0x080000e7   Thumb Code     0  startup_stm32l053xx.o(.text)
    __aeabi_uidiv                            0x080000f1   Thumb Code     0  uidiv.o(.text)
    __aeabi_uidivmod                         0x080000f1   Thumb Code    44  uidiv.o(.text)
    __aeabi_uldivmod                         0x0800011d   Thumb Code    96  uldiv.o(.text)
    rand                                     0x0800017d   Thumb Code    18  rand.o(.text)
    srand                                    0x0800018f   Thumb Code     6  rand.o(.text)
    ___aeabi_memcpy$ret                      0x080001a1   Thumb Code    40  memcpy.o(.text)
    ___aeabi_memcpy4$ret                     0x080001a1   Thumb Code     0  memcpy.o(.text)
    ___aeabi_memcpy8$ret                     0x080001a1   Thumb Code     0  memcpy.o(.text)
    memcpy                                   0x080001a1   Thumb Code     0  memcpy.o(.text)
    __aeabi_memset                           0x080001c9   Thumb Code    14  memseta.o(.text)
    __aeabi_memset4                          0x080001c9   Thumb Code     0  memseta.o(.text)
    __aeabi_memset8                          0x080001c9   Thumb Code     0  memseta.o(.text)
    __aeabi_memclr                           0x080001d7   Thumb Code     4  memseta.o(.text)
    __aeabi_memclr4                          0x080001d7   Thumb Code     0  memseta.o(.text)
    __aeabi_memclr8                          0x080001d7   Thumb Code     0  memseta.o(.text)
    memset                                   0x080001db   Thumb Code    18  memseta.o(.text)
    strlen                                   0x080001ed   Thumb Code    14  strlen.o(.text)
    __aeabi_uwrite4                          0x080001fb   Thumb Code    18  uwrite4.o(.text)
    __rt_uwrite4                             0x080001fb   Thumb Code     0  uwrite4.o(.text)
    _uwrite4                                 0x080001fb   Thumb Code     0  uwrite4.o(.text)
    __aeabi_llsl                             0x0800020d   Thumb Code    32  llshl.o(.text)
    _ll_shift_l                              0x0800020d   Thumb Code     0  llshl.o(.text)
    __aeabi_llsr                             0x0800022d   Thumb Code    34  llushr.o(.text)
    _ll_ushift_r                             0x0800022d   Thumb Code     0  llushr.o(.text)
    __scatterload                            0x08000251   Thumb Code    28  init.o(.text)
    __scatterload_rt2                        0x08000251   Thumb Code     0  init.o(.text)
    Acc_Update                               0x08000275   Thumb Code    64  sensor_service.o(i.Acc_Update)
    Add_Acc_Service                          0x080002b9   Thumb Code   298  sensor_service.o(i.Add_Acc_Service)
    Add_Environmental_Sensor_Service         0x080003e9   Thumb Code   614  sensor_service.o(i.Add_Environmental_Sensor_Service)
    BNRG_SPI_Init                            0x0800065d   Thumb Code    50  stm32_bluenrg_ble.o(i.BNRG_SPI_Init)
    BSP_PB_GetState                          0x08000699   Thumb Code    20  stm32l0xx_nucleo.o(i.BSP_PB_GetState)
    BSP_PB_Init                              0x080006b5   Thumb Code   100  stm32l0xx_nucleo.o(i.BSP_PB_Init)
    BlueNRG_DataPresent                      0x08000729   Thumb Code    20  stm32_bluenrg_ble.o(i.BlueNRG_DataPresent)
    BlueNRG_RST                              0x0800073d   Thumb Code    44  stm32_bluenrg_ble.o(i.BlueNRG_RST)
    BlueNRG_SPI_Read_All                     0x08000769   Thumb Code   140  stm32_bluenrg_ble.o(i.BlueNRG_SPI_Read_All)
    BlueNRG_SPI_Write                        0x08000801   Thumb Code   148  stm32_bluenrg_ble.o(i.BlueNRG_SPI_Write)
    Clear_SPI_EXTI_Flag                      0x080008a9   Thumb Code     8  stm32_bluenrg_ble.o(i.Clear_SPI_EXTI_Flag)
    Disable_SPI_IRQ                          0x080008b5   Thumb Code    10  stm32_bluenrg_ble.o(i.Disable_SPI_IRQ)
    EXTI0_1_IRQHandler                       0x080008bf   Thumb Code    10  stm32xx_it.o(i.EXTI0_1_IRQHandler)
    EXTI4_15_IRQHandler                      0x080008c9   Thumb Code    18  stm32xx_it.o(i.EXTI4_15_IRQHandler)
    Enable_SPI_IRQ                           0x080008e1   Thumb Code    10  stm32_bluenrg_ble.o(i.Enable_SPI_IRQ)
    GAP_ConnectionComplete_CB                0x080008ed   Thumb Code    18  sensor_service.o(i.GAP_ConnectionComplete_CB)
    GAP_DisconnectionComplete_CB             0x08000905   Thumb Code    14  sensor_service.o(i.GAP_DisconnectionComplete_CB)
    HAL_Delay                                0x08000919   Thumb Code    22  stm32l0xx_hal.o(i.HAL_Delay)
    HAL_GPIO_EXTI_Callback                   0x0800092f   Thumb Code     8  bluenrg_interface.o(i.HAL_GPIO_EXTI_Callback)
    HAL_GPIO_EXTI_IRQHandler                 0x08000939   Thumb Code    18  stm32l0xx_hal_gpio.o(i.HAL_GPIO_EXTI_IRQHandler)
    HAL_GPIO_Init                            0x08000951   Thumb Code   346  stm32l0xx_hal_gpio.o(i.HAL_GPIO_Init)
    HAL_GPIO_ReadPin                         0x08000ac9   Thumb Code    10  stm32l0xx_hal_gpio.o(i.HAL_GPIO_ReadPin)
    HAL_GPIO_WritePin                        0x08000ad3   Thumb Code    12  stm32l0xx_hal_gpio.o(i.HAL_GPIO_WritePin)
    HAL_GetTick                              0x08000ae1   Thumb Code     6  stm32l0xx_hal.o(i.HAL_GetTick)
    HAL_IncTick                              0x08000aed   Thumb Code    10  stm32l0xx_hal.o(i.HAL_IncTick)
    HAL_Init                                 0x08000afd   Thumb Code    26  stm32l0xx_hal.o(i.HAL_Init)
    HAL_InitTick                             0x08000b1d   Thumb Code    34  stm32l0xx_hal.o(i.HAL_InitTick)
    HAL_MspInit                              0x08000b45   Thumb Code     2  stm32l0xx_hal.o(i.HAL_MspInit)
    HAL_NVIC_DisableIRQ                      0x08000b49   Thumb Code    14  stm32l0xx_hal_cortex.o(i.HAL_NVIC_DisableIRQ)
    HAL_NVIC_EnableIRQ                       0x08000b5d   Thumb Code    14  stm32l0xx_hal_cortex.o(i.HAL_NVIC_EnableIRQ)
    HAL_NVIC_SetPriority                     0x08000b71   Thumb Code     8  stm32l0xx_hal_cortex.o(i.HAL_NVIC_SetPriority)
    HAL_RCC_ClockConfig                      0x08000b79   Thumb Code   340  stm32l0xx_hal_rcc.o(i.HAL_RCC_ClockConfig)
    HAL_RCC_GetSysClockFreq                  0x08000ce1   Thumb Code   100  stm32l0xx_hal_rcc.o(i.HAL_RCC_GetSysClockFreq)
    HAL_RCC_OscConfig                        0x08000d59   Thumb Code  1106  stm32l0xx_hal_rcc.o(i.HAL_RCC_OscConfig)
    HAL_SPI_Init                             0x080011ab   Thumb Code   132  stm32l0xx_hal_spi.o(i.HAL_SPI_Init)
    HAL_SPI_MspInit                          0x08001231   Thumb Code   276  stm32l0xx_hal_msp.o(i.HAL_SPI_MspInit)
    HAL_SPI_TransmitReceive                  0x08001355   Thumb Code   696  stm32l0xx_hal_spi.o(i.HAL_SPI_TransmitReceive)
    HAL_SYSTICK_Config                       0x0800160d   Thumb Code    38  stm32l0xx_hal_cortex.o(i.HAL_SYSTICK_Config)
    HCI_Event_CB                             0x0800163d   Thumb Code    84  sensor_service.o(i.HCI_Event_CB)
    HCI_Init                                 0x08001695   Thumb Code    42  hci.o(i.HCI_Init)
    HCI_Isr                                  0x080016c9   Thumb Code    96  hci.o(i.HCI_Isr)
    HCI_Process                              0x0800172d   Thumb Code    66  hci.o(i.HCI_Process)
    HCI_Queue_Empty                          0x08001775   Thumb Code    10  hci.o(i.HCI_Queue_Empty)
    HCI_verify                               0x08001785   Thumb Code    34  hci.o(i.HCI_verify)
    Hal_Write_Serial                         0x080017a7   Thumb Code    46  stm32_bluenrg_ble.o(i.Hal_Write_Serial)
    HardFault_Handler                        0x080017d5   Thumb Code     2  stm32xx_it.o(i.HardFault_Handler)
    Humidity_Update                          0x080017d9   Thumb Code    30  sensor_service.o(i.Humidity_Update)
    NMI_Handler                              0x080017fd   Thumb Code     2  stm32xx_it.o(i.NMI_Handler)
    Osal_MemCpy                              0x08001845   Thumb Code     8  osal.o(i.Osal_MemCpy)
    Osal_MemSet                              0x0800184d   Thumb Code     8  osal.o(i.Osal_MemSet)
    PendSV_Handler                           0x08001855   Thumb Code     2  stm32xx_it.o(i.PendSV_Handler)
    Press_Update                             0x08001859   Thumb Code    30  sensor_service.o(i.Press_Update)
    Read_Request_CB                          0x080018ed   Thumb Code   168  sensor_service.o(i.Read_Request_CB)
    SVC_Handler                              0x08001a57   Thumb Code     2  stm32xx_it.o(i.SVC_Handler)
    SysTick_Handler                          0x08001a59   Thumb Code    16  stm32xx_it.o(i.SysTick_Handler)
    SystemClock_Config                       0x08001a6d   Thumb Code    92  cube_hal_l0.o(i.SystemClock_Config)
    SystemInit                               0x08001ad1   Thumb Code    66  system_stm32l0xx.o(i.SystemInit)
    Temp_Update                              0x08001b25   Thumb Code    30  sensor_service.o(i.Temp_Update)
    Timer_Expired                            0x08001b49   Thumb Code    28  gp_timer.o(i.Timer_Expired)
    Timer_Set                                0x08001b65   Thumb Code    14  gp_timer.o(i.Timer_Set)
    User_Process                             0x08001b75   Thumb Code    74  main.o(i.User_Process)
    __ARM_common_ll_mulss                    0x08001bc9   Thumb Code    48  sensor_service.o(i.__ARM_common_ll_mulss)
    __scatterload_copy                       0x08001bf9   Thumb Code    14  handlers.o(i.__scatterload_copy)
    __scatterload_null                       0x08001c07   Thumb Code     2  handlers.o(i.__scatterload_null)
    __scatterload_zeroinit                   0x08001c09   Thumb Code    14  handlers.o(i.__scatterload_zeroinit)
    aci_gap_init_IDB04A1                     0x08001c17   Thumb Code   124  bluenrg_gap_aci.o(i.aci_gap_init_IDB04A1)
    aci_gap_init_IDB05A1                     0x08001c93   Thumb Code   126  bluenrg_gap_aci.o(i.aci_gap_init_IDB05A1)
    aci_gap_set_auth_requirement             0x08001d11   Thumb Code   116  bluenrg_gap_aci.o(i.aci_gap_set_auth_requirement)
    aci_gap_set_discoverable                 0x08001d85   Thumb Code   196  bluenrg_gap_aci.o(i.aci_gap_set_discoverable)
    aci_gatt_add_char                        0x08001e49   Thumb Code   182  bluenrg_gatt_aci.o(i.aci_gatt_add_char)
    aci_gatt_add_char_desc                   0x08001eff   Thumb Code   232  bluenrg_gatt_aci.o(i.aci_gatt_add_char_desc)
    aci_gatt_add_serv                        0x08001fe7   Thumb Code   128  bluenrg_gatt_aci.o(i.aci_gatt_add_serv)
    aci_gatt_allow_read                      0x08002067   Thumb Code    68  bluenrg_gatt_aci.o(i.aci_gatt_allow_read)
    aci_gatt_init                            0x080020ab   Thumb Code    56  bluenrg_gatt_aci.o(i.aci_gatt_init)
    aci_gatt_update_char_value               0x080020e3   Thumb Code   128  bluenrg_gatt_aci.o(i.aci_gatt_update_char_value)
    aci_hal_set_tx_power_level               0x08002163   Thumb Code    68  bluenrg_hal_aci.o(i.aci_hal_set_tx_power_level)
    aci_hal_write_config_data                0x080021a7   Thumb Code    94  bluenrg_hal_aci.o(i.aci_hal_write_config_data)
    getBlueNRGVersion                        0x08002205   Thumb Code    82  bluenrg_utils_small.o(i.getBlueNRGVersion)
    hci_le_read_local_version                0x08002257   Thumb Code   130  hci_le.o(i.hci_le_read_local_version)
    hci_le_set_scan_resp_data                0x080022d9   Thumb Code    98  hci_le.o(i.hci_le_set_scan_resp_data)
    hci_send_cmd                             0x0800233b   Thumb Code    48  hci.o(i.hci_send_cmd)
    hci_send_req                             0x0800236d   Thumb Code   376  hci.o(i.hci_send_req)
    hci_write                                0x080024e9   Thumb Code     8  hci.o(i.hci_write)
    list_get_size                            0x080024f1   Thumb Code    28  ble_list.o(i.list_get_size)
    list_init_head                           0x0800250d   Thumb Code     6  ble_list.o(i.list_init_head)
    list_insert_head                         0x08002513   Thumb Code    24  ble_list.o(i.list_insert_head)
    list_insert_tail                         0x0800252b   Thumb Code    24  ble_list.o(i.list_insert_tail)
    list_is_empty                            0x08002543   Thumb Code    24  ble_list.o(i.list_is_empty)
    list_remove_head                         0x0800255b   Thumb Code    36  ble_list.o(i.list_remove_head)
    list_remove_node                         0x0800257f   Thumb Code    22  ble_list.o(i.list_remove_node)
    list_remove_tail                         0x08002595   Thumb Code    36  ble_list.o(i.list_remove_tail)
    main                                     0x080025b9   Thumb Code   210  main.o(i.main)
    setConnectable                           0x080026cd   Thumb Code    54  sensor_service.o(i.setConnectable)
    BUTTON_IRQn                              0x0800270c   Data           1  stm32l0xx_nucleo.o(.constdata)
    LED_PIN                                  0x0800270e   Data           2  stm32l0xx_nucleo.o(.constdata)
    BUTTON_PIN                               0x08002710   Data           2  stm32l0xx_nucleo.o(.constdata)
    AHBPrescTable                            0x08002712   Data          16  system_stm32l0xx.o(.constdata)
    PLLMulTable                              0x08002722   Data           9  system_stm32l0xx.o(.constdata)
    Region$$Table$$Base                      0x0800272c   Number         0  anon$$obj.o(Region$$Table)
    Region$$Table$$Limit                     0x0800274c   Number         0  anon$$obj.o(Region$$Table)
    bnrg_expansion_board                     0x20000000   Data           1  main.o(.data)
    set_connectable                          0x20000004   Data           1  sensor_service.o(.data)
    notification_enabled                     0x20000005   Data           1  sensor_service.o(.data)
    connection_handle                        0x20000006   Data           2  sensor_service.o(.data)
    accServHandle                            0x20000008   Data           2  sensor_service.o(.data)
    freeFallCharHandle                       0x2000000a   Data           2  sensor_service.o(.data)
    accCharHandle                            0x2000000c   Data           2  sensor_service.o(.data)
    envSensServHandle                        0x2000000e   Data           2  sensor_service.o(.data)
    tempCharHandle                           0x20000010   Data           2  sensor_service.o(.data)
    pressCharHandle                          0x20000012   Data           2  sensor_service.o(.data)
    humidityCharHandle                       0x20000014   Data           2  sensor_service.o(.data)
    connected                                0x20000018   Data           4  sensor_service.o(.data)
    button_event                             0x2000001c   Data           1  stm32xx_it.o(.data)
    ms_counter                               0x20000020   Data           4  stm32xx_it.o(.data)
    LED_PORT                                 0x20000024   Data           4  stm32l0xx_nucleo.o(.data)
    BUTTON_PORT                              0x20000028   Data           4  stm32l0xx_nucleo.o(.data)
    SpixTimeout                              0x2000002c   Data           4  stm32l0xx_nucleo.o(.data)
    SystemCoreClock                          0x20000038   Data           4  system_stm32l0xx.o(.data)
    uwTick                                   0x2000003c   Data           4  stm32l0xx_hal.o(.data)
    hciReadPktPool                           0x20000044   Data           8  hci.o(.data)
    hciReadPktRxQueue                        0x2000004c   Data           8  hci.o(.data)
    axes_data                                0x20000058   Data          12  sensor_service.o(.bss)
    SpiHandle                                0x20000064   Data          88  stm32_bluenrg_ble.o(.bss)
    __initial_sp                             0x20000778   Data           0  startup_stm32l053xx.o(STACK)



==============================================================================

Memory Map of the image

  Image Entry point : 0x080000c1

  Load Region LR_IROM1 (Base: 0x08000000, Size: 0x000027a4, Max: 0x00010000, ABSOLUTE)

    Execution Region ER_IROM1 (Exec base: 0x08000000, Load base: 0x08000000, Size: 0x0000274c, Max: 0x00010000, ABSOLUTE)

    Exec Addr    Load Addr    Size         Type   Attr      Idx    E Section Name        Object

    0x08000000   0x08000000   0x000000c0   Data   RO            3    RESET               startup_stm32l053xx.o
    0x080000c0   0x080000c0   0x00000000   Code   RO         3372  * .ARM.Collect$$$$00000000  mc_p.l(entry.o)
    0x080000c0   0x080000c0   0x00000004   Code   RO         3396    .ARM.Collect$$$$00000001  mc_p.l(entry2.o)
    0x080000c4   0x080000c4   0x00000004   Code   RO         3399    .ARM.Collect$$$$00000004  mc_p.l(entry5.o)
    0x080000c8   0x080000c8   0x00000000   Code   RO         3401    .ARM.Collect$$$$00000008  mc_p.l(entry7b.o)
    0x080000c8   0x080000c8   0x00000000   Code   RO         3403    .ARM.Collect$$$$0000000A  mc_p.l(entry8b.o)
    0x080000c8   0x080000c8   0x00000008   Code   RO         3404    .ARM.Collect$$$$0000000B  mc_p.l(entry9a.o)
    0x080000d0   0x080000d0   0x00000000   Code   RO         3406    .ARM.Collect$$$$0000000D  mc_p.l(entry10a.o)
    0x080000d0   0x080000d0   0x00000000   Code   RO         3408    .ARM.Collect$$$$0000000F  mc_p.l(entry11a.o)
    0x080000d0   0x080000d0   0x00000004   Code   RO         3397    .ARM.Collect$$$$00002712  mc_p.l(entry2.o)
    0x080000d4   0x080000d4   0x0000001c   Code   RO            4    .text               startup_stm32l053xx.o
    0x080000f0   0x080000f0   0x0000002c   Code   RO         3375    .text               mc_p.l(uidiv.o)
    0x0800011c   0x0800011c   0x00000060   Code   RO         3377    .text               mc_p.l(uldiv.o)
    0x0800017c   0x0800017c   0x00000024   Code   RO         3379    .text               mc_p.l(rand.o)
    0x080001a0   0x080001a0   0x00000028   Code   RO         3382    .text               mc_p.l(memcpy.o)
    0x080001c8   0x080001c8   0x00000024   Code   RO         3386    .text               mc_p.l(memseta.o)
    0x080001ec   0x080001ec   0x0000000e   Code   RO         3388    .text               mc_p.l(strlen.o)
    0x080001fa   0x080001fa   0x00000012   Code   RO         3394    .text               mc_p.l(uwrite4.o)
    0x0800020c   0x0800020c   0x00000020   Code   RO         3410    .text               mc_p.l(llshl.o)
    0x0800022c   0x0800022c   0x00000022   Code   RO         3412    .text               mc_p.l(llushr.o)
    0x0800024e   0x0800024e   0x00000002   PAD
    0x08000250   0x08000250   0x00000024   Code   RO         3414    .text               mc_p.l(init.o)
    0x08000274   0x08000274   0x00000044   Code   RO          239    i.Acc_Update        sensor_service.o
    0x080002b8   0x080002b8   0x00000130   Code   RO          240    i.Add_Acc_Service   sensor_service.o
    0x080003e8   0x080003e8   0x00000274   Code   RO          241    i.Add_Environmental_Sensor_Service  sensor_service.o
    0x0800065c   0x0800065c   0x0000003c   Code   RO          628    i.BNRG_SPI_Init     stm32_bluenrg_ble.o
    0x08000698   0x08000698   0x0000001c   Code   RO          453    i.BSP_PB_GetState   stm32l0xx_nucleo.o
    0x080006b4   0x080006b4   0x00000074   Code   RO          454    i.BSP_PB_Init       stm32l0xx_nucleo.o
    0x08000728   0x08000728   0x00000014   Code   RO          629    i.BlueNRG_DataPresent  stm32_bluenrg_ble.o
    0x0800073c   0x0800073c   0x0000002c   Code   RO          631    i.BlueNRG_RST       stm32_bluenrg_ble.o
    0x08000768   0x08000768   0x00000098   Code   RO          632    i.BlueNRG_SPI_Read_All  stm32_bluenrg_ble.o
    0x08000800   0x08000800   0x000000a8   Code   RO          633    i.BlueNRG_SPI_Write  stm32_bluenrg_ble.o
    0x080008a8   0x080008a8   0x0000000c   Code   RO          634    i.Clear_SPI_EXTI_Flag  stm32_bluenrg_ble.o
    0x080008b4   0x080008b4   0x0000000a   Code   RO          636    i.Disable_SPI_IRQ   stm32_bluenrg_ble.o
    0x080008be   0x080008be   0x0000000a   Code   RO          354    i.EXTI0_1_IRQHandler  stm32xx_it.o
    0x080008c8   0x080008c8   0x00000018   Code   RO          355    i.EXTI4_15_IRQHandler  stm32xx_it.o
    0x080008e0   0x080008e0   0x0000000a   Code   RO          637    i.Enable_SPI_IRQ    stm32_bluenrg_ble.o
    0x080008ea   0x080008ea   0x00000002   PAD
    0x080008ec   0x080008ec   0x00000018   Code   RO          243    i.GAP_ConnectionComplete_CB  sensor_service.o
    0x08000904   0x08000904   0x00000014   Code   RO          244    i.GAP_DisconnectionComplete_CB  sensor_service.o
    0x08000918   0x08000918   0x00000016   Code   RO          769    i.HAL_Delay         stm32l0xx_hal.o
    0x0800092e   0x0800092e   0x00000008   Code   RO          215    i.HAL_GPIO_EXTI_Callback  bluenrg_interface.o
    0x08000936   0x08000936   0x00000002   PAD
    0x08000938   0x08000938   0x00000018   Code   RO         1548    i.HAL_GPIO_EXTI_IRQHandler  stm32l0xx_hal_gpio.o
    0x08000950   0x08000950   0x00000178   Code   RO         1549    i.HAL_GPIO_Init     stm32l0xx_hal_gpio.o
    0x08000ac8   0x08000ac8   0x0000000a   Code   RO         1551    i.HAL_GPIO_ReadPin  stm32l0xx_hal_gpio.o
    0x08000ad2   0x08000ad2   0x0000000c   Code   RO         1553    i.HAL_GPIO_WritePin  stm32l0xx_hal_gpio.o
    0x08000ade   0x08000ade   0x00000002   PAD
    0x08000ae0   0x08000ae0   0x0000000c   Code   RO          773    i.HAL_GetTick       stm32l0xx_hal.o
    0x08000aec   0x08000aec   0x00000010   Code   RO          774    i.HAL_IncTick       stm32l0xx_hal.o
    0x08000afc   0x08000afc   0x00000020   Code   RO          775    i.HAL_Init          stm32l0xx_hal.o
    0x08000b1c   0x08000b1c   0x00000028   Code   RO          776    i.HAL_InitTick      stm32l0xx_hal.o
    0x08000b44   0x08000b44   0x00000002   Code   RO          778    i.HAL_MspInit       stm32l0xx_hal.o
    0x08000b46   0x08000b46   0x00000002   PAD
    0x08000b48   0x08000b48   0x00000014   Code   RO         1166    i.HAL_NVIC_DisableIRQ  stm32l0xx_hal_cortex.o
    0x08000b5c   0x08000b5c   0x00000014   Code   RO         1167    i.HAL_NVIC_EnableIRQ  stm32l0xx_hal_cortex.o
    0x08000b70   0x08000b70   0x00000008   Code   RO         1171    i.HAL_NVIC_SetPriority  stm32l0xx_hal_cortex.o
    0x08000b78   0x08000b78   0x00000168   Code   RO         1781    i.HAL_RCC_ClockConfig  stm32l0xx_hal_rcc.o
    0x08000ce0   0x08000ce0   0x00000078   Code   RO         1789    i.HAL_RCC_GetSysClockFreq  stm32l0xx_hal_rcc.o
    0x08000d58   0x08000d58   0x00000452   Code   RO         1792    i.HAL_RCC_OscConfig  stm32l0xx_hal_rcc.o
    0x080011aa   0x080011aa   0x00000084   Code   RO         2013    i.HAL_SPI_Init      stm32l0xx_hal_spi.o
    0x0800122e   0x0800122e   0x00000002   PAD
    0x08001230   0x08001230   0x00000124   Code   RO          422    i.HAL_SPI_MspInit   stm32l0xx_hal_msp.o
    0x08001354   0x08001354   0x000002b8   Code   RO         2022    i.HAL_SPI_TransmitReceive  stm32l0xx_hal_spi.o
    0x0800160c   0x0800160c   0x00000030   Code   RO         1175    i.HAL_SYSTICK_Config  stm32l0xx_hal_cortex.o
    0x0800163c   0x0800163c   0x00000058   Code   RO          245    i.HCI_Event_CB      sensor_service.o
    0x08001694   0x08001694   0x00000034   Code   RO         2240    i.HCI_Init          hci.o
    0x080016c8   0x080016c8   0x00000064   Code   RO         2241    i.HCI_Isr           hci.o
    0x0800172c   0x0800172c   0x00000048   Code   RO         2242    i.HCI_Process       hci.o
    0x08001774   0x08001774   0x00000010   Code   RO         2243    i.HCI_Queue_Empty   hci.o
    0x08001784   0x08001784   0x00000022   Code   RO         2244    i.HCI_verify        hci.o
    0x080017a6   0x080017a6   0x0000002e   Code   RO          638    i.Hal_Write_Serial  stm32_bluenrg_ble.o
    0x080017d4   0x080017d4   0x00000002   Code   RO          356    i.HardFault_Handler  stm32xx_it.o
    0x080017d6   0x080017d6   0x00000002   PAD
    0x080017d8   0x080017d8   0x00000024   Code   RO          246    i.Humidity_Update   sensor_service.o
    0x080017fc   0x080017fc   0x00000002   Code   RO          357    i.NMI_Handler       stm32xx_it.o
    0x080017fe   0x080017fe   0x00000002   PAD
    0x08001800   0x08001800   0x00000044   Code   RO         1177    i.NVIC_SetPriority  stm32l0xx_hal_cortex.o
    0x08001844   0x08001844   0x00000008   Code   RO         3351    i.Osal_MemCpy       osal.o
    0x0800184c   0x0800184c   0x00000008   Code   RO         3352    i.Osal_MemSet       osal.o
    0x08001854   0x08001854   0x00000002   Code   RO          358    i.PendSV_Handler    stm32xx_it.o
    0x08001856   0x08001856   0x00000002   PAD
    0x08001858   0x08001858   0x00000024   Code   RO          247    i.Press_Update      sensor_service.o
    0x0800187c   0x0800187c   0x00000070   Code   RO         1793    i.RCC_SetFlashLatencyFromMSIRange  stm32l0xx_hal_rcc.o
    0x080018ec   0x080018ec   0x000000b8   Code   RO          248    i.Read_Request_CB   sensor_service.o
    0x080019a4   0x080019a4   0x000000b2   Code   RO         2043    i.SPI_WaitOnFlagUntilTimeout  stm32l0xx_hal_spi.o
    0x08001a56   0x08001a56   0x00000002   Code   RO          359    i.SVC_Handler       stm32xx_it.o
    0x08001a58   0x08001a58   0x00000014   Code   RO          360    i.SysTick_Handler   stm32xx_it.o
    0x08001a6c   0x08001a6c   0x00000064   Code   RO          333    i.SystemClock_Config  cube_hal_l0.o
    0x08001ad0   0x08001ad0   0x00000054   Code   RO          727    i.SystemInit        system_stm32l0xx.o
    0x08001b24   0x08001b24   0x00000024   Code   RO          249    i.Temp_Update       sensor_service.o
    0x08001b48   0x08001b48   0x0000001c   Code   RO         3220    i.Timer_Expired     gp_timer.o
    0x08001b64   0x08001b64   0x0000000e   Code   RO         3224    i.Timer_Set         gp_timer.o
    0x08001b72   0x08001b72   0x00000002   PAD
    0x08001b74   0x08001b74   0x00000054   Code   RO           12    i.User_Process      main.o
    0x08001bc8   0x08001bc8   0x00000030   Code   RO          322    i.__ARM_common_ll_mulss  sensor_service.o
    0x08001bf8   0x08001bf8   0x0000000e   Code   RO         3418    i.__scatterload_copy  mc_p.l(handlers.o)
    0x08001c06   0x08001c06   0x00000002   Code   RO         3419    i.__scatterload_null  mc_p.l(handlers.o)
    0x08001c08   0x08001c08   0x0000000e   Code   RO         3420    i.__scatterload_zeroinit  mc_p.l(handlers.o)
    0x08001c16   0x08001c16   0x0000007c   Code   RO         2533    i.aci_gap_init_IDB04A1  bluenrg_gap_aci.o
    0x08001c92   0x08001c92   0x0000007e   Code   RO         2534    i.aci_gap_init_IDB05A1  bluenrg_gap_aci.o
    0x08001d10   0x08001d10   0x00000074   Code   RO         2540    i.aci_gap_set_auth_requirement  bluenrg_gap_aci.o
    0x08001d84   0x08001d84   0x000000c4   Code   RO         2545    i.aci_gap_set_discoverable  bluenrg_gap_aci.o
    0x08001e48   0x08001e48   0x000000b6   Code   RO         2796    i.aci_gatt_add_char  bluenrg_gatt_aci.o
    0x08001efe   0x08001efe   0x000000e8   Code   RO         2797    i.aci_gatt_add_char_desc  bluenrg_gatt_aci.o
    0x08001fe6   0x08001fe6   0x00000080   Code   RO         2798    i.aci_gatt_add_serv  bluenrg_gatt_aci.o
    0x08002066   0x08002066   0x00000044   Code   RO         2799    i.aci_gatt_allow_read  bluenrg_gatt_aci.o
    0x080020aa   0x080020aa   0x00000038   Code   RO         2812    i.aci_gatt_init     bluenrg_gatt_aci.o
    0x080020e2   0x080020e2   0x00000080   Code   RO         2825    i.aci_gatt_update_char_value  bluenrg_gatt_aci.o
    0x08002162   0x08002162   0x00000044   Code   RO         3074    i.aci_hal_set_tx_power_level  bluenrg_hal_aci.o
    0x080021a6   0x080021a6   0x0000005e   Code   RO         3077    i.aci_hal_write_config_data  bluenrg_hal_aci.o
    0x08002204   0x08002204   0x00000052   Code   RO         3174    i.getBlueNRGVersion  bluenrg_utils_small.o
    0x08002256   0x08002256   0x00000082   Code   RO         2337    i.hci_le_read_local_version  hci_le.o
    0x080022d8   0x080022d8   0x00000062   Code   RO         2348    i.hci_le_set_scan_resp_data  hci_le.o
    0x0800233a   0x0800233a   0x00000030   Code   RO         2245    i.hci_send_cmd      hci.o
    0x0800236a   0x0800236a   0x00000002   PAD
    0x0800236c   0x0800236c   0x0000017c   Code   RO         2246    i.hci_send_req      hci.o
    0x080024e8   0x080024e8   0x00000008   Code   RO         2248    i.hci_write         hci.o
    0x080024f0   0x080024f0   0x0000001c   Code   RO         3266    i.list_get_size     ble_list.o
    0x0800250c   0x0800250c   0x00000006   Code   RO         3267    i.list_init_head    ble_list.o
    0x08002512   0x08002512   0x00000018   Code   RO         3268    i.list_insert_head  ble_list.o
    0x0800252a   0x0800252a   0x00000018   Code   RO         3271    i.list_insert_tail  ble_list.o
    0x08002542   0x08002542   0x00000018   Code   RO         3272    i.list_is_empty     ble_list.o
    0x0800255a   0x0800255a   0x00000024   Code   RO         3273    i.list_remove_head  ble_list.o
    0x0800257e   0x0800257e   0x00000016   Code   RO         3274    i.list_remove_node  ble_list.o
    0x08002594   0x08002594   0x00000024   Code   RO         3275    i.list_remove_tail  ble_list.o
    0x080025b8   0x080025b8   0x000000f0   Code   RO           13    i.main              main.o
    0x080026a8   0x080026a8   0x00000024   Code   RO         2249    i.move_list         hci.o
    0x080026cc   0x080026cc   0x00000040   Code   RO          250    i.setConnectable    sensor_service.o
    0x0800270c   0x0800270c   0x00000006   Data   RO          472    .constdata          stm32l0xx_nucleo.o
    0x08002712   0x08002712   0x00000019   Data   RO          728    .constdata          system_stm32l0xx.o
    0x0800272b   0x0800272b   0x00000001   PAD
    0x0800272c   0x0800272c   0x00000020   Data   RO         3416    Region$$Table       anon$$obj.o


    Execution Region RW_IRAM1 (Exec base: 0x20000000, Load base: 0x0800274c, Size: 0x00000778, Max: 0x00002000, ABSOLUTE)

    Exec Addr    Load Addr    Size         Type   Attr      Idx    E Section Name        Object

    0x20000000   0x0800274c   0x00000001   Data   RW           14    .data               main.o
    0x20000001   0x0800274d   0x00000003   PAD
    0x20000004   0x08002750   0x00000018   Data   RW          252    .data               sensor_service.o
    0x2000001c   0x08002768   0x00000008   Data   RW          361    .data               stm32xx_it.o
    0x20000024   0x08002770   0x00000014   Data   RW          473    .data               stm32l0xx_nucleo.o
    0x20000038   0x08002784   0x00000004   Data   RW          730    .data               system_stm32l0xx.o
    0x2000003c   0x08002788   0x00000004   Data   RW          785    .data               stm32l0xx_hal.o
    0x20000040   0x0800278c   0x00000014   Data   RW         2251    .data               hci.o
    0x20000054   0x080027a0   0x00000004   Data   RW         3380    .data               mc_p.l(rand.o)
    0x20000058        -       0x0000000c   Zero   RW          251    .bss                sensor_service.o
    0x20000064        -       0x00000058   Zero   RW          642    .bss                stm32_bluenrg_ble.o
    0x200000bc        -       0x000002bc   Zero   RW         2250    .bss                hci.o
    0x20000378        -       0x00000400   Zero   RW            1    STACK               startup_stm32l053xx.o


==============================================================================

Image component sizes


      Code (inc. data)   RO Data    RW Data    ZI Data      Debug   Object Name

       200          0          0          0          0       9148   ble_list.o
       562          0          0          0          0       5660   bluenrg_gap_aci.o
       794          0          0          0          0       8240   bluenrg_gatt_aci.o
       162          0          0          0          0       2921   bluenrg_hal_aci.o
         8          0          0          0          0        573   bluenrg_interface.o
        82          0          0          0          0       1876   bluenrg_utils_small.o
       100          8          0          0          0        693   cube_hal_l0.o
        42          0          0          0          0       2056   gp_timer.o
       746         30          0         20        700      10631   hci.o
       228          0          0          0          0       2828   hci_le.o
       324         40          0          1          0     364326   main.o
        16          0          0          0          0       1572   osal.o
      1536         84          0         24         12      11169   sensor_service.o
        28          8        192          0       1024        716   startup_stm32l053xx.o
       522         46          0          0         88       8256   stm32_bluenrg_ble.o
       124         24          0          4          0       5005   stm32l0xx_hal.o
       164         30          0          0          0      11991   stm32l0xx_hal_cortex.o
       422         36          0          0          0       4162   stm32l0xx_hal_gpio.o
       292         16          0          0          0       1406   stm32l0xx_hal_msp.o
      1698         96          0          0          0       5966   stm32l0xx_hal_rcc.o
      1006          0          0          0          0       4161   stm32l0xx_hal_spi.o
       144         24          6         20          0       3880   stm32l0xx_nucleo.o
        62         10          0          8          0       4492   stm32xx_it.o
        84         18         25          4          0       1495   system_stm32l0xx.o

    ----------------------------------------------------------------------
      9366        470        256         84       1824     473223   Object Totals
         0          0         32          0          0          0   (incl. Generated)
        20          0          1          3          0          0   (incl. Padding)

    ----------------------------------------------------------------------

      Code (inc. data)   RO Data    RW Data    ZI Data      Debug   Library Member Name

         0          0          0          0          0          0   entry.o
         0          0          0          0          0          0   entry10a.o
         0          0          0          0          0          0   entry11a.o
         8          4          0          0          0          0   entry2.o
         4          0          0          0          0          0   entry5.o
         0          0          0          0          0          0   entry7b.o
         0          0          0          0          0          0   entry8b.o
         8          4          0          0          0          0   entry9a.o
        30          0          0          0          0          0   handlers.o
        36          8          0          0          0         68   init.o
        32          0          0          0          0         68   llshl.o
        34          0          0          0          0         68   llushr.o
        40          0          0          0          0         68   memcpy.o
        36          0          0          0          0        100   memseta.o
        36         12          0          4          0        120   rand.o
        14          0          0          0          0         60   strlen.o
        44          0          0          0          0         72   uidiv.o
        96          0          0          0          0         84   uldiv.o
        18          0          0          0          0         60   uwrite4.o

    ----------------------------------------------------------------------
       438         28          0          4          0        768   Library Totals
         2          0          0          0          0          0   (incl. Padding)

    ----------------------------------------------------------------------

      Code (inc. data)   RO Data    RW Data    ZI Data      Debug   Library Name

       436         28          0          4          0        768   mc_p.l

    ----------------------------------------------------------------------
       438         28          0          4          0        768   Library Totals

    ----------------------------------------------------------------------

==============================================================================


      Code (inc. data)   RO Data    RW Data    ZI Data      Debug   

      9804        498        256         88       1824     469831   Grand Totals
      9804        498        256         88       1824     469831   ELF Image Totals
      9804        498        256         88          0          0   ROM Totals

==============================================================================

    Total RO  Size (Code + RO Data)                10060 (   9.82kB)
    Total RW  Size (RW Data + ZI Data)              1912 (   1.87kB)
    Total ROM Size (Code + RO Data + RW Data)      10148 (   9.91kB)

==============================================================================

