<html>
<body>
<pre>
<h1>µVision Build Log</h1>
<h2>Tool Versions:</h2>
IDE-Version: µVision V5.40.0.0
Copyright (C) 2024 ARM Ltd and ARM Germany GmbH. All rights reserved.
License Information: USYD ICT, The University of Sydney, LIC=LB4EI-TADZX-HZRDP-00XPX-0CQLW-6EJ2R
 
Tool Versions:
Toolchain:       MDK-ARM Cortex-M0/M0+ for ST  Version: 5.40.0.3
Toolchain Path:  C:\KEIL_V5\ARM\ARM_Compiler_5.06u7\Bin
C Compiler:      Armcc.exe V5.06 update 7 (build 960)
Assembler:       Armasm.exe V5.06 update 7 (build 960)
Linker/Locator:  ArmLink.exe V5.06 update 7 (build 960)
Library Manager: ArmAr.exe V5.06 update 7 (build 960)
Hex Converter:   FromElf.exe V5.06 update 7 (build 960)
CPU DLL:         SARMCM3.DLL V5.40.0.3
Dialog DLL:      DARMCM1.DLL V1.19.6.0
Target DLL:      STLink\ST-LINKIII-KEIL_SWO.dll V3.3.0.0
Dialog DLL:      TARMCM1.DLL V1.14.6.0
 
<h2>Project:</h2>
C:\Users\msta5851\ELEC5514\lab3\Source Code\Lab3_SampleApp\Projects\Multi\Applications\SampleAppThT\MDK-ARM\STM32L053R8-Nucleo\SampleAppThT.uvprojx
Project File Date:  08/25/2025

<h2>Output:</h2>
*** Using Compiler 'V5.06 update 7 (build 960)', folder: 'C:\KEIL_V5\ARM\ARM_Compiler_5.06u7\Bin'
Rebuild target 'SampleApp_SERVER'
assembling startup_stm32l053xx.s...
compiling stm32l0xx_nucleo.c...
compiling stm32l0xx_hal_msp.c...
compiling stm32l0xx_hal_adc_ex.c...
compiling stm32xx_it.c...
compiling stm32l0xx_hal_dma.c...
compiling stm32l0xx_hal_flash_ex.c...
compiling bluenrg_interface.c...
compiling uart_support.c...
compiling stm32_bluenrg_ble.c...
compiling cube_hal_l0.c...
compiling stm32l0xx_hal_flash.c...
compiling stm32l0xx_hal_gpio.c...
compiling stm32l0xx_hal_cortex.c...
compiling stm32l0xx_hal_adc.c...
compiling system_stm32l0xx.c...
compiling stm32l0xx_hal_pwr.c...
compiling stm32l0xx_hal.c...
compiling main.c...
..\..\Src\main.c(195): warning:  #177-D: variable "CLIENT_BDADDR"  was declared but never referenced
    uint8_t CLIENT_BDADDR[] = {0x03, 0x80, 0xE1, 0x01, 0x33, 0xF1};
..\..\Src\main.c: 1 warning, 0 errors
compiling sample_service.c...
..\..\Src\sample_service.c(282): warning:  #2748-D: null argument provided for parameter marked with attribute "nonnull"
  	memcpy(data_buffer, 0, Nb_bytes);
..\..\Src\sample_service.c: 1 warning, 0 errors
compiling osal.c...
compiling stm32l0xx_hal_rcc.c...
compiling stm32l0xx_hal_pwr_ex.c...
compiling stm32l0xx_hal_rcc_ex.c...
compiling hci.c...
..\..\..\..\..\..\Middlewares\ST\STM32_BlueNRG\SimpleBlueNRG_HCI\hci\hci.c(165): warning:  #223-D: function "Hal_Write_Serial" declared implicitly
    Hal_Write_Serial(data1, data2, n_bytes1, n_bytes2);
..\..\..\..\..\..\Middlewares\ST\STM32_BlueNRG\SimpleBlueNRG_HCI\hci\hci.c: 1 warning, 0 errors
compiling bluenrg_l2cap_aci.c...
compiling hci_le.c...
compiling stm32l0xx_hal_uart_ex.c...
compiling bluenrg_gap_aci.c...
compiling bluenrg_utils_small.c...
..\..\..\..\..\..\Middlewares\ST\STM32_BlueNRG\SimpleBlueNRG_HCI\hci\controller\bluenrg_utils_small.c(18): warning:  #223-D: function "hci_le_read_local_version" declared implicitly
    status = hci_le_read_local_version(&hci_version, &hci_revision, &lmp_pal_version, 
..\..\..\..\..\..\Middlewares\ST\STM32_BlueNRG\SimpleBlueNRG_HCI\hci\controller\bluenrg_utils_small.c: 1 warning, 0 errors
compiling bluenrg_hal_aci.c...
compiling stm32l0xx_hal_uart.c...
compiling stm32l0xx_hal_spi.c...
compiling bluenrg_gatt_aci.c...
compiling bluenrg_itf.c...
compiling gp_timer.c...
compiling ble_list.c...
linking...
Program Size: Code=17520 RO-data=264 RW-data=124 ZI-data=1924  
FromELF: creating hex file...
"STM32L053R8_NUCLEO\SampleApp_SERVER_L053R8.axf" - 0 Error(s), 4 Warning(s).

<h2>Software Packages used:</h2>

Package Vendor: Keil
                https://www.keil.com/pack/Keil.STM32L0xx_DFP.3.0.0.pack
                Keil::STM32L0xx_DFP@3.0.0
                STMicroelectronics STM32L0 Series Device Support

<h2>Collection of Component include folders:</h2>

<h2>Collection of Component Files used:</h2>
Build Time Elapsed:  00:00:07
</pre>
</body>
</html>
