<html>
<body>
<pre>
<h1>µVision Build Log</h1>
<h2>Tool Versions:</h2>
IDE-Version: µVision V5.40.0.0
Copyright (C) 2024 ARM Ltd and ARM Germany GmbH. All rights reserved.
License Information: USYD ICT, The University of Sydney, LIC=LB4EI-TADZX-HZRDP-00XPX-0CQLW-6EJ2R
 
Tool Versions:
Toolchain:       MDK-ARM Cortex-M0/M0+ for ST  Version: 5.40.0.3
Toolchain Path:  C:\KEIL_V5\ARM\ARM_Compiler_5.06u7\Bin
C Compiler:      Armcc.exe V5.06 update 7 (build 960)
Assembler:       Armasm.exe V5.06 update 7 (build 960)
Linker/Locator:  ArmLink.exe V5.06 update 7 (build 960)
Library Manager: ArmAr.exe V5.06 update 7 (build 960)
Hex Converter:   FromElf.exe V5.06 update 7 (build 960)
CPU DLL:         SARMCM3.DLL V5.40.0.3
Dialog DLL:      DARMCM1.DLL V1.19.6.0
Target DLL:      STLink\ST-LINKIII-KEIL_SWO.dll V3.3.0.0
Dialog DLL:      TARMCM1.DLL V1.14.6.0
 
<h2>Project:</h2>
C:\Users\msta5851\ELEC5514\lab2\Source Code\Lab2-1_UART\MDK-ARM\Lab1_UART_Tx.uvprojx
Project File Date:  09/01/2025

<h2>Output:</h2>
*** Using Compiler 'V5.06 update 7 (build 960)', folder: 'C:\KEIL_V5\ARM\ARM_Compiler_5.06u7\Bin'
Rebuild target 'Lab1_UART_Tx'
compiling stm32l0xx_hal_flash_ramfunc.c...
compiling stm32l0xx_hal_msp.c...
compiling stm32l0xx_hal_rcc.c...
compiling stm32l0xx_hal_rcc_ex.c...
compiling stm32l0xx_hal_i2c.c...
compiling stm32l0xx_hal_i2c_ex.c...
compiling stm32l0xx_hal_pwr.c...
compiling stm32l0xx_hal_uart_ex.c...
compiling stm32l0xx_hal_gpio.c...
compiling stm32l0xx_hal.c...
compiling stm32l0xx_it.c...
compiling stm32l0xx_hal_dma.c...
assembling startup_stm32l053xx.s...
compiling stm32l0xx_hal_tim.c...
compiling main.c...
compiling stm32l0xx_hal_tim_ex.c...
compiling system_stm32l0xx.c...
compiling stm32l0xx_hal_cortex.c...
compiling stm32l0xx_hal_flash_ex.c...
compiling stm32l0xx_hal_uart.c...
compiling stm32l0xx_hal_flash.c...
compiling stm32l0xx_hal_pwr_ex.c...
linking...
Program Size: Code=6616 RO-data=260 RW-data=8 ZI-data=1136  
"Lab1_UART_Tx\Lab1_UART_Tx.axf" - 0 Error(s), 0 Warning(s).

<h2>Software Packages used:</h2>

Package Vendor: ARM
                https://www.keil.com/pack/ARM.CMSIS.6.1.0.pack
                ARM::CMSIS@6.1.0
                CMSIS (Common Microcontroller Software Interface Standard)
   * Component: CORE Version: 6.1.0

Package Vendor: Keil
                https://www.keil.com/pack/Keil.STM32L0xx_DFP.3.0.0.pack
                Keil::STM32L0xx_DFP@3.0.0
                STMicroelectronics STM32L0 Series Device Support

<h2>Collection of Component include folders:</h2>
  ./RTE/_Lab1_UART_Tx
  C:/KEIL_V5/ARM/Packs/ARM/CMSIS/6.1.0/CMSIS/Core/Include

<h2>Collection of Component Files used:</h2>

   * Component: ARM::CMSIS:CORE@6.1.0
Build Time Elapsed:  00:00:07
</pre>
</body>
</html>
