Component: ARM Compiler 5.06 update 7 (build 960) Tool: armlink [4d3601]

==============================================================================

Section Cross References

    hts221_driver.o(i.HTS221_Activate) refers to hts221_driver.o(i.HTS221_ReadReg) for HTS221_ReadReg
    hts221_driver.o(i.HTS221_Activate) refers to hts221_driver.o(i.HTS221_WriteReg) for HTS221_WriteReg
    hts221_driver.o(i.HTS221_DeActivate) refers to hts221_driver.o(i.HTS221_ReadReg) for HTS221_ReadReg
    hts221_driver.o(i.HTS221_DeActivate) refers to hts221_driver.o(i.HTS221_WriteReg) for HTS221_WriteReg
    hts221_driver.o(i.HTS221_DeInit) refers to hts221_driver.o(i.HTS221_ReadReg) for HTS221_ReadReg
    hts221_driver.o(i.HTS221_DeInit) refers to hts221_driver.o(i.HTS221_WriteReg) for HTS221_WriteReg
    hts221_driver.o(i.HTS221_Get_AvgHT) refers to hts221_driver.o(i.HTS221_ReadReg) for HTS221_ReadReg
    hts221_driver.o(i.HTS221_Get_BduMode) refers to hts221_driver.o(i.HTS221_ReadReg) for HTS221_ReadReg
    hts221_driver.o(i.HTS221_Get_DataStatus) refers to hts221_driver.o(i.HTS221_ReadReg) for HTS221_ReadReg
    hts221_driver.o(i.HTS221_Get_DeviceID) refers to hts221_driver.o(i.HTS221_ReadReg) for HTS221_ReadReg
    hts221_driver.o(i.HTS221_Get_HeaterState) refers to hts221_driver.o(i.HTS221_ReadReg) for HTS221_ReadReg
    hts221_driver.o(i.HTS221_Get_Humidity) refers to hts221_driver.o(i.HTS221_ReadReg) for HTS221_ReadReg
    hts221_driver.o(i.HTS221_Get_Humidity) refers to fflti.o(.text) for __aeabi_i2f
    hts221_driver.o(i.HTS221_Get_Humidity) refers to fmul.o(.text) for __aeabi_fmul
    hts221_driver.o(i.HTS221_Get_Humidity) refers to fdiv.o(.text) for __aeabi_fdiv
    hts221_driver.o(i.HTS221_Get_Humidity) refers to fadd.o(.text) for __aeabi_fadd
    hts221_driver.o(i.HTS221_Get_Humidity) refers to ffixui.o(.text) for __aeabi_f2uiz
    hts221_driver.o(i.HTS221_Get_HumidityRaw) refers to hts221_driver.o(i.HTS221_ReadReg) for HTS221_ReadReg
    hts221_driver.o(i.HTS221_Get_InitConfig) refers to hts221_driver.o(i.HTS221_ReadReg) for HTS221_ReadReg
    hts221_driver.o(i.HTS221_Get_IrqActiveLevel) refers to hts221_driver.o(i.HTS221_ReadReg) for HTS221_ReadReg
    hts221_driver.o(i.HTS221_Get_IrqEnable) refers to hts221_driver.o(i.HTS221_ReadReg) for HTS221_ReadReg
    hts221_driver.o(i.HTS221_Get_IrqOutputType) refers to hts221_driver.o(i.HTS221_ReadReg) for HTS221_ReadReg
    hts221_driver.o(i.HTS221_Get_Measurement) refers to hts221_driver.o(i.HTS221_Get_Temperature) for HTS221_Get_Temperature
    hts221_driver.o(i.HTS221_Get_Measurement) refers to hts221_driver.o(i.HTS221_Get_Humidity) for HTS221_Get_Humidity
    hts221_driver.o(i.HTS221_Get_Odr) refers to hts221_driver.o(i.HTS221_ReadReg) for HTS221_ReadReg
    hts221_driver.o(i.HTS221_Get_PowerDownMode) refers to hts221_driver.o(i.HTS221_ReadReg) for HTS221_ReadReg
    hts221_driver.o(i.HTS221_Get_RawMeasurement) refers to hts221_driver.o(i.HTS221_ReadReg) for HTS221_ReadReg
    hts221_driver.o(i.HTS221_Get_Temperature) refers to hts221_driver.o(i.HTS221_ReadReg) for HTS221_ReadReg
    hts221_driver.o(i.HTS221_Get_Temperature) refers to fflti.o(.text) for __aeabi_i2f
    hts221_driver.o(i.HTS221_Get_Temperature) refers to fmul.o(.text) for __aeabi_fmul
    hts221_driver.o(i.HTS221_Get_Temperature) refers to fdiv.o(.text) for __aeabi_fdiv
    hts221_driver.o(i.HTS221_Get_Temperature) refers to fadd.o(.text) for __aeabi_fadd
    hts221_driver.o(i.HTS221_Get_Temperature) refers to ffixi.o(.text) for __aeabi_f2iz
    hts221_driver.o(i.HTS221_Get_TemperatureRaw) refers to hts221_driver.o(i.HTS221_ReadReg) for HTS221_ReadReg
    hts221_driver.o(i.HTS221_IsMeasurementCompleted) refers to hts221_driver.o(i.HTS221_ReadReg) for HTS221_ReadReg
    hts221_driver.o(i.HTS221_MemoryBoot) refers to hts221_driver.o(i.HTS221_ReadReg) for HTS221_ReadReg
    hts221_driver.o(i.HTS221_MemoryBoot) refers to hts221_driver.o(i.HTS221_WriteReg) for HTS221_WriteReg
    hts221_driver.o(i.HTS221_ReadReg) refers to x_nucleo_iks01a1.o(i.Sensor_IO_Read) for Sensor_IO_Read
    hts221_driver.o(i.HTS221_Set_AvgH) refers to hts221_driver.o(i.HTS221_assert_failed) for HTS221_assert_failed
    hts221_driver.o(i.HTS221_Set_AvgH) refers to hts221_driver.o(i.HTS221_ReadReg) for HTS221_ReadReg
    hts221_driver.o(i.HTS221_Set_AvgH) refers to hts221_driver.o(i.HTS221_WriteReg) for HTS221_WriteReg
    hts221_driver.o(i.HTS221_Set_AvgH) refers to hts221_driver.o(.conststring) for .conststring
    hts221_driver.o(i.HTS221_Set_AvgHT) refers to hts221_driver.o(i.HTS221_assert_failed) for HTS221_assert_failed
    hts221_driver.o(i.HTS221_Set_AvgHT) refers to hts221_driver.o(i.HTS221_ReadReg) for HTS221_ReadReg
    hts221_driver.o(i.HTS221_Set_AvgHT) refers to hts221_driver.o(i.HTS221_WriteReg) for HTS221_WriteReg
    hts221_driver.o(i.HTS221_Set_AvgHT) refers to hts221_driver.o(.conststring) for .conststring
[...]
    UpLinkCounter                            0x200000c8   Data           4  loramac.o(.data)
    DownLinkCounter                          0x200000cc   Data           4  loramac.o(.data)
    AdrAckCounter                            0x200000d0   Data           4  loramac.o(.data)
    LoRaMacDevEui                            0x200000dc   Data           4  loramac.o(.data)
    LoRaMacAppEui                            0x200000e0   Data           4  loramac.o(.data)
    LoRaMacAppKey                            0x200000e4   Data           4  loramac.o(.data)
    LoRaMacNetID                             0x200000e8   Data           4  loramac.o(.data)
    LoRaMacDevAddr                           0x200000ec   Data           4  loramac.o(.data)
    RadioWakeUpTime                          0x200000f0   Data           4  loramac.o(.data)
    AggregatedLastTxDoneTime                 0x200000f4   Data           4  loramac.o(.data)
    AggregatedTimeOff                        0x200000f8   Data           4  loramac.o(.data)
    LoRaMacPrimitives                        0x200000fc   Data           4  loramac.o(.data)
    LoRaMacCallbacks                         0x20000100   Data           4  loramac.o(.data)
    RxWindow1Delay                           0x20000104   Data           4  loramac.o(.data)
    RxWindow2Delay                           0x20000108   Data           4  loramac.o(.data)
    .data                                    0x2000010c   Section       32  loramaccrypto.o(.data)
    MicBlockB0                               0x2000010c   Data          16  loramaccrypto.o(.data)
    aBlock                                   0x2000011c   Data          16  loramaccrypto.o(.data)
    .data                                    0x2000012c   Section       64  regioneu868.o(.data)
    ChannelsMask                             0x2000012c   Data           2  regioneu868.o(.data)
    ChannelsDefaultMask                      0x2000012e   Data           2  regioneu868.o(.data)
    Bands                                    0x20000130   Data          60  regioneu868.o(.data)
    .data                                    0x2000016c   Section        4  low_power.o(.data)
    LowPower_State                           0x2000016c   Data           4  low_power.o(.data)
    .data                                    0x20000170   Section        4  timeserver.o(.data)
    TimerListHead                            0x20000170   Data           4  timeserver.o(.data)
    .data                                    0x20000174   Section        4  utilities.o(.data)
    next                                     0x20000174   Data           4  utilities.o(.data)
    .bss                                     0x20000178   Section      412  sx1276.o(.bss)
    RxTxBuffer                               0x20000178   Data         256  sx1276.o(.bss)
    .bss                                     0x20000314   Section       64  hw_gpio.o(.bss)
    GpioIrq                                  0x20000314   Data          64  hw_gpio.o(.bss)
    .bss                                     0x20000354   Section      104  hw_rtc.o(.bss)
    RtcHandle                                0x20000354   Data          36  hw_rtc.o(.bss)
    RTC_AlarmStructure                       0x20000378   Data          40  hw_rtc.o(.bss)
    RtcTimerContext                          0x200003a0   Data          28  hw_rtc.o(.bss)
    .bss                                     0x200003bc   Section       88  hw_spi.o(.bss)
    hspi                                     0x200003bc   Data          88  hw_spi.o(.bss)
    .bss                                     0x20000414   Section       96  stm32l0xx_hw.o(.bss)
    hadc                                     0x20000414   Data          96  stm32l0xx_hw.o(.bss)
    .bss                                     0x20000474   Section      368  vcom.o(.bss)
    buff                                     0x20000474   Data         256  vcom.o(.bss)
    UartHandle                               0x20000574   Data         112  vcom.o(.bss)
    .bss                                     0x200005e4   Section       64  lora.o(.bss)
    AppDataBuff                              0x200005e4   Data          64  lora.o(.bss)
    .bss                                     0x20000624   Section       64  lora.o(.bss)
    TxNextPacketTimer                        0x20000624   Data          20  lora.o(.bss)
    LoRaMacPrimitives                        0x20000638   Data          12  lora.o(.bss)
    mibReq                                   0x20000644   Data          12  lora.o(.bss)
    .bss                                     0x20000664   Section     1092  loramac.o(.bss)
    LoRaMacNwkSKey                           0x20000664   Data          16  loramac.o(.bss)
    LoRaMacAppSKey                           0x20000674   Data          16  loramac.o(.bss)
    LoRaMacBuffer                            0x20000684   Data         255  loramac.o(.bss)
    LoRaMacPayload                           0x20000783   Data         255  loramac.o(.bss)
    LoRaMacRxPayload                         0x20000882   Data         255  loramac.o(.bss)
    MacCommandsBuffer                        0x20000981   Data          15  loramac.o(.bss)
    MacCommandsBufferToRepeat                0x20000990   Data          15  loramac.o(.bss)
    MacStateCheckTimer                       0x200009f0   Data          20  loramac.o(.bss)
    RadioEvents                              0x20000a04   Data          28  loramac.o(.bss)
    TxDelayedTimer                           0x20000a20   Data          20  loramac.o(.bss)
    RxWindowTimer1                           0x20000a34   Data          20  loramac.o(.bss)
    RxWindowTimer2                           0x20000a48   Data          20  loramac.o(.bss)
    AckTimeoutTimer                          0x20000a5c   Data          20  loramac.o(.bss)
    McpsIndication                           0x20000a70   Data          24  loramac.o(.bss)
    McpsConfirm                              0x20000a88   Data          20  loramac.o(.bss)
    MlmeConfirm                              0x20000a9c   Data          12  loramac.o(.bss)
    .bss                                     0x20000aa8   Section      556  loramaccrypto.o(.bss)
    sBlock                                   0x20000aa8   Data          16  loramaccrypto.o(.bss)
    Mic                                      0x20000ab8   Data          16  loramaccrypto.o(.bss)
    AesContext                               0x20000ac8   Data         241  loramaccrypto.o(.bss)
    AesCmacCtx                               0x20000bbc   Data         280  loramaccrypto.o(.bss)
    .bss                                     0x20000cd4   Section      192  regioneu868.o(.bss)
    Channels                                 0x20000cd4   Data         192  regioneu868.o(.bss)
    STACK                                    0x20000d98   Section     1024  startup_stm32l053xx.o(STACK)

    Global Symbols

    Symbol Name                              Value     Ov Type        Size  Object(Section)

    BuildAttributes$$THM_ISAv3M$S$PE$A:L22$X:L11$S22$IEEE1$IW$USESV6$~STKCKD$USESV7$~SHL$OTIME$ROPI$IEEEJ$EBA8$MICROLIB$REQ8$PRES8$EABIv2 0x00000000   Number         0  anon$$obj.o ABSOLUTE
    __ARM_use_no_argv                        0x00000000   Number         0  main.o ABSOLUTE
    _printf_a                                0x00000000   Number         0  stubs.o ABSOLUTE
    _printf_c                                0x00000000   Number         0  stubs.o ABSOLUTE
    _printf_charcount                        0x00000000   Number         0  stubs.o ABSOLUTE
    _printf_d                                0x00000000   Number         0  stubs.o ABSOLUTE
    _printf_e                                0x00000000   Number         0  stubs.o ABSOLUTE
    _printf_f                                0x00000000   Number         0  stubs.o ABSOLUTE
    _printf_flags                            0x00000000   Number         0  stubs.o ABSOLUTE
    _printf_fp_dec                           0x00000000   Number         0  stubs.o ABSOLUTE
    _printf_fp_hex                           0x00000000   Number         0  stubs.o ABSOLUTE
    _printf_g                                0x00000000   Number         0  stubs.o ABSOLUTE
    _printf_i                                0x00000000   Number         0  stubs.o ABSOLUTE
    _printf_int_dec                          0x00000000   Number         0  stubs.o ABSOLUTE
    _printf_l                                0x00000000   Number         0  stubs.o ABSOLUTE
    _printf_lc                               0x00000000   Number         0  stubs.o ABSOLUTE
    _printf_ll                               0x00000000   Number         0  stubs.o ABSOLUTE
    _printf_lld                              0x00000000   Number         0  stubs.o ABSOLUTE
    _printf_lli                              0x00000000   Number         0  stubs.o ABSOLUTE
    _printf_llo                              0x00000000   Number         0  stubs.o ABSOLUTE
    _printf_llu                              0x00000000   Number         0  stubs.o ABSOLUTE
    _printf_llx                              0x00000000   Number         0  stubs.o ABSOLUTE
    _printf_longlong_dec                     0x00000000   Number         0  stubs.o ABSOLUTE
    _printf_longlong_hex                     0x00000000   Number         0  stubs.o ABSOLUTE
    _printf_longlong_oct                     0x00000000   Number         0  stubs.o ABSOLUTE
    _printf_ls                               0x00000000   Number         0  stubs.o ABSOLUTE
    _printf_mbtowc                           0x00000000   Number         0  stubs.o ABSOLUTE
    _printf_n                                0x00000000   Number         0  stubs.o ABSOLUTE
    _printf_o                                0x00000000   Number         0  stubs.o ABSOLUTE
    _printf_p                                0x00000000   Number         0  stubs.o ABSOLUTE
    _printf_percent                          0x00000000   Number         0  stubs.o ABSOLUTE
    _printf_pre_padding                      0x00000000   Number         0  stubs.o ABSOLUTE
    _printf_return_value                     0x00000000   Number         0  stubs.o ABSOLUTE
    _printf_s                                0x00000000   Number         0  stubs.o ABSOLUTE
    _printf_sizespec                         0x00000000   Number         0  stubs.o ABSOLUTE
    _printf_str                              0x00000000   Number         0  stubs.o ABSOLUTE
    _printf_truncate_signed                  0x00000000   Number         0  stubs.o ABSOLUTE
    _printf_truncate_unsigned                0x00000000   Number         0  stubs.o ABSOLUTE
    _printf_u                                0x00000000   Number         0  stubs.o ABSOLUTE
    _printf_wc                               0x00000000   Number         0  stubs.o ABSOLUTE
    _printf_wctomb                           0x00000000   Number         0  stubs.o ABSOLUTE
    _printf_widthprec                        0x00000000   Number         0  stubs.o ABSOLUTE
    _printf_x                                0x00000000   Number         0  stubs.o ABSOLUTE
    __arm_fini_                               - Undefined Weak Reference
    __cpp_initialize__aeabi_                  - Undefined Weak Reference
    __cxa_finalize                            - Undefined Weak Reference
    _clock_init                               - Undefined Weak Reference
    _microlib_exit                            - Undefined Weak Reference
    __Vectors_Size                           0x000000c0   Number         0  startup_stm32l053xx.o ABSOLUTE
    __Vectors                                0x08000000   Data           4  startup_stm32l053xx.o(RESET)
    __Vectors_End                            0x080000c0   Data           0  startup_stm32l053xx.o(RESET)
    __main                                   0x080000c1   Thumb Code     0  entry.o(.ARM.Collect$$$$00000000)
    _main_stk                                0x080000c1   Thumb Code     0  entry2.o(.ARM.Collect$$$$00000001)
    _main_scatterload                        0x080000c5   Thumb Code     0  entry5.o(.ARM.Collect$$$$00000004)
    __main_after_scatterload                 0x080000c9   Thumb Code     0  entry5.o(.ARM.Collect$$$$00000004)
    _main_clock                              0x080000c9   Thumb Code     0  entry7b.o(.ARM.Collect$$$$00000008)
    _main_cpp_init                           0x080000c9   Thumb Code     0  entry8b.o(.ARM.Collect$$$$0000000A)
    _main_init                               0x080000c9   Thumb Code     0  entry9a.o(.ARM.Collect$$$$0000000B)
    __rt_lib_shutdown_fini                   0x080000d1   Thumb Code     0  entry12b.o(.ARM.Collect$$$$0000000E)
    __rt_final_cpp                           0x080000d5   Thumb Code     0  entry10a.o(.ARM.Collect$$$$0000000F)
    __rt_final_exit                          0x080000d5   Thumb Code     0  entry11a.o(.ARM.Collect$$$$00000011)
    Reset_Handler                            0x080000d9   Thumb Code     8  startup_stm32l053xx.o(.text)
    ADC1_COMP_IRQHandler                     0x080000eb   Thumb Code     0  startup_stm32l053xx.o(.text)
    DMA1_Channel1_IRQHandler                 0x080000eb   Thumb Code     0  startup_stm32l053xx.o(.text)
    DMA1_Channel2_3_IRQHandler               0x080000eb   Thumb Code     0  startup_stm32l053xx.o(.text)
    DMA1_Channel4_5_6_7_IRQHandler           0x080000eb   Thumb Code     0  startup_stm32l053xx.o(.text)
    FLASH_IRQHandler                         0x080000eb   Thumb Code     0  startup_stm32l053xx.o(.text)
    I2C1_IRQHandler                          0x080000eb   Thumb Code     0  startup_stm32l053xx.o(.text)
    I2C2_IRQHandler                          0x080000eb   Thumb Code     0  startup_stm32l053xx.o(.text)
    LCD_IRQHandler                           0x080000eb   Thumb Code     0  startup_stm32l053xx.o(.text)
    LPTIM1_IRQHandler                        0x080000eb   Thumb Code     0  startup_stm32l053xx.o(.text)
    PVD_IRQHandler                           0x080000eb   Thumb Code     0  startup_stm32l053xx.o(.text)
    RCC_CRS_IRQHandler                       0x080000eb   Thumb Code     0  startup_stm32l053xx.o(.text)
    RNG_LPUART1_IRQHandler                   0x080000eb   Thumb Code     0  startup_stm32l053xx.o(.text)
    SPI1_IRQHandler                          0x080000eb   Thumb Code     0  startup_stm32l053xx.o(.text)
    SPI2_IRQHandler                          0x080000eb   Thumb Code     0  startup_stm32l053xx.o(.text)
    TIM21_IRQHandler                         0x080000eb   Thumb Code     0  startup_stm32l053xx.o(.text)
    TIM22_IRQHandler                         0x080000eb   Thumb Code     0  startup_stm32l053xx.o(.text)
    TIM2_IRQHandler                          0x080000eb   Thumb Code     0  startup_stm32l053xx.o(.text)
    TIM6_DAC_IRQHandler                      0x080000eb   Thumb Code     0  startup_stm32l053xx.o(.text)
    TSC_IRQHandler                           0x080000eb   Thumb Code     0  startup_stm32l053xx.o(.text)
    USART1_IRQHandler                        0x080000eb   Thumb Code     0  startup_stm32l053xx.o(.text)
    USB_IRQHandler                           0x080000eb   Thumb Code     0  startup_stm32l053xx.o(.text)
    WWDG_IRQHandler                          0x080000eb   Thumb Code     0  startup_stm32l053xx.o(.text)
    __aeabi_uidiv                            0x080000f5   Thumb Code     0  uidiv.o(.text)
    __aeabi_uidivmod                         0x080000f5   Thumb Code    44  uidiv.o(.text)
    __aeabi_idiv                             0x08000121   Thumb Code     0  idiv.o(.text)
    __aeabi_idivmod                          0x08000121   Thumb Code    40  idiv.o(.text)
    __aeabi_uldivmod                         0x08000149   Thumb Code    96  uldiv.o(.text)
    __aeabi_memcpy                           0x080001a9   Thumb Code    36  memcpya.o(.text)
    __aeabi_memcpy4                          0x080001a9   Thumb Code     0  memcpya.o(.text)
    __aeabi_memcpy8                          0x080001a9   Thumb Code     0  memcpya.o(.text)
    __aeabi_memset                           0x080001cd   Thumb Code    14  memseta.o(.text)
    __aeabi_memset4                          0x080001cd   Thumb Code     0  memseta.o(.text)
    __aeabi_memset8                          0x080001cd   Thumb Code     0  memseta.o(.text)
    __aeabi_memclr                           0x080001db   Thumb Code     4  memseta.o(.text)
    __aeabi_memclr4                          0x080001db   Thumb Code     0  memseta.o(.text)
    __aeabi_memclr8                          0x080001db   Thumb Code     0  memseta.o(.text)
    _memset$wrapper                          0x080001df   Thumb Code    18  memseta.o(.text)
    __aeabi_dadd                             0x080001f1   Thumb Code   330  dadd.o(.text)
    __aeabi_dsub                             0x0800033b   Thumb Code    12  dadd.o(.text)
    __aeabi_drsub                            0x08000347   Thumb Code    12  dadd.o(.text)
    __aeabi_dmul                             0x08000359   Thumb Code   202  dmul.o(.text)
    __aeabi_ddiv                             0x08000429   Thumb Code   234  ddiv.o(.text)
    __ARM_scalbn                             0x08000519   Thumb Code    44  dscalb.o(.text)
    scalbn                                   0x08000519   Thumb Code     0  dscalb.o(.text)
    __aeabi_i2d                              0x08000545   Thumb Code    34  dflti.o(.text)
    __aeabi_ui2d                             0x0800056d   Thumb Code    24  dfltui.o(.text)
    __aeabi_d2uiz                            0x08000589   Thumb Code    50  dfixui.o(.text)
    __aeabi_cdrcmple                         0x080005c5   Thumb Code    38  cdrcmple.o(.text)
    __aeabi_llsl                             0x080005ed   Thumb Code    32  llshl.o(.text)
    _ll_shift_l                              0x080005ed   Thumb Code     0  llshl.o(.text)
    __aeabi_llsr                             0x0800060d   Thumb Code    34  llushr.o(.text)
    _ll_ushift_r                             0x0800060d   Thumb Code     0  llushr.o(.text)
    __aeabi_lasr                             0x0800062f   Thumb Code    38  llsshr.o(.text)
    _ll_sshift_r                             0x0800062f   Thumb Code     0  llsshr.o(.text)
    __I$use$fp                               0x08000655   Thumb Code     0  iusefp.o(.text)
    _double_round                            0x08000655   Thumb Code    26  depilogue.o(.text)
    _double_epilogue                         0x0800066f   Thumb Code   164  depilogue.o(.text)
    _drnd                                    0x08000715   Thumb Code   114  drnd.o(.text)
    __aeabi_d2ulz                            0x08000791   Thumb Code    54  dfixul.o(.text)
    __aeabi_cdcmpeq                          0x080007d1   Thumb Code     0  cdcmple.o(.text)
    __aeabi_cdcmple                          0x080007d1   Thumb Code    38  cdcmple.o(.text)
    __scatterload                            0x080007f9   Thumb Code    28  init.o(.text)
    __scatterload_rt2                        0x080007f9   Thumb Code     0  init.o(.text)
    __decompress                             0x0800081d   Thumb Code     0  __dczerorl2.o(.text)
    __decompress1                            0x0800081d   Thumb Code    86  __dczerorl2.o(.text)
    AES_CMAC_Final                           0x080008fd   Thumb Code   298  cmac.o(i.AES_CMAC_Final)
    AES_CMAC_Init                            0x08000a27   Thumb Code    32  cmac.o(i.AES_CMAC_Init)
    AES_CMAC_SetKey                          0x08000a47   Thumb Code    18  cmac.o(i.AES_CMAC_SetKey)
    AES_CMAC_Update                          0x08000a59   Thumb Code   168  cmac.o(i.AES_CMAC_Update)
    BSP_LED_Off                              0x08000b99   Thumb Code    22  stm32l0xx_nucleo.o(i.BSP_LED_Off)
    BSP_LED_On                               0x08000bb9   Thumb Code    22  stm32l0xx_nucleo.o(i.BSP_LED_On)
    BSP_sensor_Init                          0x08000bd9   Thumb Code     2  bsp.o(i.BSP_sensor_Init)
    DBG_Init                                 0x08000c7d   Thumb Code    92  debug.o(i.DBG_Init)
    DelayMs                                  0x08000cdd   Thumb Code     8  delay.o(i.DelayMs)
    EXTI0_1_IRQHandler                       0x08000ce5   Thumb Code    16  stm32l0xx_it.o(i.EXTI0_1_IRQHandler)
    EXTI2_3_IRQHandler                       0x08000cf5   Thumb Code    16  stm32l0xx_it.o(i.EXTI2_3_IRQHandler)
    EXTI4_15_IRQHandler                      0x08000d05   Thumb Code    92  stm32l0xx_it.o(i.EXTI4_15_IRQHandler)
    Error_Handler                            0x08000d61   Thumb Code     2  debug.o(i.Error_Handler)
    HAL_ADCEx_Calibration_Start              0x08000d9d   Thumb Code   170  stm32l0xx_hal_adc_ex.o(i.HAL_ADCEx_Calibration_Start)
    HAL_ADC_ConfigChannel                    0x08000e49   Thumb Code   174  stm32l0xx_hal_adc.o(i.HAL_ADC_ConfigChannel)
    HAL_ADC_GetValue                         0x08000f01   Thumb Code     6  stm32l0xx_hal_adc.o(i.HAL_ADC_GetValue)
    HAL_ADC_Init                             0x08000f09   Thumb Code   442  stm32l0xx_hal_adc.o(i.HAL_ADC_Init)
    HAL_ADC_MspInit                          0x080010cd   Thumb Code     2  stm32l0xx_hal_adc.o(i.HAL_ADC_MspInit)
    HAL_ADC_PollForConversion                0x080010cf   Thumb Code   190  stm32l0xx_hal_adc.o(i.HAL_ADC_PollForConversion)
    HAL_ADC_Start                            0x0800118d   Thumb Code    86  stm32l0xx_hal_adc.o(i.HAL_ADC_Start)
    HAL_DBGMCU_DisableDBGSleepMode           0x080011e9   Thumb Code    12  stm32l0xx_hal.o(i.HAL_DBGMCU_DisableDBGSleepMode)
    HAL_DBGMCU_DisableDBGStandbyMode         0x080011f9   Thumb Code    12  stm32l0xx_hal.o(i.HAL_DBGMCU_DisableDBGStandbyMode)
    HAL_DBGMCU_DisableDBGStopMode            0x08001209   Thumb Code    12  stm32l0xx_hal.o(i.HAL_DBGMCU_DisableDBGStopMode)
    HAL_GPIO_EXTI_Callback                   0x08001219   Thumb Code     8  stm32l0xx_hal_msp.o(i.HAL_GPIO_EXTI_Callback)
    HAL_GPIO_EXTI_IRQHandler                 0x08001221   Thumb Code    18  stm32l0xx_hal_gpio.o(i.HAL_GPIO_EXTI_IRQHandler)
    HAL_GPIO_Init                            0x08001239   Thumb Code   346  stm32l0xx_hal_gpio.o(i.HAL_GPIO_Init)
    HAL_GPIO_WritePin                        0x080013b1   Thumb Code    12  stm32l0xx_hal_gpio.o(i.HAL_GPIO_WritePin)
    HAL_GetTick                              0x080013bd   Thumb Code     6  stm32l0xx_hal.o(i.HAL_GetTick)
    HAL_IncTick                              0x080013c9   Thumb Code    10  stm32l0xx_hal.o(i.HAL_IncTick)
    HAL_Init                                 0x080013d9   Thumb Code    26  stm32l0xx_hal.o(i.HAL_Init)
    HAL_InitTick                             0x080013f9   Thumb Code     4  stm32l0xx_hal_msp.o(i.HAL_InitTick)
    HAL_MspInit                              0x080013fd   Thumb Code    36  stm32l0xx_hal_msp.o(i.HAL_MspInit)
    HAL_NVIC_ClearPendingIRQ                 0x08001429   Thumb Code    14  stm32l0xx_hal_cortex.o(i.HAL_NVIC_ClearPendingIRQ)
    HAL_NVIC_EnableIRQ                       0x0800143d   Thumb Code    14  stm32l0xx_hal_cortex.o(i.HAL_NVIC_EnableIRQ)
    HAL_NVIC_GetPendingIRQ                   0x08001451   Thumb Code    24  stm32l0xx_hal_cortex.o(i.HAL_NVIC_GetPendingIRQ)
    HAL_NVIC_SetPendingIRQ                   0x0800146d   Thumb Code    14  stm32l0xx_hal_cortex.o(i.HAL_NVIC_SetPendingIRQ)
    HAL_NVIC_SetPriority                     0x08001481   Thumb Code     8  stm32l0xx_hal_cortex.o(i.HAL_NVIC_SetPriority)
    HAL_PWREx_EnableFastWakeUp               0x08001489   Thumb Code    12  stm32l0xx_hal_pwr_ex.o(i.HAL_PWREx_EnableFastWakeUp)
    HAL_PWREx_EnableUltraLowPower            0x08001499   Thumb Code    12  stm32l0xx_hal_pwr_ex.o(i.HAL_PWREx_EnableUltraLowPower)
    HAL_PWR_DisablePVD                       0x080014a9   Thumb Code    12  stm32l0xx_hal_pwr.o(i.HAL_PWR_DisablePVD)
    HAL_PWR_EnterSLEEPMode                   0x080014b9   Thumb Code    38  stm32l0xx_hal_pwr.o(i.HAL_PWR_EnterSLEEPMode)
    HAL_PWR_EnterSTOPMode                    0x080014e9   Thumb Code    44  stm32l0xx_hal_pwr.o(i.HAL_PWR_EnterSTOPMode)
    HAL_RCCEx_GetPeriphCLKFreq               0x0800151d   Thumb Code   380  stm32l0xx_hal_rcc_ex.o(i.HAL_RCCEx_GetPeriphCLKFreq)
    HAL_RCCEx_PeriphCLKConfig                0x080016c1   Thumb Code   396  stm32l0xx_hal_rcc_ex.o(i.HAL_RCCEx_PeriphCLKConfig)
    HAL_RCC_ClockConfig                      0x08001859   Thumb Code   340  stm32l0xx_hal_rcc.o(i.HAL_RCC_ClockConfig)
    HAL_RCC_GetPCLK1Freq                     0x080019c1   Thumb Code    20  stm32l0xx_hal_rcc.o(i.HAL_RCC_GetPCLK1Freq)
    HAL_RCC_GetPCLK2Freq                     0x080019e1   Thumb Code    20  stm32l0xx_hal_rcc.o(i.HAL_RCC_GetPCLK2Freq)
    HAL_RCC_GetSysClockFreq                  0x08001a01   Thumb Code   100  stm32l0xx_hal_rcc.o(i.HAL_RCC_GetSysClockFreq)
    HAL_RCC_OscConfig                        0x08001a79   Thumb Code  1116  stm32l0xx_hal_rcc.o(i.HAL_RCC_OscConfig)
    HAL_RTCEx_AlarmBEventCallback            0x08001ed5   Thumb Code     2  stm32l0xx_hal_rtc_ex.o(i.HAL_RTCEx_AlarmBEventCallback)
    HAL_RTCEx_EnableBypassShadow             0x08001ed7   Thumb Code    60  stm32l0xx_hal_rtc_ex.o(i.HAL_RTCEx_EnableBypassShadow)
    HAL_RTC_AlarmAEventCallback              0x08001f13   Thumb Code     8  stm32l0xx_hal_msp.o(i.HAL_RTC_AlarmAEventCallback)
    HAL_RTC_AlarmIRQHandler                  0x08001f1d   Thumb Code    88  stm32l0xx_hal_rtc.o(i.HAL_RTC_AlarmIRQHandler)
    HAL_RTC_DeactivateAlarm                  0x08001f7d   Thumb Code   184  stm32l0xx_hal_rtc.o(i.HAL_RTC_DeactivateAlarm)
    HAL_RTC_GetAlarm                         0x08002035   Thumb Code   134  stm32l0xx_hal_rtc.o(i.HAL_RTC_GetAlarm)
    HAL_RTC_GetDate                          0x080020c1   Thumb Code    68  stm32l0xx_hal_rtc.o(i.HAL_RTC_GetDate)
    HAL_RTC_GetTime                          0x08002105   Thumb Code    88  stm32l0xx_hal_rtc.o(i.HAL_RTC_GetTime)
    HAL_RTC_Init                             0x08002161   Thumb Code   160  stm32l0xx_hal_rtc.o(i.HAL_RTC_Init)
    HAL_RTC_MspInit                          0x08002205   Thumb Code    86  stm32l0xx_hal_msp.o(i.HAL_RTC_MspInit)
    HAL_RTC_SetAlarm_IT                      0x08002261   Thumb Code   408  stm32l0xx_hal_rtc.o(i.HAL_RTC_SetAlarm_IT)
    HAL_RTC_SetDate                          0x08002401   Thumb Code   200  stm32l0xx_hal_rtc.o(i.HAL_RTC_SetDate)
    HAL_RTC_SetTime                          0x080024cd   Thumb Code   234  stm32l0xx_hal_rtc.o(i.HAL_RTC_SetTime)
    HAL_RTC_WaitForSynchro                   0x080025bd   Thumb Code    52  stm32l0xx_hal_rtc.o(i.HAL_RTC_WaitForSynchro)
    HAL_SPI_Init                             0x080025f1   Thumb Code   132  stm32l0xx_hal_spi.o(i.HAL_SPI_Init)
    HAL_SPI_MspInit                          0x08002675   Thumb Code     2  stm32l0xx_hal_spi.o(i.HAL_SPI_MspInit)
    HAL_SPI_TransmitReceive                  0x08002677   Thumb Code   696  stm32l0xx_hal_spi.o(i.HAL_SPI_TransmitReceive)
    HAL_UART_Init                            0x0800292f   Thumb Code   108  stm32l0xx_hal_uart.o(i.HAL_UART_Init)
    HAL_UART_MspInit                         0x0800299d   Thumb Code    20  vcom.o(i.HAL_UART_MspInit)
    HAL_UART_Transmit                        0x080029b5   Thumb Code   200  stm32l0xx_hal_uart.o(i.HAL_UART_Transmit)
    HW_AdcInit                               0x08002a7d   Thumb Code    74  stm32l0xx_hw.o(i.HW_AdcInit)
    HW_AdcReadChannel                        0x08002ad9   Thumb Code   122  stm32l0xx_hw.o(i.HW_AdcReadChannel)
    HW_EnterSleepMode                        0x08002b6d   Thumb Code    12  stm32l0xx_hw.o(i.HW_EnterSleepMode)
    HW_EnterStopMode                         0x08002b79   Thumb Code    46  stm32l0xx_hw.o(i.HW_EnterStopMode)
    HW_ExitStopMode                          0x08002bb1   Thumb Code    78  stm32l0xx_hw.o(i.HW_ExitStopMode)
    HW_GPIO_Init                             0x08002c41   Thumb Code    80  hw_gpio.o(i.HW_GPIO_Init)
    HW_GPIO_IrqHandler                       0x08002c95   Thumb Code    20  hw_gpio.o(i.HW_GPIO_IrqHandler)
    HW_GPIO_SetIrq                           0x08002cad   Thumb Code    48  hw_gpio.o(i.HW_GPIO_SetIrq)
    HW_GPIO_Write                            0x08002ce1   Thumb Code    10  hw_gpio.o(i.HW_GPIO_Write)
    HW_GetBatteryLevel                       0x08002ced   Thumb Code    62  stm32l0xx_hw.o(i.HW_GetBatteryLevel)
    HW_GetRandomSeed                         0x08002d3d   Thumb Code    14  stm32l0xx_hw.o(i.HW_GetRandomSeed)
    HW_GetUniqueId                           0x08002d51   Thumb Code    64  stm32l0xx_hw.o(i.HW_GetUniqueId)
    HW_Init                                  0x08002d95   Thumb Code    42  stm32l0xx_hw.o(i.HW_Init)
    HW_RTC_DelayMs                           0x08002dc9   Thumb Code    38  hw_rtc.o(i.HW_RTC_DelayMs)
    HW_RTC_GetMinimumTimeout                 0x08002e95   Thumb Code     4  hw_rtc.o(i.HW_RTC_GetMinimumTimeout)
    HW_RTC_GetTimerContext                   0x08002e99   Thumb Code     6  hw_rtc.o(i.HW_RTC_GetTimerContext)
    HW_RTC_GetTimerElapsedTime               0x08002ea5   Thumb Code    22  hw_rtc.o(i.HW_RTC_GetTimerElapsedTime)
    HW_RTC_GetTimerValue                     0x08002ec1   Thumb Code    16  hw_rtc.o(i.HW_RTC_GetTimerValue)
    HW_RTC_Init                              0x08002ed1   Thumb Code    34  hw_rtc.o(i.HW_RTC_Init)
    HW_RTC_IrqHandler                        0x08002efd   Thumb Code    16  hw_rtc.o(i.HW_RTC_IrqHandler)
    HW_RTC_SetAlarm                          0x08002f11   Thumb Code    64  hw_rtc.o(i.HW_RTC_SetAlarm)
    HW_RTC_SetTimerContext                   0x08002fb5   Thumb Code    18  hw_rtc.o(i.HW_RTC_SetTimerContext)
    HW_RTC_StopAlarm                         0x080030e5   Thumb Code    28  hw_rtc.o(i.HW_RTC_StopAlarm)
    HW_RTC_Tick2ms                           0x08003105   Thumb Code    16  hw_rtc.o(i.HW_RTC_Tick2ms)
    HW_RTC_ms2Tick                           0x08003115   Thumb Code    16  hw_rtc.o(i.HW_RTC_ms2Tick)
    HW_RTC_setMcuWakeUpTime                  0x08003125   Thumb Code   104  hw_rtc.o(i.HW_RTC_setMcuWakeUpTime)
    HW_SPI_InOut                             0x08003199   Thumb Code    28  hw_spi.o(i.HW_SPI_InOut)
    HW_SPI_Init                              0x080031b9   Thumb Code   112  hw_spi.o(i.HW_SPI_Init)
    HW_SPI_IoDeInit                          0x0800323d   Thumb Code   116  hw_spi.o(i.HW_SPI_IoDeInit)
    HW_SPI_IoInit                            0x080032b5   Thumb Code    92  hw_spi.o(i.HW_SPI_IoInit)
    HardFault_Handler                        0x08003315   Thumb Code     4  stm32l0xx_it.o(i.HardFault_Handler)
    LoRaMacComputeMic                        0x08003319   Thumb Code   120  loramaccrypto.o(i.LoRaMacComputeMic)
    LoRaMacInitialization                    0x0800339d   Thumb Code   482  loramac.o(i.LoRaMacInitialization)
    LoRaMacJoinComputeMic                    0x080035b5   Thumb Code    70  loramaccrypto.o(i.LoRaMacJoinComputeMic)
    LoRaMacJoinComputeSKeys                  0x08003605   Thumb Code   130  loramaccrypto.o(i.LoRaMacJoinComputeSKeys)
    LoRaMacJoinDecrypt                       0x0800368d   Thumb Code    60  loramaccrypto.o(i.LoRaMacJoinDecrypt)
    LoRaMacMcpsRequest                       0x080036cd   Thumb Code   228  loramac.o(i.LoRaMacMcpsRequest)
    LoRaMacMibGetRequestConfirm              0x080037b9   Thumb Code   198  loramac.o(i.LoRaMacMibGetRequestConfirm)
    LoRaMacMibSetRequestConfirm              0x0800388d   Thumb Code   400  loramac.o(i.LoRaMacMibSetRequestConfirm)
    LoRaMacMlmeRequest                       0x08003a2d   Thumb Code   268  loramac.o(i.LoRaMacMlmeRequest)
    LoRaMacPayloadDecrypt                    0x08003b41   Thumb Code    16  loramaccrypto.o(i.LoRaMacPayloadDecrypt)
    LoRaMacPayloadEncrypt                    0x08003b51   Thumb Code   182  loramaccrypto.o(i.LoRaMacPayloadEncrypt)
    LoRaMacQueryTxPossible                   0x08003c11   Thumb Code   180  loramac.o(i.LoRaMacQueryTxPossible)
    LoRaMacTestSetDutyCycleOn                0x08003ccd   Thumb Code    28  loramac.o(i.LoRaMacTestSetDutyCycleOn)
    LowPower_Disable                         0x08003d6d   Thumb Code    20  low_power.o(i.LowPower_Disable)
    LowPower_Enable                          0x08003d85   Thumb Code    20  low_power.o(i.LowPower_Enable)
    LowPower_GetState                        0x08003d9d   Thumb Code     6  low_power.o(i.LowPower_GetState)
    LowPower_Handler                         0x08003da9   Thumb Code    30  low_power.o(i.LowPower_Handler)
    MSP_GetIRQn                              0x08003dcd   Thumb Code    48  stm32l0xx_hal_msp.o(i.MSP_GetIRQn)
    NMI_Handler                              0x08003fc5   Thumb Code     2  stm32l0xx_it.o(i.NMI_Handler)
    OnSendEvent                              0x0800494d   Thumb Code    38  lora.o(i.OnSendEvent)
    PendSV_Handler                           0x08004a51   Thumb Code     2  stm32l0xx_it.o(i.PendSV_Handler)
    PrepareFrame                             0x08004a55   Thumb Code   660  loramac.o(i.PrepareFrame)
    RTC_Bcd2ToByte                           0x080050d5   Thumb Code    16  stm32l0xx_hal_rtc.o(i.RTC_Bcd2ToByte)
    RTC_ByteToBcd2                           0x080050e5   Thumb Code    22  stm32l0xx_hal_rtc.o(i.RTC_ByteToBcd2)
    RTC_EnterInitMode                        0x080050fb   Thumb Code    56  stm32l0xx_hal_rtc.o(i.RTC_EnterInitMode)
    RTC_IRQHandler                           0x08005133   Thumb Code     8  stm32l0xx_it.o(i.RTC_IRQHandler)
    RegionAdrNext                            0x0800513b   Thumb Code    30  region.o(i.RegionAdrNext)
    RegionAlternateDr                        0x08005159   Thumb Code    18  region.o(i.RegionAlternateDr)
    RegionApplyCFList                        0x0800516b   Thumb Code    14  region.o(i.RegionApplyCFList)
    RegionCalcBackOff                        0x08005179   Thumb Code    14  region.o(i.RegionCalcBackOff)
    RegionChanMaskSet                        0x08005187   Thumb Code    18  region.o(i.RegionChanMaskSet)
    RegionCommonChanDisable                  0x08005199   Thumb Code    38  regioncommon.o(i.RegionCommonChanDisable)
    RegionCommonChanMaskCopy                 0x080051bf   Thumb Code    30  regioncommon.o(i.RegionCommonChanMaskCopy)
    RegionCommonChanVerifyDr                 0x080051dd   Thumb Code    96  regioncommon.o(i.RegionCommonChanVerifyDr)
    RegionCommonCountChannels                0x0800523d   Thumb Code    68  regioncommon.o(i.RegionCommonCountChannels)
    RegionCommonGetJoinDc                    0x08005281   Thumb Code    26  regioncommon.o(i.RegionCommonGetJoinDc)
    RegionCommonParseLinkAdrReq              0x080052a9   Thumb Code    54  regioncommon.o(i.RegionCommonParseLinkAdrReq)
    RegionCommonSetBandTxDone                0x080052df   Thumb Code     4  regioncommon.o(i.RegionCommonSetBandTxDone)
    RegionCommonUpdateBandTimeOff            0x080052e3   Thumb Code   118  regioncommon.o(i.RegionCommonUpdateBandTimeOff)
    RegionCommonValueInRange                 0x08005359   Thumb Code    16  regioncommon.o(i.RegionCommonValueInRange)
    RegionDlChannelReq                       0x08005369   Thumb Code    18  region.o(i.RegionDlChannelReq)
    RegionEU868AdrNext                       0x0800537d   Thumb Code    86  regioneu868.o(i.RegionEU868AdrNext)
    RegionEU868AlternateDr                   0x080053d9   Thumb Code    64  regioneu868.o(i.RegionEU868AlternateDr)
    RegionEU868ApplyCFList                   0x08005419   Thumb Code   100  regioneu868.o(i.RegionEU868ApplyCFList)
    RegionEU868CalcBackOff                   0x0800547d   Thumb Code    84  regioneu868.o(i.RegionEU868CalcBackOff)
    RegionEU868ChanMaskSet                   0x080054d9   Thumb Code    40  regioneu868.o(i.RegionEU868ChanMaskSet)
    RegionEU868ChannelAdd                    0x08005505   Thumb Code   210  regioneu868.o(i.RegionEU868ChannelAdd)
    RegionEU868ChannelsRemove                0x080055e1   Thumb Code    38  regioneu868.o(i.RegionEU868ChannelsRemove)
    RegionEU868DlChannelReq                  0x08005611   Thumb Code    56  regioneu868.o(i.RegionEU868DlChannelReq)
    RegionEU868GetPhyParam                   0x0800564d   Thumb Code   140  regioneu868.o(i.RegionEU868GetPhyParam)
    RegionEU868InitDefaults                  0x080056f9   Thumb Code    66  regioneu868.o(i.RegionEU868InitDefaults)
    RegionEU868LinkAdrReq                    0x08005749   Thumb Code   270  regioneu868.o(i.RegionEU868LinkAdrReq)
    RegionEU868NewChannelReq                 0x08005861   Thumb Code    72  regioneu868.o(i.RegionEU868NewChannelReq)
    RegionEU868NextChannel                   0x080058a9   Thumb Code   170  regioneu868.o(i.RegionEU868NextChannel)
    RegionEU868RxConfig                      0x0800595d   Thumb Code   246  regioneu868.o(i.RegionEU868RxConfig)
    RegionEU868RxParamSetupReq               0x08005a69   Thumb Code    64  regioneu868.o(i.RegionEU868RxParamSetupReq)
    RegionEU868SetBandTxDone                 0x08005aad   Thumb Code    30  regioneu868.o(i.RegionEU868SetBandTxDone)
    RegionEU868SetContinuousWave             0x08005ad5   Thumb Code    32  regioneu868.o(i.RegionEU868SetContinuousWave)
    RegionEU868TxConfig                      0x08005b01   Thumb Code   164  regioneu868.o(i.RegionEU868TxConfig)
    RegionEU868TxParamSetupReq               0x08005bb9   Thumb Code     6  regioneu868.o(i.RegionEU868TxParamSetupReq)
    RegionEU868Verify                        0x08005bbf   Thumb Code    72  regioneu868.o(i.RegionEU868Verify)
    RegionGetPhyParam                        0x08005c07   Thumb Code    14  region.o(i.RegionGetPhyParam)
    RegionInitDefaults                       0x08005c15   Thumb Code    14  region.o(i.RegionInitDefaults)
    RegionIsActive                           0x08005c23   Thumb Code    12  region.o(i.RegionIsActive)
    RegionLinkAdrReq                         0x08005c2f   Thumb Code    34  region.o(i.RegionLinkAdrReq)
    RegionNewChannelReq                      0x08005c51   Thumb Code    18  region.o(i.RegionNewChannelReq)
    RegionNextChannel                        0x08005c63   Thumb Code    26  region.o(i.RegionNextChannel)
    RegionRxConfig                           0x08005c7d   Thumb Code    22  region.o(i.RegionRxConfig)
    RegionRxParamSetupReq                    0x08005c93   Thumb Code    18  region.o(i.RegionRxParamSetupReq)
    RegionSetBandTxDone                      0x08005ca5   Thumb Code    14  region.o(i.RegionSetBandTxDone)
    RegionSetContinuousWave                  0x08005cb3   Thumb Code    14  region.o(i.RegionSetContinuousWave)
    RegionTxConfig                           0x08005cc1   Thumb Code    26  region.o(i.RegionTxConfig)
    RegionTxParamSetupReq                    0x08005cdb   Thumb Code    18  region.o(i.RegionTxParamSetupReq)
    RegionVerify                             0x08005ced   Thumb Code    22  region.o(i.RegionVerify)
    SVC_Handler                              0x08005eef   Thumb Code     2  stm32l0xx_it.o(i.SVC_Handler)
    SX1276CheckRfFrequency                   0x08005ef1   Thumb Code     4  sx1276mb1mas.o(i.SX1276CheckRfFrequency)
    SX1276GetStatus                          0x08005ef5   Thumb Code     6  sx1276.o(i.SX1276GetStatus)
    SX1276GetTimeOnAir                       0x08005f01   Thumb Code   444  sx1276.o(i.SX1276GetTimeOnAir)
    SX1276Init                               0x080060e5   Thumb Code   106  sx1276.o(i.SX1276Init)
    SX1276IoDeInit                           0x08006161   Thumb Code    68  sx1276mb1mas.o(i.SX1276IoDeInit)
    SX1276IoInit                             0x080061ad   Thumb Code    74  sx1276mb1mas.o(i.SX1276IoInit)
    SX1276IoIrqInit                          0x08006201   Thumb Code    60  sx1276mb1mas.o(i.SX1276IoIrqInit)
    SX1276IsChannelFree                      0x08006241   Thumb Code    54  sx1276.o(i.SX1276IsChannelFree)
    SX1276OnDio0Irq                          0x08006279   Thumb Code   564  sx1276.o(i.SX1276OnDio0Irq)
    SX1276OnDio1Irq                          0x080064d5   Thumb Code   194  sx1276.o(i.SX1276OnDio1Irq)
    SX1276OnDio2Irq                          0x080065ad   Thumb Code   166  sx1276.o(i.SX1276OnDio2Irq)
    SX1276OnDio3Irq                          0x08006661   Thumb Code    76  sx1276.o(i.SX1276OnDio3Irq)
    SX1276OnDio4Irq                          0x080066b5   Thumb Code    24  sx1276.o(i.SX1276OnDio4Irq)
    SX1276OnTimeoutIrq                       0x080066d1   Thumb Code   122  sx1276.o(i.SX1276OnTimeoutIrq)
    SX1276Random                             0x08006755   Thumb Code    62  sx1276.o(i.SX1276Random)
    SX1276Read                               0x08006793   Thumb Code    16  sx1276.o(i.SX1276Read)
    SX1276ReadBuffer                         0x080067a5   Thumb Code    60  sx1276.o(i.SX1276ReadBuffer)
    SX1276ReadFifo                           0x080067e5   Thumb Code    14  sx1276.o(i.SX1276ReadFifo)
    SX1276ReadRssi                           0x080067f5   Thumb Code    58  sx1276.o(i.SX1276ReadRssi)
    SX1276Reset                              0x08006839   Thumb Code    76  sx1276.o(i.SX1276Reset)
    SX1276Send                               0x08006885   Thumb Code   228  sx1276.o(i.SX1276Send)
    SX1276SetAntSw                           0x08006971   Thumb Code    24  sx1276mb1mas.o(i.SX1276SetAntSw)
    SX1276SetAntSwLowPower                   0x0800698d   Thumb Code    60  sx1276mb1mas.o(i.SX1276SetAntSwLowPower)
    SX1276SetChannel                         0x080069d1   Thumb Code    72  sx1276.o(i.SX1276SetChannel)
    SX1276SetMaxPayloadLength                0x08006a21   Thumb Code    42  sx1276.o(i.SX1276SetMaxPayloadLength)
    SX1276SetModem                           0x08006a51   Thumb Code    90  sx1276.o(i.SX1276SetModem)
    SX1276SetOpMode                          0x08006ab1   Thumb Code    46  sx1276.o(i.SX1276SetOpMode)
    SX1276SetRfTxPower                       0x08006adf   Thumb Code   144  sx1276mb1mas.o(i.SX1276SetRfTxPower)
    SX1276SetRx                              0x08006b71   Thumb Code   566  sx1276.o(i.SX1276SetRx)
    SX1276SetRxConfig                        0x08006dd5   Thumb Code   570  sx1276.o(i.SX1276SetRxConfig)
    SX1276SetSleep                           0x0800701d   Thumb Code    32  sx1276.o(i.SX1276SetSleep)
    SX1276SetStby                            0x08007041   Thumb Code    32  sx1276.o(i.SX1276SetStby)
    SX1276SetSyncWord                        0x08007065   Thumb Code    20  sx1276.o(i.SX1276SetSyncWord)
    SX1276SetTx                              0x08007079   Thumb Code   158  sx1276.o(i.SX1276SetTx)
    SX1276SetTxConfig                        0x0800711d   Thumb Code   484  sx1276.o(i.SX1276SetTxConfig)
    SX1276SetTxContinuousWave                0x0800730d   Thumb Code   136  sx1276.o(i.SX1276SetTxContinuousWave)
    SX1276StartCad                           0x0800739d   Thumb Code    50  sx1276.o(i.SX1276StartCad)
    SX1276Write                              0x080073d5   Thumb Code    12  sx1276.o(i.SX1276Write)
    SX1276WriteBuffer                        0x080073e1   Thumb Code    60  sx1276.o(i.SX1276WriteBuffer)
    SX1276WriteFifo                          0x08007421   Thumb Code    14  sx1276.o(i.SX1276WriteFifo)
    Send                                     0x080074b9   Thumb Code    54  loramac.o(i.Send)
    SendFrameOnChannel                       0x08007565   Thumb Code   128  loramac.o(i.SendFrameOnChannel)
    SetTxContinuousWave                      0x0800761d   Thumb Code    70  loramac.o(i.SetTxContinuousWave)
    SysTick_Handler                          0x0800766d   Thumb Code     8  stm32l0xx_it.o(i.SysTick_Handler)
    SystemClock_Config                       0x08007675   Thumb Code   130  stm32l0xx_hw.o(i.SystemClock_Config)
    SystemInit                               0x08007701   Thumb Code    66  system_stm32l0xx.o(i.SystemInit)
    TimerGetCurrentTime                      0x08007755   Thumb Code    12  timeserver.o(i.TimerGetCurrentTime)
    TimerGetElapsedTime                      0x08007761   Thumb Code    24  timeserver.o(i.TimerGetElapsedTime)
    TimerInit                                0x08007779   Thumb Code    14  timeserver.o(i.TimerInit)
    TimerIrqHandler                          0x080077a5   Thumb Code   116  timeserver.o(i.TimerIrqHandler)
    TimerSetValue                            0x08007849   Thumb Code    34  timeserver.o(i.TimerSetValue)
    TimerStart                               0x0800786d   Thumb Code   108  timeserver.o(i.TimerStart)
    TimerStop                                0x080078dd   Thumb Code    90  timeserver.o(i.TimerStop)
    UART_AdvFeatureConfig                    0x0800793d   Thumb Code   202  stm32l0xx_hal_uart.o(i.UART_AdvFeatureConfig)
    UART_CheckIdleState                      0x08007a09   Thumb Code    90  stm32l0xx_hal_uart.o(i.UART_CheckIdleState)
    UART_SetConfig                           0x08007a69   Thumb Code   498  stm32l0xx_hal_uart.o(i.UART_SetConfig)
    UART_WaitOnFlagUntilTimeout              0x08007c85   Thumb Code    98  stm32l0xx_hal_uart.o(i.UART_WaitOnFlagUntilTimeout)
    USART2_IRQHandler                        0x08007ce7   Thumb Code     8  stm32l0xx_it.o(i.USART2_IRQHandler)
    __0vsprintf                              0x08007dc9   Thumb Code    30  printfa.o(i.__0vsprintf)
    __1vsprintf                              0x08007dc9   Thumb Code     0  printfa.o(i.__0vsprintf)
    __2vsprintf                              0x08007dc9   Thumb Code     0  printfa.o(i.__0vsprintf)
    __c89vsprintf                            0x08007dc9   Thumb Code     0  printfa.o(i.__0vsprintf)
    vsprintf                                 0x08007dc9   Thumb Code     0  printfa.o(i.__0vsprintf)
    __ARM_clz                                0x08007ded   Thumb Code    46  depilogue.o(i.__ARM_clz)
    __ARM_common_ll_muluu                    0x08007e1b   Thumb Code    48  hw_rtc.o(i.__ARM_common_ll_muluu)
    __ARM_common_switch8                     0x08007e4b   Thumb Code    26  hts221_driver_hl.o(i.__ARM_common_switch8)
    __scatterload_copy                       0x08007e65   Thumb Code    14  handlers.o(i.__scatterload_copy)
    __scatterload_null                       0x08007e73   Thumb Code     2  handlers.o(i.__scatterload_null)
    __scatterload_zeroinit                   0x08007e75   Thumb Code    14  handlers.o(i.__scatterload_zeroinit)
    aes_encrypt                              0x0800873f   Thumb Code    84  aes.o(i.aes_encrypt)
    aes_set_key                              0x08008795   Thumb Code   248  aes.o(i.aes_set_key)
    ceil                                     0x08008891   Thumb Code   180  ceil.o(i.ceil)
    floor                                    0x08008a21   Thumb Code   180  floor.o(i.floor)
    lora_Init                                0x08008ae9   Thumb Code   122  lora.o(i.lora_Init)
    lora_fsm                                 0x08008bb5   Thumb Code   246  lora.o(i.lora_fsm)
    lora_getDeviceState                      0x08008cd5   Thumb Code     6  lora.o(i.lora_getDeviceState)
    main                                     0x08008ce1   Thumb Code    56  main.o(i.main)
    memcpy1                                  0x08008d31   Thumb Code    22  utilities.o(i.memcpy1)
    memcpyr                                  0x08008d47   Thumb Code    26  utilities.o(i.memcpyr)
    memset1                                  0x08008d61   Thumb Code    18  utilities.o(i.memset1)
    rand1                                    0x08008f8d   Thumb Code    26  utilities.o(i.rand1)
    randr                                    0x08008fb9   Thumb Code    22  utilities.o(i.randr)
    round                                    0x08008fd1   Thumb Code   142  round.o(i.round)
    srand1                                   0x080090d5   Thumb Code     6  utilities.o(i.srand1)
    vcom_Init                                0x080090e1   Thumb Code    58  vcom.o(i.vcom_Init)
    vcom_IoDeInit                            0x08009125   Thumb Code    80  vcom.o(i.vcom_IoDeInit)
    vcom_IoInit                              0x08009179   Thumb Code    86  vcom.o(i.vcom_IoInit)
    vcom_Print                               0x080091d5   Thumb Code    72  vcom.o(i.vcom_Print)
    vcom_Send                                0x08009229   Thumb Code   114  vcom.o(i.vcom_Send)
    BUTTON_IRQn                              0x08009326   Data           1  stm32l0xx_nucleo.o(.constdata)
    LED_PIN                                  0x08009328   Data           2  stm32l0xx_nucleo.o(.constdata)
    BUTTON_PIN                               0x0800932a   Data           2  stm32l0xx_nucleo.o(.constdata)
    Radio                                    0x0800932c   Data         100  sx1276mb1mas.o(.constdata)
    RadioRegsInit                            0x08009390   Data          48  sx1276.o(.constdata)
    FskBandwidths                            0x080093c0   Data         176  sx1276.o(.constdata)
    AHBPrescTable                            0x08009470   Data          16  system_stm32l0xx.o(.constdata)
    PLLMulTable                              0x08009480   Data           9  system_stm32l0xx.o(.constdata)
    APBPrescTable                            0x08009489   Data           8  system_stm32l0xx.o(.constdata)
    Region$$Table$$Base                      0x08009800   Number         0  anon$$obj.o(Region$$Table)
    Region$$Table$$Limit                     0x08009820   Number         0  anon$$obj.o(Region$$Table)
    LED_PORT                                 0x20000000   Data           4  stm32l0xx_nucleo.o(.data)
    BUTTON_PORT                              0x20000004   Data           4  stm32l0xx_nucleo.o(.data)
    SpixTimeout                              0x20000008   Data           4  stm32l0xx_nucleo.o(.data)
    DioIrq                                   0x2000001c   Data          24  sx1276.o(.data)
    SystemCoreClock                          0x20000034   Data           4  system_stm32l0xx.o(.data)
    uwTick                                   0x20000038   Data           4  stm32l0xx_hal.o(.data)
    iw                                       0x20000066   Data           2  vcom.o(.data)
    LoRaMacFlags                             0x200000bb   Data           1  loramac.o(.data)
    LoRaMacState                             0x200000d4   Data           4  loramac.o(.data)
    TxTimeOnAir                              0x200000d8   Data           4  loramac.o(.data)
    SX1276                                   0x20000278   Data          96  sx1276.o(.bss)
    TxTimeoutTimer                           0x200002d8   Data          20  sx1276.o(.bss)
    RxTimeoutTimer                           0x200002ec   Data          20  sx1276.o(.bss)
    RxTimeoutSyncWord                        0x20000300   Data          20  sx1276.o(.bss)
    ComplianceTest                           0x20000650   Data          20  lora.o(.bss)
    LoRaMacParams                            0x200009a0   Data          40  loramac.o(.bss)
    LoRaMacParamsDefaults                    0x200009c8   Data          40  loramac.o(.bss)
    __initial_sp                             0x20001198   Data           0  startup_stm32l053xx.o(STACK)



==============================================================================

Memory Map of the image

  Image Entry point : 0x080000c1

  Load Region LR_IROM1 (Base: 0x08000000, Size: 0x00009998, Max: 0x00010000, ABSOLUTE, COMPRESSED[0x00009894])

    Execution Region ER_IROM1 (Exec base: 0x08000000, Load base: 0x08000000, Size: 0x00009820, Max: 0x00010000, ABSOLUTE)

    Exec Addr    Load Addr    Size         Type   Attr      Idx    E Section Name        Object

    0x08000000   0x08000000   0x000000c0   Data   RO         5876    RESET               startup_stm32l053xx.o
    0x080000c0   0x080000c0   0x00000000   Code   RO         9013  * .ARM.Collect$$$$00000000  mc_p.l(entry.o)
    0x080000c0   0x080000c0   0x00000004   Code   RO         9319    .ARM.Collect$$$$00000001  mc_p.l(entry2.o)
    0x080000c4   0x080000c4   0x00000004   Code   RO         9322    .ARM.Collect$$$$00000004  mc_p.l(entry5.o)
    0x080000c8   0x080000c8   0x00000000   Code   RO         9324    .ARM.Collect$$$$00000008  mc_p.l(entry7b.o)
    0x080000c8   0x080000c8   0x00000000   Code   RO         9326    .ARM.Collect$$$$0000000A  mc_p.l(entry8b.o)
    0x080000c8   0x080000c8   0x00000008   Code   RO         9327    .ARM.Collect$$$$0000000B  mc_p.l(entry9a.o)
    0x080000d0   0x080000d0   0x00000004   Code   RO         9334    .ARM.Collect$$$$0000000E  mc_p.l(entry12b.o)
    0x080000d4   0x080000d4   0x00000000   Code   RO         9329    .ARM.Collect$$$$0000000F  mc_p.l(entry10a.o)
    0x080000d4   0x080000d4   0x00000000   Code   RO         9331    .ARM.Collect$$$$00000011  mc_p.l(entry11a.o)
    0x080000d4   0x080000d4   0x00000004   Code   RO         9320    .ARM.Collect$$$$00002712  mc_p.l(entry2.o)
    0x080000d8   0x080000d8   0x0000001c   Code   RO         5877    .text               startup_stm32l053xx.o
    0x080000f4   0x080000f4   0x0000002c   Code   RO         9016    .text               mc_p.l(uidiv.o)
    0x08000120   0x08000120   0x00000028   Code   RO         9018    .text               mc_p.l(idiv.o)
    0x08000148   0x08000148   0x00000060   Code   RO         9020    .text               mc_p.l(uldiv.o)
    0x080001a8   0x080001a8   0x00000024   Code   RO         9022    .text               mc_p.l(memcpya.o)
    0x080001cc   0x080001cc   0x00000024   Code   RO         9024    .text               mc_p.l(memseta.o)
    0x080001f0   0x080001f0   0x00000168   Code   RO         9295    .text               mf_p.l(dadd.o)
    0x08000358   0x08000358   0x000000d0   Code   RO         9297    .text               mf_p.l(dmul.o)
    0x08000428   0x08000428   0x000000f0   Code   RO         9299    .text               mf_p.l(ddiv.o)
    0x08000518   0x08000518   0x0000002c   Code   RO         9301    .text               mf_p.l(dscalb.o)
    0x08000544   0x08000544   0x00000028   Code   RO         9307    .text               mf_p.l(dflti.o)
    0x0800056c   0x0800056c   0x0000001c   Code   RO         9309    .text               mf_p.l(dfltui.o)
    0x08000588   0x08000588   0x0000003c   Code   RO         9315    .text               mf_p.l(dfixui.o)
    0x080005c4   0x080005c4   0x00000028   Code   RO         9317    .text               mf_p.l(cdrcmple.o)
    0x080005ec   0x080005ec   0x00000020   Code   RO         9338    .text               mc_p.l(llshl.o)
    0x0800060c   0x0800060c   0x00000022   Code   RO         9340    .text               mc_p.l(llushr.o)
    0x0800062e   0x0800062e   0x00000026   Code   RO         9342    .text               mc_p.l(llsshr.o)
    0x08000654   0x08000654   0x00000000   Code   RO         9344    .text               mc_p.l(iusefp.o)
    0x08000654   0x08000654   0x000000be   Code   RO         9347    .text               mf_p.l(depilogue.o)
    0x08000712   0x08000712   0x00000002   PAD
    0x08000714   0x08000714   0x0000007c   Code   RO         9351    .text               mf_p.l(drnd.o)
    0x08000790   0x08000790   0x00000040   Code   RO         9353    .text               mf_p.l(dfixul.o)
    0x080007d0   0x080007d0   0x00000028   Code   RO         9355    .text               mf_p.l(cdcmple.o)
    0x080007f8   0x080007f8   0x00000024   Code   RO         9357    .text               mc_p.l(init.o)
    0x0800081c   0x0800081c   0x00000056   Code   RO         9369    .text               mc_p.l(__dczerorl2.o)
    0x08000872   0x08000872   0x00000002   PAD
    0x08000874   0x08000874   0x00000024   Code   RO         3358    i.ADC_DelayMicroSecond  stm32l0xx_hal_adc.o
    0x08000898   0x08000898   0x00000064   Code   RO         3360    i.ADC_Enable        stm32l0xx_hal_adc.o
    0x080008fc   0x080008fc   0x0000012a   Code   RO         8967    i.AES_CMAC_Final    cmac.o
    0x08000a26   0x08000a26   0x00000020   Code   RO         8968    i.AES_CMAC_Init     cmac.o
    0x08000a46   0x08000a46   0x00000012   Code   RO         8969    i.AES_CMAC_SetKey   cmac.o
    0x08000a58   0x08000a58   0x000000a8   Code   RO         8970    i.AES_CMAC_Update   cmac.o
    0x08000b00   0x08000b00   0x00000098   Code   RO         6631    i.AddMacCommand     loramac.o
    0x08000b98   0x08000b98   0x00000020   Code   RO         2205    i.BSP_LED_Off       stm32l0xx_nucleo.o
    0x08000bb8   0x08000bb8   0x00000020   Code   RO         2206    i.BSP_LED_On        stm32l0xx_nucleo.o
    0x08000bd8   0x08000bd8   0x00000002   Code   RO         5883    i.BSP_sensor_Init   bsp.o
    0x08000bda   0x08000bda   0x000000a0   Code   RO         7918    i.CountNbOfEnabledChannels  regioneu868.o
    0x08000c7a   0x08000c7a   0x00000002   PAD
    0x08000c7c   0x08000c7c   0x00000060   Code   RO         5915    i.DBG_Init          debug.o
    0x08000cdc   0x08000cdc   0x00000008   Code   RO         8709    i.DelayMs           delay.o
    0x08000ce4   0x08000ce4   0x00000010   Code   RO         6377    i.EXTI0_1_IRQHandler  stm32l0xx_it.o
    0x08000cf4   0x08000cf4   0x00000010   Code   RO         6378    i.EXTI2_3_IRQHandler  stm32l0xx_it.o
    0x08000d04   0x08000d04   0x0000005c   Code   RO         6379    i.EXTI4_15_IRQHandler  stm32l0xx_it.o
    0x08000d60   0x08000d60   0x00000002   Code   RO         5916    i.Error_Handler     debug.o
    0x08000d62   0x08000d62   0x0000000c   Code   RO         7919    i.GetBandwidth      regioneu868.o
    0x08000d6e   0x08000d6e   0x00000002   PAD
    0x08000d70   0x08000d70   0x0000002c   Code   RO         2502    i.GetFskBandwidthRegValue  sx1276.o
    0x08000d9c   0x08000d9c   0x000000aa   Code   RO         5336    i.HAL_ADCEx_Calibration_Start  stm32l0xx_hal_adc_ex.o
    0x08000e46   0x08000e46   0x00000002   PAD
    0x08000e48   0x08000e48   0x000000b8   Code   RO         3362    i.HAL_ADC_ConfigChannel  stm32l0xx_hal_adc.o
    0x08000f00   0x08000f00   0x00000006   Code   RO         3369    i.HAL_ADC_GetValue  stm32l0xx_hal_adc.o
    0x08000f06   0x08000f06   0x00000002   PAD
    0x08000f08   0x08000f08   0x000001c4   Code   RO         3371    i.HAL_ADC_Init      stm32l0xx_hal_adc.o
    0x080010cc   0x080010cc   0x00000002   Code   RO         3374    i.HAL_ADC_MspInit   stm32l0xx_hal_adc.o
    0x080010ce   0x080010ce   0x000000be   Code   RO         3375    i.HAL_ADC_PollForConversion  stm32l0xx_hal_adc.o
    0x0800118c   0x0800118c   0x0000005c   Code   RO         3377    i.HAL_ADC_Start     stm32l0xx_hal_adc.o
    0x080011e8   0x080011e8   0x00000010   Code   RO         3762    i.HAL_DBGMCU_DisableDBGSleepMode  stm32l0xx_hal.o
    0x080011f8   0x080011f8   0x00000010   Code   RO         3763    i.HAL_DBGMCU_DisableDBGStandbyMode  stm32l0xx_hal.o
    0x08001208   0x08001208   0x00000010   Code   RO         3764    i.HAL_DBGMCU_DisableDBGStopMode  stm32l0xx_hal.o
    0x08001218   0x08001218   0x00000008   Code   RO         6210    i.HAL_GPIO_EXTI_Callback  stm32l0xx_hal_msp.o
    0x08001220   0x08001220   0x00000018   Code   RO         4029    i.HAL_GPIO_EXTI_IRQHandler  stm32l0xx_hal_gpio.o
    0x08001238   0x08001238   0x00000178   Code   RO         4030    i.HAL_GPIO_Init     stm32l0xx_hal_gpio.o
    0x080013b0   0x080013b0   0x0000000c   Code   RO         4034    i.HAL_GPIO_WritePin  stm32l0xx_hal_gpio.o
    0x080013bc   0x080013bc   0x0000000c   Code   RO         3773    i.HAL_GetTick       stm32l0xx_hal.o
    0x080013c8   0x080013c8   0x00000010   Code   RO         3774    i.HAL_IncTick       stm32l0xx_hal.o
    0x080013d8   0x080013d8   0x00000020   Code   RO         3775    i.HAL_Init          stm32l0xx_hal.o
    0x080013f8   0x080013f8   0x00000004   Code   RO         6211    i.HAL_InitTick      stm32l0xx_hal_msp.o
    0x080013fc   0x080013fc   0x0000002c   Code   RO         6212    i.HAL_MspInit       stm32l0xx_hal_msp.o
    0x08001428   0x08001428   0x00000014   Code   RO         3928    i.HAL_NVIC_ClearPendingIRQ  stm32l0xx_hal_cortex.o
    0x0800143c   0x0800143c   0x00000014   Code   RO         3930    i.HAL_NVIC_EnableIRQ  stm32l0xx_hal_cortex.o
    0x08001450   0x08001450   0x0000001c   Code   RO         3931    i.HAL_NVIC_GetPendingIRQ  stm32l0xx_hal_cortex.o
    0x0800146c   0x0800146c   0x00000014   Code   RO         3933    i.HAL_NVIC_SetPendingIRQ  stm32l0xx_hal_cortex.o
    0x08001480   0x08001480   0x00000008   Code   RO         3934    i.HAL_NVIC_SetPriority  stm32l0xx_hal_cortex.o
    0x08001488   0x08001488   0x00000010   Code   RO         4287    i.HAL_PWREx_EnableFastWakeUp  stm32l0xx_hal_pwr_ex.o
    0x08001498   0x08001498   0x00000010   Code   RO         4289    i.HAL_PWREx_EnableUltraLowPower  stm32l0xx_hal_pwr_ex.o
    0x080014a8   0x080014a8   0x00000010   Code   RO         4171    i.HAL_PWR_DisablePVD  stm32l0xx_hal_pwr.o
    0x080014b8   0x080014b8   0x00000030   Code   RO         4180    i.HAL_PWR_EnterSLEEPMode  stm32l0xx_hal_pwr.o
    0x080014e8   0x080014e8   0x00000034   Code   RO         4182    i.HAL_PWR_EnterSTOPMode  stm32l0xx_hal_pwr.o
    0x0800151c   0x0800151c   0x000001a4   Code   RO         3647    i.HAL_RCCEx_GetPeriphCLKFreq  stm32l0xx_hal_rcc_ex.o
    0x080016c0   0x080016c0   0x00000198   Code   RO         3650    i.HAL_RCCEx_PeriphCLKConfig  stm32l0xx_hal_rcc_ex.o
    0x08001858   0x08001858   0x00000168   Code   RO         3536    i.HAL_RCC_ClockConfig  stm32l0xx_hal_rcc.o
    0x080019c0   0x080019c0   0x00000020   Code   RO         3542    i.HAL_RCC_GetPCLK1Freq  stm32l0xx_hal_rcc.o
    0x080019e0   0x080019e0   0x00000020   Code   RO         3543    i.HAL_RCC_GetPCLK2Freq  stm32l0xx_hal_rcc.o
    0x08001a00   0x08001a00   0x00000078   Code   RO         3544    i.HAL_RCC_GetSysClockFreq  stm32l0xx_hal_rcc.o
    0x08001a78   0x08001a78   0x0000045c   Code   RO         3547    i.HAL_RCC_OscConfig  stm32l0xx_hal_rcc.o
    0x08001ed4   0x08001ed4   0x00000002   Code   RO         4473    i.HAL_RTCEx_AlarmBEventCallback  stm32l0xx_hal_rtc_ex.o
    0x08001ed6   0x08001ed6   0x0000003c   Code   RO         4482    i.HAL_RTCEx_EnableBypassShadow  stm32l0xx_hal_rtc_ex.o
    0x08001f12   0x08001f12   0x00000008   Code   RO         6213    i.HAL_RTC_AlarmAEventCallback  stm32l0xx_hal_msp.o
    0x08001f1a   0x08001f1a   0x00000002   PAD
    0x08001f1c   0x08001f1c   0x00000060   Code   RO         4341    i.HAL_RTC_AlarmIRQHandler  stm32l0xx_hal_rtc.o
    0x08001f7c   0x08001f7c   0x000000b8   Code   RO         4343    i.HAL_RTC_DeactivateAlarm  stm32l0xx_hal_rtc.o
    0x08002034   0x08002034   0x0000008c   Code   RO         4344    i.HAL_RTC_GetAlarm  stm32l0xx_hal_rtc.o
    0x080020c0   0x080020c0   0x00000044   Code   RO         4345    i.HAL_RTC_GetDate   stm32l0xx_hal_rtc.o
    0x08002104   0x08002104   0x0000005c   Code   RO         4347    i.HAL_RTC_GetTime   stm32l0xx_hal_rtc.o
    0x08002160   0x08002160   0x000000a4   Code   RO         4348    i.HAL_RTC_Init      stm32l0xx_hal_rtc.o
    0x08002204   0x08002204   0x0000005c   Code   RO         6215    i.HAL_RTC_MspInit   stm32l0xx_hal_msp.o
    0x08002260   0x08002260   0x000001a0   Code   RO         4353    i.HAL_RTC_SetAlarm_IT  stm32l0xx_hal_rtc.o
    0x08002400   0x08002400   0x000000cc   Code   RO         4354    i.HAL_RTC_SetDate   stm32l0xx_hal_rtc.o
    0x080024cc   0x080024cc   0x000000f0   Code   RO         4355    i.HAL_RTC_SetTime   stm32l0xx_hal_rtc.o
    0x080025bc   0x080025bc   0x00000034   Code   RO         4356    i.HAL_RTC_WaitForSynchro  stm32l0xx_hal_rtc.o
    0x080025f0   0x080025f0   0x00000084   Code   RO         2785    i.HAL_SPI_Init      stm32l0xx_hal_spi.o
    0x08002674   0x08002674   0x00000002   Code   RO         2787    i.HAL_SPI_MspInit   stm32l0xx_hal_spi.o
    0x08002676   0x08002676   0x000002b8   Code   RO         2794    i.HAL_SPI_TransmitReceive  stm32l0xx_hal_spi.o
    0x0800292e   0x0800292e   0x0000006c   Code   RO         3038    i.HAL_UART_Init     stm32l0xx_hal_uart.o
    0x0800299a   0x0800299a   0x00000002   PAD
    0x0800299c   0x0800299c   0x00000018   Code   RO         6477    i.HAL_UART_MspInit  vcom.o
    0x080029b4   0x080029b4   0x000000c8   Code   RO         3046    i.HAL_UART_Transmit  stm32l0xx_hal_uart.o
    0x08002a7c   0x08002a7c   0x0000005c   Code   RO         6272    i.HW_AdcInit        stm32l0xx_hw.o
    0x08002ad8   0x08002ad8   0x00000094   Code   RO         6273    i.HW_AdcReadChannel  stm32l0xx_hw.o
    0x08002b6c   0x08002b6c   0x0000000c   Code   RO         6275    i.HW_EnterSleepMode  stm32l0xx_hw.o
    0x08002b78   0x08002b78   0x00000038   Code   RO         6276    i.HW_EnterStopMode  stm32l0xx_hw.o
    0x08002bb0   0x08002bb0   0x00000058   Code   RO         6277    i.HW_ExitStopMode   stm32l0xx_hw.o
    0x08002c08   0x08002c08   0x00000038   Code   RO         5941    i.HW_GPIO_GetBitPos  hw_gpio.o
    0x08002c40   0x08002c40   0x00000054   Code   RO         5942    i.HW_GPIO_Init      hw_gpio.o
    0x08002c94   0x08002c94   0x00000018   Code   RO         5943    i.HW_GPIO_IrqHandler  hw_gpio.o
    0x08002cac   0x08002cac   0x00000034   Code   RO         5945    i.HW_GPIO_SetIrq    hw_gpio.o
    0x08002ce0   0x08002ce0   0x0000000a   Code   RO         5946    i.HW_GPIO_Write     hw_gpio.o
    0x08002cea   0x08002cea   0x00000002   PAD
    0x08002cec   0x08002cec   0x00000050   Code   RO         6278    i.HW_GetBatteryLevel  stm32l0xx_hw.o
    0x08002d3c   0x08002d3c   0x00000014   Code   RO         6279    i.HW_GetRandomSeed  stm32l0xx_hw.o
    0x08002d50   0x08002d50   0x00000044   Code   RO         6281    i.HW_GetUniqueId    stm32l0xx_hw.o
    0x08002d94   0x08002d94   0x00000034   Code   RO         6283    i.HW_Init           stm32l0xx_hw.o
    0x08002dc8   0x08002dc8   0x00000026   Code   RO         5992    i.HW_RTC_DelayMs    hw_rtc.o
    0x08002dee   0x08002dee   0x00000002   PAD
    0x08002df0   0x08002df0   0x000000a4   Code   RO         5993    i.HW_RTC_GetCalendarValue  hw_rtc.o
    0x08002e94   0x08002e94   0x00000004   Code   RO         5994    i.HW_RTC_GetMinimumTimeout  hw_rtc.o
    0x08002e98   0x08002e98   0x0000000c   Code   RO         5995    i.HW_RTC_GetTimerContext  hw_rtc.o
    0x08002ea4   0x08002ea4   0x0000001c   Code   RO         5996    i.HW_RTC_GetTimerElapsedTime  hw_rtc.o
    0x08002ec0   0x08002ec0   0x00000010   Code   RO         5997    i.HW_RTC_GetTimerValue  hw_rtc.o
    0x08002ed0   0x08002ed0   0x0000002c   Code   RO         5998    i.HW_RTC_Init       hw_rtc.o
    0x08002efc   0x08002efc   0x00000014   Code   RO         5999    i.HW_RTC_IrqHandler  hw_rtc.o
    0x08002f10   0x08002f10   0x00000044   Code   RO         6000    i.HW_RTC_SetAlarm   hw_rtc.o
    0x08002f54   0x08002f54   0x00000060   Code   RO         6001    i.HW_RTC_SetConfig  hw_rtc.o
    0x08002fb4   0x08002fb4   0x00000018   Code   RO         6002    i.HW_RTC_SetTimerContext  hw_rtc.o
    0x08002fcc   0x08002fcc   0x00000118   Code   RO         6003    i.HW_RTC_StartWakeUpAlarm  hw_rtc.o
    0x080030e4   0x080030e4   0x00000020   Code   RO         6004    i.HW_RTC_StopAlarm  hw_rtc.o
    0x08003104   0x08003104   0x00000010   Code   RO         6005    i.HW_RTC_Tick2ms    hw_rtc.o
    0x08003114   0x08003114   0x00000010   Code   RO         6007    i.HW_RTC_ms2Tick    hw_rtc.o
    0x08003124   0x08003124   0x00000074   Code   RO         6008    i.HW_RTC_setMcuWakeUpTime  hw_rtc.o
    0x08003198   0x08003198   0x00000020   Code   RO         6112    i.HW_SPI_InOut      hw_spi.o
    0x080031b8   0x080031b8   0x00000084   Code   RO         6113    i.HW_SPI_Init       hw_spi.o
    0x0800323c   0x0800323c   0x00000078   Code   RO         6114    i.HW_SPI_IoDeInit   hw_spi.o
    0x080032b4   0x080032b4   0x00000060   Code   RO         6115    i.HW_SPI_IoInit     hw_spi.o
    0x08003314   0x08003314   0x00000004   Code   RO         6380    i.HardFault_Handler  stm32l0xx_it.o
    0x08003318   0x08003318   0x00000084   Code   RO         6862    i.LoRaMacComputeMic  loramaccrypto.o
    0x0800339c   0x0800339c   0x00000218   Code   RO         6634    i.LoRaMacInitialization  loramac.o
    0x080035b4   0x080035b4   0x00000050   Code   RO         6863    i.LoRaMacJoinComputeMic  loramaccrypto.o
    0x08003604   0x08003604   0x00000088   Code   RO         6864    i.LoRaMacJoinComputeSKeys  loramaccrypto.o
    0x0800368c   0x0800368c   0x00000040   Code   RO         6865    i.LoRaMacJoinDecrypt  loramaccrypto.o
    0x080036cc   0x080036cc   0x000000ec   Code   RO         6635    i.LoRaMacMcpsRequest  loramac.o
    0x080037b8   0x080037b8   0x000000d4   Code   RO         6636    i.LoRaMacMibGetRequestConfirm  loramac.o
    0x0800388c   0x0800388c   0x000001a0   Code   RO         6637    i.LoRaMacMibSetRequestConfirm  loramac.o
    0x08003a2c   0x08003a2c   0x00000114   Code   RO         6638    i.LoRaMacMlmeRequest  loramac.o
    0x08003b40   0x08003b40   0x00000010   Code   RO         6866    i.LoRaMacPayloadDecrypt  loramaccrypto.o
    0x08003b50   0x08003b50   0x000000c0   Code   RO         6867    i.LoRaMacPayloadEncrypt  loramaccrypto.o
    0x08003c10   0x08003c10   0x000000bc   Code   RO         6641    i.LoRaMacQueryTxPossible  loramac.o
    0x08003ccc   0x08003ccc   0x00000020   Code   RO         6644    i.LoRaMacTestSetDutyCycleOn  loramac.o
    0x08003cec   0x08003cec   0x00000078   Code   RO         6157    i.LoraRxData        main.o
    0x08003d64   0x08003d64   0x00000006   Code   RO         6158    i.LoraTxData        main.o
    0x08003d6a   0x08003d6a   0x00000002   PAD
    0x08003d6c   0x08003d6c   0x00000018   Code   RO         8734    i.LowPower_Disable  low_power.o
    0x08003d84   0x08003d84   0x00000018   Code   RO         8735    i.LowPower_Enable   low_power.o
    0x08003d9c   0x08003d9c   0x0000000c   Code   RO         8736    i.LowPower_GetState  low_power.o
    0x08003da8   0x08003da8   0x00000024   Code   RO         8737    i.LowPower_Handler  low_power.o
    0x08003dcc   0x08003dcc   0x00000030   Code   RO         6216    i.MSP_GetIRQn       stm32l0xx_hal_msp.o
    0x08003dfc   0x08003dfc   0x0000000c   Code   RO         6555    i.McpsConfirm       lora.o
    0x08003e08   0x08003e08   0x00000174   Code   RO         6556    i.McpsIndication    lora.o
    0x08003f7c   0x08003f7c   0x00000048   Code   RO         6557    i.MlmeConfirm       lora.o
    0x08003fc4   0x08003fc4   0x00000002   Code   RO         6382    i.NMI_Handler       stm32l0xx_it.o
    0x08003fc6   0x08003fc6   0x00000002   PAD
    0x08003fc8   0x08003fc8   0x00000044   Code   RO         3940    i.NVIC_SetPriority  stm32l0xx_hal_cortex.o
    0x0800400c   0x0800400c   0x00000038   Code   RO         6646    i.OnAckTimeoutTimerEvent  loramac.o
    0x08004044   0x08004044   0x00000214   Code   RO         6647    i.OnMacStateCheckTimerEvent  loramac.o
    0x08004258   0x08004258   0x00000474   Code   RO         6648    i.OnRadioRxDone     loramac.o
    0x080046cc   0x080046cc   0x00000048   Code   RO         6649    i.OnRadioRxError    loramac.o
    0x08004714   0x08004714   0x00000048   Code   RO         6650    i.OnRadioRxTimeout  loramac.o
    0x0800475c   0x0800475c   0x00000100   Code   RO         6651    i.OnRadioTxDone     loramac.o
    0x0800485c   0x0800485c   0x0000003c   Code   RO         6652    i.OnRadioTxTimeout  loramac.o
    0x08004898   0x08004898   0x00000058   Code   RO         6653    i.OnRxWindow1TimerEvent  loramac.o
    0x080048f0   0x080048f0   0x0000005c   Code   RO         6654    i.OnRxWindow2TimerEvent  loramac.o
    0x0800494c   0x0800494c   0x0000002c   Code   RO         6558    i.OnSendEvent       lora.o
    0x08004978   0x08004978   0x00000070   Code   RO         6655    i.OnTxDelayedTimerEvent  loramac.o
    0x080049e8   0x080049e8   0x00000014   Code   RO         6559    i.OnTxNextPacketTimerEvent  lora.o
    0x080049fc   0x080049fc   0x00000054   Code   RO         6656    i.ParseMacCommandsToRepeat  loramac.o
    0x08004a50   0x08004a50   0x00000002   Code   RO         6383    i.PendSV_Handler    stm32l0xx_it.o
    0x08004a52   0x08004a52   0x00000002   PAD
    0x08004a54   0x08004a54   0x000002a4   Code   RO         6657    i.PrepareFrame      loramac.o
    0x08004cf8   0x08004cf8   0x0000004c   Code   RO         6658    i.PrepareRxDoneAbort  loramac.o
    0x08004d44   0x08004d44   0x00000070   Code   RO         6560    i.PrepareTxFrame    lora.o
    0x08004db4   0x08004db4   0x000002b0   Code   RO         6659    i.ProcessMacCommands  loramac.o
    0x08005064   0x08005064   0x00000070   Code   RO         3548    i.RCC_SetFlashLatencyFromMSIRange  stm32l0xx_hal_rcc.o
    0x080050d4   0x080050d4   0x00000010   Code   RO         4357    i.RTC_Bcd2ToByte    stm32l0xx_hal_rtc.o
    0x080050e4   0x080050e4   0x00000016   Code   RO         4358    i.RTC_ByteToBcd2    stm32l0xx_hal_rtc.o
    0x080050fa   0x080050fa   0x00000038   Code   RO         4359    i.RTC_EnterInitMode  stm32l0xx_hal_rtc.o
    0x08005132   0x08005132   0x00000008   Code   RO         6384    i.RTC_IRQHandler    stm32l0xx_it.o
    0x0800513a   0x0800513a   0x0000001e   Code   RO         6928    i.RegionAdrNext     region.o
    0x08005158   0x08005158   0x00000012   Code   RO         6929    i.RegionAlternateDr  region.o
    0x0800516a   0x0800516a   0x0000000e   Code   RO         6930    i.RegionApplyCFList  region.o
    0x08005178   0x08005178   0x0000000e   Code   RO         6931    i.RegionCalcBackOff  region.o
    0x08005186   0x08005186   0x00000012   Code   RO         6932    i.RegionChanMaskSet  region.o
    0x08005198   0x08005198   0x00000026   Code   RO         7694    i.RegionCommonChanDisable  regioncommon.o
    0x080051be   0x080051be   0x0000001e   Code   RO         7695    i.RegionCommonChanMaskCopy  regioncommon.o
    0x080051dc   0x080051dc   0x00000060   Code   RO         7696    i.RegionCommonChanVerifyDr  regioncommon.o
    0x0800523c   0x0800523c   0x00000044   Code   RO         7697    i.RegionCommonCountChannels  regioncommon.o
    0x08005280   0x08005280   0x00000028   Code   RO         7698    i.RegionCommonGetJoinDc  regioncommon.o
    0x080052a8   0x080052a8   0x00000036   Code   RO         7699    i.RegionCommonParseLinkAdrReq  regioncommon.o
    0x080052de   0x080052de   0x00000004   Code   RO         7700    i.RegionCommonSetBandTxDone  regioncommon.o
    0x080052e2   0x080052e2   0x00000076   Code   RO         7701    i.RegionCommonUpdateBandTimeOff  regioncommon.o
    0x08005358   0x08005358   0x00000010   Code   RO         7702    i.RegionCommonValueInRange  regioncommon.o
    0x08005368   0x08005368   0x00000012   Code   RO         6935    i.RegionDlChannelReq  region.o
    0x0800537a   0x0800537a   0x00000002   PAD
    0x0800537c   0x0800537c   0x0000005c   Code   RO         7920    i.RegionEU868AdrNext  regioneu868.o
    0x080053d8   0x080053d8   0x00000040   Code   RO         7921    i.RegionEU868AlternateDr  regioneu868.o
    0x08005418   0x08005418   0x00000064   Code   RO         7922    i.RegionEU868ApplyCFList  regioneu868.o
    0x0800547c   0x0800547c   0x0000005c   Code   RO         7923    i.RegionEU868CalcBackOff  regioneu868.o
    0x080054d8   0x080054d8   0x0000002c   Code   RO         7924    i.RegionEU868ChanMaskSet  regioneu868.o
    0x08005504   0x08005504   0x000000dc   Code   RO         7925    i.RegionEU868ChannelAdd  regioneu868.o
    0x080055e0   0x080055e0   0x00000030   Code   RO         7926    i.RegionEU868ChannelsRemove  regioneu868.o
    0x08005610   0x08005610   0x0000003c   Code   RO         7927    i.RegionEU868DlChannelReq  regioneu868.o
    0x0800564c   0x0800564c   0x000000ac   Code   RO         7928    i.RegionEU868GetPhyParam  regioneu868.o
    0x080056f8   0x080056f8   0x00000050   Code   RO         7929    i.RegionEU868InitDefaults  regioneu868.o
    0x08005748   0x08005748   0x00000118   Code   RO         7930    i.RegionEU868LinkAdrReq  regioneu868.o
    0x08005860   0x08005860   0x00000048   Code   RO         7931    i.RegionEU868NewChannelReq  regioneu868.o
    0x080058a8   0x080058a8   0x000000b4   Code   RO         7932    i.RegionEU868NextChannel  regioneu868.o
    0x0800595c   0x0800595c   0x0000010c   Code   RO         7933    i.RegionEU868RxConfig  regioneu868.o
    0x08005a68   0x08005a68   0x00000044   Code   RO         7934    i.RegionEU868RxParamSetupReq  regioneu868.o
    0x08005aac   0x08005aac   0x00000028   Code   RO         7935    i.RegionEU868SetBandTxDone  regioneu868.o
    0x08005ad4   0x08005ad4   0x0000002c   Code   RO         7936    i.RegionEU868SetContinuousWave  regioneu868.o
    0x08005b00   0x08005b00   0x000000b8   Code   RO         7937    i.RegionEU868TxConfig  regioneu868.o
    0x08005bb8   0x08005bb8   0x00000006   Code   RO         7938    i.RegionEU868TxParamSetupReq  regioneu868.o
    0x08005bbe   0x08005bbe   0x00000048   Code   RO         7939    i.RegionEU868Verify  regioneu868.o
    0x08005c06   0x08005c06   0x0000000e   Code   RO         6936    i.RegionGetPhyParam  region.o
    0x08005c14   0x08005c14   0x0000000e   Code   RO         6937    i.RegionInitDefaults  region.o
    0x08005c22   0x08005c22   0x0000000c   Code   RO         6938    i.RegionIsActive    region.o
    0x08005c2e   0x08005c2e   0x00000022   Code   RO         6939    i.RegionLinkAdrReq  region.o
    0x08005c50   0x08005c50   0x00000012   Code   RO         6940    i.RegionNewChannelReq  region.o
    0x08005c62   0x08005c62   0x0000001a   Code   RO         6941    i.RegionNextChannel  region.o
    0x08005c7c   0x08005c7c   0x00000016   Code   RO         6942    i.RegionRxConfig    region.o
    0x08005c92   0x08005c92   0x00000012   Code   RO         6943    i.RegionRxParamSetupReq  region.o
    0x08005ca4   0x08005ca4   0x0000000e   Code   RO         6944    i.RegionSetBandTxDone  region.o
    0x08005cb2   0x08005cb2   0x0000000e   Code   RO         6945    i.RegionSetContinuousWave  region.o
    0x08005cc0   0x08005cc0   0x0000001a   Code   RO         6946    i.RegionTxConfig    region.o
    0x08005cda   0x08005cda   0x00000012   Code   RO         6947    i.RegionTxParamSetupReq  region.o
    0x08005cec   0x08005cec   0x00000016   Code   RO         6948    i.RegionVerify      region.o
    0x08005d02   0x08005d02   0x00000002   PAD
    0x08005d04   0x08005d04   0x0000008c   Code   RO         6660    i.ResetMacParameters  loramac.o
    0x08005d90   0x08005d90   0x00000094   Code   RO         2503    i.RxChainCalibration  sx1276.o
    0x08005e24   0x08005e24   0x00000018   Code   RO         6661    i.RxWindowSetup     loramac.o
    0x08005e3c   0x08005e3c   0x000000b2   Code   RO         2815    i.SPI_WaitOnFlagUntilTimeout  stm32l0xx_hal_spi.o
    0x08005eee   0x08005eee   0x00000002   Code   RO         6385    i.SVC_Handler       stm32l0xx_it.o
    0x08005ef0   0x08005ef0   0x00000004   Code   RO         2387    i.SX1276CheckRfFrequency  sx1276mb1mas.o
    0x08005ef4   0x08005ef4   0x0000000c   Code   RO         2504    i.SX1276GetStatus   sx1276.o
    0x08005f00   0x08005f00   0x000001e4   Code   RO         2505    i.SX1276GetTimeOnAir  sx1276.o
    0x080060e4   0x080060e4   0x0000007c   Code   RO         2506    i.SX1276Init        sx1276.o
    0x08006160   0x08006160   0x0000004c   Code   RO         2389    i.SX1276IoDeInit    sx1276mb1mas.o
    0x080061ac   0x080061ac   0x00000054   Code   RO         2390    i.SX1276IoInit      sx1276mb1mas.o
    0x08006200   0x08006200   0x00000040   Code   RO         2391    i.SX1276IoIrqInit   sx1276mb1mas.o
    0x08006240   0x08006240   0x00000036   Code   RO         2507    i.SX1276IsChannelFree  sx1276.o
    0x08006276   0x08006276   0x00000002   PAD
    0x08006278   0x08006278   0x0000025c   Code   RO         2508    i.SX1276OnDio0Irq   sx1276.o
    0x080064d4   0x080064d4   0x000000d8   Code   RO         2509    i.SX1276OnDio1Irq   sx1276.o
    0x080065ac   0x080065ac   0x000000b4   Code   RO         2510    i.SX1276OnDio2Irq   sx1276.o
    0x08006660   0x08006660   0x00000054   Code   RO         2511    i.SX1276OnDio3Irq   sx1276.o
    0x080066b4   0x080066b4   0x0000001c   Code   RO         2512    i.SX1276OnDio4Irq   sx1276.o
    0x080066d0   0x080066d0   0x00000084   Code   RO         2514    i.SX1276OnTimeoutIrq  sx1276.o
    0x08006754   0x08006754   0x0000003e   Code   RO         2515    i.SX1276Random      sx1276.o
    0x08006792   0x08006792   0x00000010   Code   RO         2516    i.SX1276Read        sx1276.o
    0x080067a2   0x080067a2   0x00000002   PAD
    0x080067a4   0x080067a4   0x00000040   Code   RO         2517    i.SX1276ReadBuffer  sx1276.o
    0x080067e4   0x080067e4   0x0000000e   Code   RO         2518    i.SX1276ReadFifo    sx1276.o
    0x080067f2   0x080067f2   0x00000002   PAD
    0x080067f4   0x080067f4   0x00000044   Code   RO         2519    i.SX1276ReadRssi    sx1276.o
    0x08006838   0x08006838   0x0000004c   Code   RO         2520    i.SX1276Reset       sx1276.o
    0x08006884   0x08006884   0x000000ec   Code   RO         2521    i.SX1276Send        sx1276.o
    0x08006970   0x08006970   0x0000001c   Code   RO         2392    i.SX1276SetAntSw    sx1276mb1mas.o
    0x0800698c   0x0800698c   0x00000044   Code   RO         2393    i.SX1276SetAntSwLowPower  sx1276mb1mas.o
    0x080069d0   0x080069d0   0x00000050   Code   RO         2522    i.SX1276SetChannel  sx1276.o
    0x08006a20   0x08006a20   0x00000030   Code   RO         2523    i.SX1276SetMaxPayloadLength  sx1276.o
    0x08006a50   0x08006a50   0x00000060   Code   RO         2524    i.SX1276SetModem    sx1276.o
    0x08006ab0   0x08006ab0   0x0000002e   Code   RO         2525    i.SX1276SetOpMode   sx1276.o
    0x08006ade   0x08006ade   0x00000090   Code   RO         2394    i.SX1276SetRfTxPower  sx1276mb1mas.o
    0x08006b6e   0x08006b6e   0x00000002   PAD
    0x08006b70   0x08006b70   0x00000264   Code   RO         2526    i.SX1276SetRx       sx1276.o
    0x08006dd4   0x08006dd4   0x00000248   Code   RO         2527    i.SX1276SetRxConfig  sx1276.o
    0x0800701c   0x0800701c   0x00000024   Code   RO         2528    i.SX1276SetSleep    sx1276.o
    0x08007040   0x08007040   0x00000024   Code   RO         2529    i.SX1276SetStby     sx1276.o
    0x08007064   0x08007064   0x00000014   Code   RO         2530    i.SX1276SetSyncWord  sx1276.o
    0x08007078   0x08007078   0x000000a4   Code   RO         2531    i.SX1276SetTx       sx1276.o
    0x0800711c   0x0800711c   0x000001f0   Code   RO         2532    i.SX1276SetTxConfig  sx1276.o
    0x0800730c   0x0800730c   0x00000090   Code   RO         2533    i.SX1276SetTxContinuousWave  sx1276.o
    0x0800739c   0x0800739c   0x00000038   Code   RO         2534    i.SX1276StartCad    sx1276.o
    0x080073d4   0x080073d4   0x0000000c   Code   RO         2535    i.SX1276Write       sx1276.o
    0x080073e0   0x080073e0   0x00000040   Code   RO         2536    i.SX1276WriteBuffer  sx1276.o
    0x08007420   0x08007420   0x0000000e   Code   RO         2537    i.SX1276WriteFifo   sx1276.o
    0x0800742e   0x0800742e   0x00000002   PAD
    0x08007430   0x08007430   0x00000088   Code   RO         6662    i.ScheduleTx        loramac.o
    0x080074b8   0x080074b8   0x00000040   Code   RO         6663    i.Send              loramac.o
    0x080074f8   0x080074f8   0x0000006c   Code   RO         6561    i.SendFrame         lora.o
    0x08007564   0x08007564   0x00000090   Code   RO         6664    i.SendFrameOnChannel  loramac.o
    0x080075f4   0x080075f4   0x00000028   Code   RO         6665    i.SetPublicNetwork  loramac.o
    0x0800761c   0x0800761c   0x00000050   Code   RO         6666    i.SetTxContinuousWave  loramac.o
    0x0800766c   0x0800766c   0x00000008   Code   RO         6386    i.SysTick_Handler   stm32l0xx_it.o
    0x08007674   0x08007674   0x0000008c   Code   RO         6284    i.SystemClock_Config  stm32l0xx_hw.o
    0x08007700   0x08007700   0x00000054   Code   RO         2744    i.SystemInit        system_stm32l0xx.o
    0x08007754   0x08007754   0x0000000c   Code   RO         8774    i.TimerGetCurrentTime  timeserver.o
    0x08007760   0x08007760   0x00000018   Code   RO         8775    i.TimerGetElapsedTime  timeserver.o
    0x08007778   0x08007778   0x0000000e   Code   RO         8776    i.TimerInit         timeserver.o
    0x08007786   0x08007786   0x00000002   PAD
    0x08007788   0x08007788   0x0000001c   Code   RO         8777    i.TimerInsertNewHeadTimer  timeserver.o
    0x080077a4   0x080077a4   0x00000078   Code   RO         8778    i.TimerIrqHandler   timeserver.o
    0x0800781c   0x0800781c   0x0000002c   Code   RO         8780    i.TimerSetTimeout   timeserver.o
    0x08007848   0x08007848   0x00000022   Code   RO         8781    i.TimerSetValue     timeserver.o
    0x0800786a   0x0800786a   0x00000002   PAD
    0x0800786c   0x0800786c   0x00000070   Code   RO         8782    i.TimerStart        timeserver.o
    0x080078dc   0x080078dc   0x00000060   Code   RO         8783    i.TimerStop         timeserver.o
    0x0800793c   0x0800793c   0x000000ca   Code   RO         3051    i.UART_AdvFeatureConfig  stm32l0xx_hal_uart.o
    0x08007a06   0x08007a06   0x00000002   PAD
    0x08007a08   0x08007a08   0x00000060   Code   RO         3052    i.UART_CheckIdleState  stm32l0xx_hal_uart.o
    0x08007a68   0x08007a68   0x0000021c   Code   RO         3066    i.UART_SetConfig    stm32l0xx_hal_uart.o
    0x08007c84   0x08007c84   0x00000062   Code   RO         3068    i.UART_WaitOnFlagUntilTimeout  stm32l0xx_hal_uart.o
    0x08007ce6   0x08007ce6   0x00000008   Code   RO         6387    i.USART2_IRQHandler  stm32l0xx_it.o
    0x08007cee   0x08007cee   0x00000002   PAD
    0x08007cf0   0x08007cf0   0x00000040   Code   RO         6667    i.ValidatePayloadLength  loramac.o
    0x08007d30   0x08007d30   0x00000098   Code   RO         7940    i.VerifyTxFreq      regioneu868.o
    0x08007dc8   0x08007dc8   0x00000024   Code   RO         9267    i.__0vsprintf       mc_p.l(printfa.o)
    0x08007dec   0x08007dec   0x0000002e   Code   RO         9349    i.__ARM_clz         mf_p.l(depilogue.o)
    0x08007e1a   0x08007e1a   0x00000030   Code   RO         6100    i.__ARM_common_ll_muluu  hw_rtc.o
    0x08007e4a   0x08007e4a   0x0000001a   Code   RO          394    i.__ARM_common_switch8  hts221_driver_hl.o
    0x08007e64   0x08007e64   0x0000000e   Code   RO         9363    i.__scatterload_copy  mc_p.l(handlers.o)
    0x08007e72   0x08007e72   0x00000002   Code   RO         9364    i.__scatterload_null  mc_p.l(handlers.o)
    0x08007e74   0x08007e74   0x0000000e   Code   RO         9365    i.__scatterload_zeroinit  mc_p.l(handlers.o)
    0x08007e82   0x08007e82   0x00000002   PAD
    0x08007e84   0x08007e84   0x00000174   Code   RO         9268    i._fp_digits        mc_p.l(printfa.o)
    0x08007ff8   0x08007ff8   0x000006f0   Code   RO         9269    i._printf_core      mc_p.l(printfa.o)
    0x080086e8   0x080086e8   0x00000020   Code   RO         9270    i._printf_post_padding  mc_p.l(printfa.o)
    0x08008708   0x08008708   0x0000002c   Code   RO         9271    i._printf_pre_padding  mc_p.l(printfa.o)
    0x08008734   0x08008734   0x0000000a   Code   RO         9273    i._sputc            mc_p.l(printfa.o)
    0x0800873e   0x0800873e   0x00000054   Code   RO         8915    i.aes_encrypt       aes.o
    0x08008792   0x08008792   0x00000002   PAD
    0x08008794   0x08008794   0x000000fc   Code   RO         8916    i.aes_set_key       aes.o
    0x08008890   0x08008890   0x000000c8   Code   RO         9004    i.ceil              m_ps.l(ceil.o)
    0x08008958   0x08008958   0x00000084   Code   RO         8917    i.copy_and_key      aes.o
    0x080089dc   0x080089dc   0x00000042   Code   RO         8918    i.copy_block        aes.o
    0x08008a1e   0x08008a1e   0x00000002   PAD
    0x08008a20   0x08008a20   0x000000c8   Code   RO         9008    i.floor             m_ps.l(floor.o)
    0x08008ae8   0x08008ae8   0x000000cc   Code   RO         6562    i.lora_Init         lora.o
    0x08008bb4   0x08008bb4   0x00000120   Code   RO         6563    i.lora_fsm          lora.o
    0x08008cd4   0x08008cd4   0x0000000c   Code   RO         6564    i.lora_getDeviceState  lora.o
    0x08008ce0   0x08008ce0   0x00000050   Code   RO         6159    i.main              main.o
    0x08008d30   0x08008d30   0x00000016   Code   RO         8859    i.memcpy1           utilities.o
    0x08008d46   0x08008d46   0x0000001a   Code   RO         8860    i.memcpyr           utilities.o
    0x08008d60   0x08008d60   0x00000012   Code   RO         8861    i.memset1           utilities.o
    0x08008d72   0x08008d72   0x00000002   PAD
    0x08008d74   0x08008d74   0x00000218   Code   RO         8919    i.mix_sub_columns   aes.o
    0x08008f8c   0x08008f8c   0x0000002c   Code   RO         8862    i.rand1             utilities.o
    0x08008fb8   0x08008fb8   0x00000016   Code   RO         8863    i.randr             utilities.o
    0x08008fce   0x08008fce   0x00000002   PAD
    0x08008fd0   0x08008fd0   0x0000009c   Code   RO         9011    i.round             m_ps.l(round.o)
    0x0800906c   0x0800906c   0x00000068   Code   RO         8920    i.shift_sub_rows    aes.o
    0x080090d4   0x080090d4   0x0000000c   Code   RO         8864    i.srand1            utilities.o
    0x080090e0   0x080090e0   0x00000044   Code   RO         6479    i.vcom_Init         vcom.o
    0x08009124   0x08009124   0x00000054   Code   RO         6480    i.vcom_IoDeInit     vcom.o
    0x08009178   0x08009178   0x0000005c   Code   RO         6481    i.vcom_IoInit       vcom.o
    0x080091d4   0x080091d4   0x00000054   Code   RO         6482    i.vcom_Print        vcom.o
    0x08009228   0x08009228   0x0000007c   Code   RO         6483    i.vcom_Send         vcom.o
    0x080092a4   0x080092a4   0x00000082   Code   RO         8921    i.xor_block         aes.o
    0x08009326   0x08009326   0x00000006   Data   RO         2228    .constdata          stm32l0xx_nucleo.o
    0x0800932c   0x0800932c   0x00000064   Data   RO         2395    .constdata          sx1276mb1mas.o
    0x08009390   0x08009390   0x000000e0   Data   RO         2539    .constdata          sx1276.o
    0x08009470   0x08009470   0x00000019   Data   RO         2745    .constdata          system_stm32l0xx.o
    0x08009489   0x08009489   0x00000008   Data   RO         2746    .constdata          system_stm32l0xx.o
    0x08009491   0x08009491   0x00000018   Data   RO         6010    .constdata          hw_rtc.o
    0x080094a9   0x080094a9   0x00000010   Data   RO         6669    .constdata          loramac.o
    0x080094b9   0x080094b9   0x00000003   PAD
    0x080094bc   0x080094bc   0x00000044   Data   RO         7942    .constdata          regioneu868.o
    0x08009500   0x08009500   0x00000300   Data   RO         8922    .constdata          aes.o
    0x08009800   0x08009800   0x00000020   Data   RO         9361    Region$$Table       anon$$obj.o


    Execution Region RW_IRAM1 (Exec base: 0x20000000, Load base: 0x08009820, Size: 0x00001198, Max: 0x00002000, ABSOLUTE, COMPRESSED[0x00000074])

    Exec Addr    Load Addr    Size         Type   Attr      Idx    E Section Name        Object

    0x20000000   COMPRESSED   0x00000014   Data   RW         2229    .data               stm32l0xx_nucleo.o
    0x20000014   COMPRESSED   0x00000001   Data   RW         2396    .data               sx1276mb1mas.o
    0x20000015   COMPRESSED   0x00000003   PAD
    0x20000018   COMPRESSED   0x0000001c   Data   RW         2540    .data               sx1276.o
    0x20000034   COMPRESSED   0x00000004   Data   RW         2747    .data               system_stm32l0xx.o
    0x20000038   COMPRESSED   0x00000004   Data   RW         3785    .data               stm32l0xx_hal.o
    0x2000003c   COMPRESSED   0x00000004   Data   RW         6011    .data               hw_rtc.o
    0x20000040   COMPRESSED   0x00000024   Data   RW         6161    .data               main.o
    0x20000064   COMPRESSED   0x00000002   Data   RW         6286    .data               stm32l0xx_hw.o
    0x20000066   COMPRESSED   0x00000004   Data   RW         6486    .data               vcom.o
    0x2000006a   COMPRESSED   0x00000002   PAD
    0x2000006c   COMPRESSED   0x00000038   Data   RW         6567    .data               lora.o
    0x200000a4   COMPRESSED   0x00000068   Data   RW         6670    .data               loramac.o
    0x2000010c   COMPRESSED   0x00000020   Data   RW         6869    .data               loramaccrypto.o
    0x2000012c   COMPRESSED   0x00000040   Data   RW         7943    .data               regioneu868.o
    0x2000016c   COMPRESSED   0x00000004   Data   RW         8738    .data               low_power.o
    0x20000170   COMPRESSED   0x00000004   Data   RW         8784    .data               timeserver.o
    0x20000174   COMPRESSED   0x00000004   Data   RW         8865    .data               utilities.o
    0x20000178        -       0x0000019c   Zero   RW         2538    .bss                sx1276.o
    0x20000314        -       0x00000040   Zero   RW         5947    .bss                hw_gpio.o
    0x20000354        -       0x00000068   Zero   RW         6009    .bss                hw_rtc.o
    0x200003bc        -       0x00000058   Zero   RW         6116    .bss                hw_spi.o
    0x20000414        -       0x00000060   Zero   RW         6285    .bss                stm32l0xx_hw.o
    0x20000474        -       0x00000170   Zero   RW         6485    .bss                vcom.o
    0x200005e4        -       0x00000040   Zero   RW         6565    .bss                lora.o
    0x20000624        -       0x00000040   Zero   RW         6566    .bss                lora.o
    0x20000664        -       0x00000444   Zero   RW         6668    .bss                loramac.o
    0x20000aa8        -       0x0000022c   Zero   RW         6868    .bss                loramaccrypto.o
    0x20000cd4        -       0x000000c0   Zero   RW         7941    .bss                regioneu868.o
    0x20000d94   COMPRESSED   0x00000004   PAD
    0x20000d98        -       0x00000400   Zero   RW         5874    STACK               startup_stm32l053xx.o

