<html>
<body>
<pre>
<h1>礦ision Build Log</h1>
<h2>Tool Versions:</h2>
IDE-Version: μVision V5.35.0.0
Copyright (C) 2021 ARM Ltd and ARM Germany GmbH. All rights reserved.
License Information: Jichao Leng, USYD, LIC=ATTQ1-CM38Z-GK5BG-VFHG9-51IVB-7HPER
 
Tool Versions:
Toolchain:       MDK-ARM Plus  Version: 5.35.0.2
Toolchain Path:  D:\Keil_v5\ARM\ARMCC\Bin
C Compiler:      Armcc.exe V5.06 update 7 (build 960)
Assembler:       Armasm.exe V5.06 update 7 (build 960)
Linker/Locator:  ArmLink.exe V5.06 update 7 (build 960)
Library Manager: ArmAr.exe V5.06 update 7 (build 960)
Hex Converter:   FromElf.exe V5.06 update 7 (build 960)
CPU DLL:         SARMCM3.DLL V5.35.0.2
Dialog DLL:      DARMCM1.DLL V1.19.4.0
Target DLL:      STLink\ST-LINKIII-KEIL_SWO.dll V3.0.9.0
Dialog DLL:      TARMCM1.DLL V1.14.4.0
 
<h2>Project:</h2>
G:\下载文件临时保存\Lab5 LoRaWAN and Gateway\Source Code\Lab5_Lora\Projects\Multi\Applications\LoRa\End_Node\MDK-ARM\STM32L073RZ-Nucleo\Lora.uvprojx
Project File Date:  09/17/2021

<h2>Output:</h2>
*** Using Compiler 'V5.06 update 7 (build 960)', folder: 'D:\Keil_v5\ARM\ARMCC\Bin'
Build target 'sx1272mb2das'
compiling HTS221_Driver.c...
compiling LPS25HB_Driver_HL.c...
compiling HTS221_Driver_HL.c...
compiling LPS25HB_Driver.c...
compiling LPS22HB_Driver_HL.c...
compiling LPS22HB_Driver.c...
compiling x_nucleo_iks01a1.c...
compiling x_nucleo_iks01a1_humidity.c...
compiling x_nucleo_iks01a1_temperature.c...
compiling stm32l0xx_nucleo.c...
compiling x_nucleo_iks01a1_pressure.c...
compiling sx1272.c...
compiling sx1272mb2das.c...
compiling system_stm32l0xx.c...
compiling stm32l0xx_hal_spi.c...
compiling stm32l0xx_hal_uart.c...
compiling stm32l0xx_hal.c...
compiling stm32l0xx_hal_adc.c...
compiling stm32l0xx_hal_rcc_ex.c...
compiling stm32l0xx_hal_rcc.c...
compiling stm32l0xx_hal_cortex.c...
compiling stm32l0xx_hal_gpio.c...
compiling stm32l0xx_hal_pwr_ex.c...
compiling stm32l0xx_hal_pwr.c...
compiling stm32l0xx_hal_dma.c...
compiling stm32l0xx_hal_rtc.c...
assembling startup_stm32l073xx.s...
compiling stm32l0xx_hal_rtc_ex.c...
compiling stm32l0xx_hal_tim_ex.c...
compiling stm32l0xx_hal_tim.c...
compiling stm32l0xx_hal_adc_ex.c...
compiling stm32l0xx_hal_uart_ex.c...
compiling debug.c...
compiling stm32l0xx_hal_i2c.c...
compiling bsp.c...
compiling hw_gpio.c...
compiling hw_rtc.c...
compiling hw_spi.c...
compiling main.c...
compiling stm32l0xx_hal_msp.c...
compiling stm32l0xx_it.c...
compiling stm32l0xx_hw.c...
compiling lora.c...
compiling vcom.c...
compiling LoRaMac.c...
compiling LoRaMacCrypto.c...
compiling RegionCommon.c...
compiling RegionEU433.c...
compiling RegionAS923.c...
compiling Region.c...
compiling RegionAU915.c...
compiling RegionCN779.c...
compiling RegionCN470.c...
compiling low_power.c...
compiling delay.c...
compiling RegionKR920.c...
compiling RegionUS915.c...
compiling RegionUS915-Hybrid.c...
compiling RegionEU868.c...
compiling RegionIN865.c...
compiling aes.c...
compiling cmac.c...
compiling utilities.c...
compiling timeServer.c...
linking...
Program Size: Code=36546 RO-data=1478 RW-data=320 ZI-data=4832  
FromELF: creating hex file...
".\sx1272mb2das\NUCLEO_CUBE_LORA.axf" - 0 Error(s), 0 Warning(s).

<h2>Software Packages used:</h2>

Package Vendor: Keil
                http://www.keil.com/pack/Keil.STM32L0xx_DFP.2.0.1.pack
                Keil.STM32L0xx_DFP.2.0.1
                STMicroelectronics STM32L0 Series Device Support, Drivers and Examples

<h2>Collection of Component include folders:</h2>
  D:\Keil_v5\Packs\Keil\STM32L0xx_DFP\2.0.1\Drivers\CMSIS\Device\ST\STM32L0xx\Include

<h2>Collection of Component Files used:</h2>
Build Time Elapsed:  00:00:46
</pre>
</body>
</html>
